BEGIN address=0x0 file=/Users/mac/Desktop/2/firmware/esp32_voice_idf/build-p1/bootloader/bootloader.bin attempt=1
esptool.py v4.12.0
Serial port /dev/cu.usbmodem101
Connecting...
Chip is ESP32-S3 (QFN56) (revision v0.2)
Features: WiFi, BLE, Embedded PSRAM 8MB (AP_3v3)
Crystal is 40MHz
USB mode: USB-Serial/JTAG
MAC: 28:84:85:a4:ef:1c
Uploading stub...
Running stub...
Stub running...
Configuring flash size...
Flash will be erased from 0x00000000 to 0x00005fff...
Writing at 0x00000000... (50 %)
Writing at 0x00004000... (100 %)
Wrote 32768 bytes at 0x00000000 in 0.2 seconds (1224.7 kbit/s)...
Hash of data verified.

Leaving...
Staying in bootloader.
PASS address=0x0 attempt=1
BEGIN address=0x8000 file=/Users/mac/Desktop/2/firmware/esp32_voice_idf/build-p1/partition_table/partition-table.bin attempt=1
esptool.py v4.12.0
Serial port /dev/cu.usbmodem101
Connecting...
Chip is ESP32-S3 (QFN56) (revision v0.2)
Features: WiFi, BLE, Embedded PSRAM 8MB (AP_3v3)
Crystal is 40MHz
USB mode: USB-Serial/JTAG
MAC: 28:84:85:a4:ef:1c
Uploading stub...
Running stub...
Stub running...
Configuring flash size...
Flash will be erased from 0x00008000 to 0x00008fff...
Writing at 0x00008000... (100 %)
Wrote 16384 bytes at 0x00008000 in 0.1 seconds (1386.5 kbit/s)...
Hash of data verified.

Leaving...
Staying in bootloader.
PASS address=0x8000 attempt=1
BEGIN address=0x10000 file=/tmp/sesame-segmented-flash.NVZilx/chunk.bin attempt=1
esptool.py v4.12.0
Serial port /dev/cu.usbmodem101
Connecting...
Chip is ESP32-S3 (QFN56) (revision v0.2)
Features: WiFi, BLE, Embedded PSRAM 8MB (AP_3v3)
Crystal is 40MHz
USB mode: USB-Serial/JTAG
MAC: 28:84:85:a4:ef:1c
Uploading stub...
Running stub...
Stub running...
Configuring flash size...
Flash will be erased from 0x00010000 to 0x00013fff...
Writing at 0x00010000... (100 %)
Wrote 16384 bytes at 0x00010000 in 0.2 seconds (750.1 kbit/s)...
Hash of data verified.

Leaving...
Staying in bootloader.
PASS address=0x10000 attempt=1
BEGIN address=0x14000 file=/tmp/sesame-segmented-flash.NVZilx/chunk.bin attempt=1
esptool.py v4.12.0
Serial port /dev/cu.usbmodem101
Connecting...
Chip is ESP32-S3 (QFN56) (revision v0.2)
Features: WiFi, BLE, Embedded PSRAM 8MB (AP_3v3)
Crystal is 40MHz
USB mode: USB-Serial/JTAG
MAC: 28:84:85:a4:ef:1c
Uploading stub...
Running stub...
Stub running...
Configuring flash size...
Flash will be erased from 0x00014000 to 0x00017fff...
Writing at 0x00014000... (100 %)
Wrote 16384 bytes at 0x00014000 in 0.2 seconds (763.0 kbit/s)...
Hash of data verified.

Leaving...
Staying in bootloader.
PASS address=0x14000 attempt=1
BEGIN address=0x18000 file=/tmp/sesame-segmented-flash.NVZilx/chunk.bin attempt=1
esptool.py v4.12.0
Serial port /dev/cu.usbmodem101
Connecting...

A serial exception error occurred: Could not configure port: (6, 'Device not configured')
Note: This error originates from pySerial. It is likely not a problem with esptool, but with the hardware connection or drivers.
For troubleshooting steps visit: https://docs.espressif.com/projects/esptool/en/latest/troubleshooting.html
RETRY address=0x18000 attempt=1 rc=1
BEGIN address=0x18000 file=/tmp/sesame-segmented-flash.NVZilx/chunk.bin attempt=2
esptool.py v4.12.0
Serial port /dev/cu.usbmodem101
Connecting...
Chip is ESP32-S3 (QFN56) (revision v0.2)
Features: WiFi, BLE, Embedded PSRAM 8MB (AP_3v3)
Crystal is 40MHz
USB mode: USB-Serial/JTAG
MAC: 28:84:85:a4:ef:1c
Uploading stub...
Running stub...
Stub running...
Configuring flash size...
Flash will be erased from 0x00018000 to 0x0001bfff...
Writing at 0x00018000... (100 %)
Wrote 16384 bytes at 0x00018000 in 0.2 seconds (741.9 kbit/s)...

A serial exception error occurred: Could not configure port: (6, 'Device not configured')
Note: This error originates from pySerial. It is likely not a problem with esptool, but with the hardware connection or drivers.
For troubleshooting steps visit: https://docs.espressif.com/projects/esptool/en/latest/troubleshooting.html
RETRY address=0x18000 attempt=2 rc=1
BEGIN address=0x18000 file=/tmp/sesame-segmented-flash.NVZilx/chunk.bin attempt=3
esptool.py v4.12.0
Serial port /dev/cu.usbmodem101
Connecting...
Chip is ESP32-S3 (QFN56) (revision v0.2)
Features: WiFi, BLE, Embedded PSRAM 8MB (AP_3v3)
Crystal is 40MHz
USB mode: USB-Serial/JTAG
MAC: 28:84:85:a4:ef:1c
Uploading stub...
Running stub...
Stub running...
Configuring flash size...
Flash will be erased from 0x00018000 to 0x0001bfff...
Writing at 0x00018000... (100 %)
Wrote 16384 bytes at 0x00018000 in 0.2 seconds (750.2 kbit/s)...
Hash of data verified.

Leaving...
Staying in bootloader.
PASS address=0x18000 attempt=3
BEGIN address=0x1c000 file=/tmp/sesame-segmented-flash.NVZilx/chunk.bin attempt=1
esptool.py v4.12.0
Serial port /dev/cu.usbmodem101
Connecting...
Chip is ESP32-S3 (QFN56) (revision v0.2)
Features: WiFi, BLE, Embedded PSRAM 8MB (AP_3v3)
Crystal is 40MHz
USB mode: USB-Serial/JTAG
MAC: 28:84:85:a4:ef:1c
Uploading stub...
Running stub...
Stub running...
Configuring flash size...
Flash will be erased from 0x0001c000 to 0x0001ffff...
Writing at 0x0001c000... (100 %)
Wrote 16384 bytes at 0x0001c000 in 0.2 seconds (753.0 kbit/s)...
Hash of data verified.

Leaving...
Staying in bootloader.
PASS address=0x1c000 attempt=1
BEGIN address=0x20000 file=/tmp/sesame-segmented-flash.NVZilx/chunk.bin attempt=1
esptool.py v4.12.0
Serial port /dev/cu.usbmodem101
Connecting...
Chip is ESP32-S3 (QFN56) (revision v0.2)
Features: WiFi, BLE, Embedded PSRAM 8MB (AP_3v3)
Crystal is 40MHz
USB mode: USB-Serial/JTAG
MAC: 28:84:85:a4:ef:1c
Uploading stub...
Running stub...
Stub running...
Configuring flash size...
Flash will be erased from 0x00020000 to 0x00023fff...
Writing at 0x00020000... (100 %)
Wrote 16384 bytes at 0x00020000 in 0.2 seconds (757.2 kbit/s)...
Hash of data verified.

Leaving...
Staying in bootloader.
PASS address=0x20000 attempt=1
BEGIN address=0x24000 file=/tmp/sesame-segmented-flash.NVZilx/chunk.bin attempt=1
esptool.py v4.12.0
Serial port /dev/cu.usbmodem101
Connecting...
Chip is ESP32-S3 (QFN56) (revision v0.2)
Features: WiFi, BLE, Embedded PSRAM 8MB (AP_3v3)
Crystal is 40MHz
USB mode: USB-Serial/JTAG
MAC: 28:84:85:a4:ef:1c
Uploading stub...
Running stub...
Stub running...
Configuring flash size...
Flash will be erased from 0x00024000 to 0x00027fff...
Writing at 0x00024000... (100 %)
Wrote 16384 bytes at 0x00024000 in 0.2 seconds (755.1 kbit/s)...
Hash of data verified.

Leaving...
Staying in bootloader.
PASS address=0x24000 attempt=1
BEGIN address=0x28000 file=/tmp/sesame-segmented-flash.NVZilx/chunk.bin attempt=1
esptool.py v4.12.0
Serial port /dev/cu.usbmodem101
Connecting...
Chip is ESP32-S3 (QFN56) (revision v0.2)
Features: WiFi, BLE, Embedded PSRAM 8MB (AP_3v3)
Crystal is 40MHz
USB mode: USB-Serial/JTAG
MAC: 28:84:85:a4:ef:1c
Uploading stub...
Running stub...
Stub running...
Configuring flash size...
Flash will be erased from 0x00028000 to 0x0002bfff...
Writing at 0x00028000... (100 %)
Wrote 16384 bytes at 0x00028000 in 0.2 seconds (758.5 kbit/s)...
Hash of data verified.

Leaving...
Staying in bootloader.
PASS address=0x28000 attempt=1
BEGIN address=0x2c000 file=/tmp/sesame-segmented-flash.NVZilx/chunk.bin attempt=1
esptool.py v4.12.0
Serial port /dev/cu.usbmodem101
Connecting...
Chip is ESP32-S3 (QFN56) (revision v0.2)
Features: WiFi, BLE, Embedded PSRAM 8MB (AP_3v3)
Crystal is 40MHz
USB mode: USB-Serial/JTAG
MAC: 28:84:85:a4:ef:1c
Uploading stub...
Running stub...
Stub running...
Configuring flash size...
Flash will be erased from 0x0002c000 to 0x0002ffff...
Writing at 0x0002c000... (100 %)
Wrote 16384 bytes at 0x0002c000 in 0.2 seconds (759.4 kbit/s)...
Hash of data verified.

Leaving...
Staying in bootloader.
PASS address=0x2c000 attempt=1
BEGIN address=0x30000 file=/tmp/sesame-segmented-flash.NVZilx/chunk.bin attempt=1
esptool.py v4.12.0
Serial port /dev/cu.usbmodem101
Connecting...

A serial exception error occurred: Could not configure port: (6, 'Device not configured')
Note: This error originates from pySerial. It is likely not a problem with esptool, but with the hardware connection or drivers.
For troubleshooting steps visit: https://docs.espressif.com/projects/esptool/en/latest/troubleshooting.html
RETRY address=0x30000 attempt=1 rc=1
BEGIN address=0x30000 file=/tmp/sesame-segmented-flash.NVZilx/chunk.bin attempt=2
esptool.py v4.12.0
Serial port /dev/cu.usbmodem101
Connecting...
Chip is ESP32-S3 (QFN56) (revision v0.2)
Features: WiFi, BLE, Embedded PSRAM 8MB (AP_3v3)
Crystal is 40MHz
USB mode: USB-Serial/JTAG
MAC: 28:84:85:a4:ef:1c
Uploading stub...
Running stub...
Stub running...
Configuring flash size...
Flash will be erased from 0x00030000 to 0x00033fff...
Writing at 0x00030000... (100 %)
Wrote 16384 bytes at 0x00030000 in 0.1 seconds (1074.7 kbit/s)...
Hash of data verified.

Leaving...
Staying in bootloader.
PASS address=0x30000 attempt=2
BEGIN address=0x34000 file=/tmp/sesame-segmented-flash.NVZilx/chunk.bin attempt=1
esptool.py v4.12.0
Serial port /dev/cu.usbmodem101
Connecting...

A serial exception error occurred: Could not configure port: (6, 'Device not configured')
Note: This error originates from pySerial. It is likely not a problem with esptool, but with the hardware connection or drivers.
For troubleshooting steps visit: https://docs.espressif.com/projects/esptool/en/latest/troubleshooting.html
RETRY address=0x34000 attempt=1 rc=1
BEGIN address=0x34000 file=/tmp/sesame-segmented-flash.NVZilx/chunk.bin attempt=2
esptool.py v4.12.0
Serial port /dev/cu.usbmodem101
Connecting...
Chip is ESP32-S3 (QFN56) (revision v0.2)
Features: WiFi, BLE, Embedded PSRAM 8MB (AP_3v3)
Crystal is 40MHz
USB mode: USB-Serial/JTAG
MAC: 28:84:85:a4:ef:1c
Uploading stub...
Running stub...
Stub running...
Configuring flash size...
Flash will be erased from 0x00034000 to 0x00037fff...
Writing at 0x00034000... (100 %)
Wrote 16384 bytes at 0x00034000 in 0.1 seconds (1099.9 kbit/s)...
Hash of data verified.

Leaving...
Staying in bootloader.
PASS address=0x34000 attempt=2
BEGIN address=0x38000 file=/tmp/sesame-segmented-flash.NVZilx/chunk.bin attempt=1
esptool.py v4.12.0
Serial port /dev/cu.usbmodem101
Connecting...
Chip is ESP32-S3 (QFN56) (revision v0.2)
Features: WiFi, BLE, Embedded PSRAM 8MB (AP_3v3)
Crystal is 40MHz
USB mode: USB-Serial/JTAG
MAC: 28:84:85:a4:ef:1c
Uploading stub...
Running stub...
Stub running...
Configuring flash size...
Flash will be erased from 0x00038000 to 0x0003bfff...
Writing at 0x00038000... (100 %)
Wrote 16384 bytes at 0x00038000 in 0.1 seconds (1092.6 kbit/s)...
Hash of data verified.

Leaving...
Staying in bootloader.
PASS address=0x38000 attempt=1
BEGIN address=0x3c000 file=/tmp/sesame-segmented-flash.NVZilx/chunk.bin attempt=1
esptool.py v4.12.0
Serial port /dev/cu.usbmodem101
Connecting...
Chip is ESP32-S3 (QFN56) (revision v0.2)
Features: WiFi, BLE, Embedded PSRAM 8MB (AP_3v3)
Crystal is 40MHz
USB mode: USB-Serial/JTAG
MAC: 28:84:85:a4:ef:1c
Uploading stub...
Running stub...
Stub running...
Configuring flash size...
Flash will be erased from 0x0003c000 to 0x0003ffff...
Writing at 0x0003c000... (100 %)
Wrote 16384 bytes at 0x0003c000 in 0.1 seconds (1094.2 kbit/s)...
Hash of data verified.

Leaving...
Staying in bootloader.
PASS address=0x3c000 attempt=1
BEGIN address=0x40000 file=/tmp/sesame-segmented-flash.NVZilx/chunk.bin attempt=1
esptool.py v4.12.0
Serial port /dev/cu.usbmodem101
Connecting...
Chip is ESP32-S3 (QFN56) (revision v0.2)
Features: WiFi, BLE, Embedded PSRAM 8MB (AP_3v3)
Crystal is 40MHz
USB mode: USB-Serial/JTAG
MAC: 28:84:85:a4:ef:1c
Uploading stub...
Running stub...
Stub running...
Configuring flash size...
Flash will be erased from 0x00040000 to 0x00043fff...
Writing at 0x00040000... (100 %)
Wrote 16384 bytes at 0x00040000 in 0.1 seconds (1092.2 kbit/s)...
Hash of data verified.

Leaving...
Staying in bootloader.
PASS address=0x40000 attempt=1
BEGIN address=0x44000 file=/tmp/sesame-segmented-flash.NVZilx/chunk.bin attempt=1
esptool.py v4.12.0
Serial port /dev/cu.usbmodem101
Connecting...
Chip is ESP32-S3 (QFN56) (revision v0.2)
Features: WiFi, BLE, Embedded PSRAM 8MB (AP_3v3)
Crystal is 40MHz
USB mode: USB-Serial/JTAG
MAC: 28:84:85:a4:ef:1c
Uploading stub...
Running stub...
Stub running...
Configuring flash size...
Flash will be erased from 0x00044000 to 0x00047fff...
Writing at 0x00044000... (100 %)
Wrote 16384 bytes at 0x00044000 in 0.1 seconds (1098.7 kbit/s)...
Hash of data verified.

Leaving...
Staying in bootloader.
PASS address=0x44000 attempt=1
BEGIN address=0x48000 file=/tmp/sesame-segmented-flash.NVZilx/chunk.bin attempt=1
esptool.py v4.12.0
Serial port /dev/cu.usbmodem101
Connecting...
Chip is ESP32-S3 (QFN56) (revision v0.2)
Features: WiFi, BLE, Embedded PSRAM 8MB (AP_3v3)
Crystal is 40MHz
USB mode: USB-Serial/JTAG
MAC: 28:84:85:a4:ef:1c
Uploading stub...
Running stub...
Stub running...
Configuring flash size...
Flash will be erased from 0x00048000 to 0x0004bfff...
Writing at 0x00048000... (100 %)
Wrote 16384 bytes at 0x00048000 in 0.1 seconds (1077.5 kbit/s)...
Hash of data verified.

Leaving...
Staying in bootloader.
PASS address=0x48000 attempt=1
BEGIN address=0x4c000 file=/tmp/sesame-segmented-flash.NVZilx/chunk.bin attempt=1
esptool.py v4.12.0
Serial port /dev/cu.usbmodem101
Connecting...
Chip is ESP32-S3 (QFN56) (revision v0.2)
Features: WiFi, BLE, Embedded PSRAM 8MB (AP_3v3)
Crystal is 40MHz
USB mode: USB-Serial/JTAG
MAC: 28:84:85:a4:ef:1c
Uploading stub...
Running stub...
Stub running...
Configuring flash size...
Flash will be erased from 0x0004c000 to 0x0004ffff...
Writing at 0x0004c000... (100 %)
Wrote 16384 bytes at 0x0004c000 in 0.1 seconds (1064.0 kbit/s)...
Hash of data verified.

Leaving...
Staying in bootloader.
PASS address=0x4c000 attempt=1
BEGIN address=0x50000 file=/tmp/sesame-segmented-flash.NVZilx/chunk.bin attempt=1
esptool.py v4.12.0
Serial port /dev/cu.usbmodem101
Connecting...
Chip is ESP32-S3 (QFN56) (revision v0.2)
Features: WiFi, BLE, Embedded PSRAM 8MB (AP_3v3)
Crystal is 40MHz
USB mode: USB-Serial/JTAG
MAC: 28:84:85:a4:ef:1c
Uploading stub...
Running stub...
Stub running...
Configuring flash size...
Flash will be erased from 0x00050000 to 0x00053fff...
Writing at 0x00050000... (100 %)
Wrote 16384 bytes at 0x00050000 in 0.1 seconds (1062.1 kbit/s)...
Hash of data verified.

Leaving...
Staying in bootloader.
PASS address=0x50000 attempt=1
BEGIN address=0x54000 file=/tmp/sesame-segmented-flash.NVZilx/chunk.bin attempt=1
esptool.py v4.12.0
Serial port /dev/cu.usbmodem101
Connecting...
Chip is ESP32-S3 (QFN56) (revision v0.2)
Features: WiFi, BLE, Embedded PSRAM 8MB (AP_3v3)
Crystal is 40MHz
USB mode: USB-Serial/JTAG
MAC: 28:84:85:a4:ef:1c
Uploading stub...
Running stub...
Stub running...
Configuring flash size...
Flash will be erased from 0x00054000 to 0x00057fff...
Writing at 0x00054000... (100 %)
Wrote 16384 bytes at 0x00054000 in 0.1 seconds (1045.0 kbit/s)...
Hash of data verified.

Leaving...
Staying in bootloader.
PASS address=0x54000 attempt=1
BEGIN address=0x58000 file=/tmp/sesame-segmented-flash.NVZilx/chunk.bin attempt=1
esptool.py v4.12.0
Serial port /dev/cu.usbmodem101
Connecting...
Chip is ESP32-S3 (QFN56) (revision v0.2)
Features: WiFi, BLE, Embedded PSRAM 8MB (AP_3v3)
Crystal is 40MHz
USB mode: USB-Serial/JTAG
MAC: 28:84:85:a4:ef:1c
Uploading stub...
Running stub...
Stub running...
Configuring flash size...
Flash will be erased from 0x00058000 to 0x0005bfff...
Writing at 0x00058000... (100 %)
Wrote 16384 bytes at 0x00058000 in 0.1 seconds (1071.2 kbit/s)...
Hash of data verified.

Leaving...
Staying in bootloader.
PASS address=0x58000 attempt=1
BEGIN address=0x5c000 file=/tmp/sesame-segmented-flash.NVZilx/chunk.bin attempt=1
esptool.py v4.12.0
Serial port /dev/cu.usbmodem101
Connecting...

A serial exception error occurred: read failed: [Errno 6] Device not configured
Note: This error originates from pySerial. It is likely not a problem with esptool, but with the hardware connection or drivers.
For troubleshooting steps visit: https://docs.espressif.com/projects/esptool/en/latest/troubleshooting.html
RETRY address=0x5c000 attempt=1 rc=1
BEGIN address=0x5c000 file=/tmp/sesame-segmented-flash.NVZilx/chunk.bin attempt=2
esptool.py v4.12.0
Serial port /dev/cu.usbmodem101
Connecting...
Chip is ESP32-S3 (QFN56) (revision v0.2)
Features: WiFi, BLE, Embedded PSRAM 8MB (AP_3v3)
Crystal is 40MHz
USB mode: USB-Serial/JTAG
MAC: 28:84:85:a4:ef:1c
Uploading stub...
Running stub...
Stub running...
Configuring flash size...
Flash will be erased from 0x0005c000 to 0x0005ffff...
Writing at 0x0005c000... (100 %)
Wrote 16384 bytes at 0x0005c000 in 0.1 seconds (1069.2 kbit/s)...
Hash of data verified.

Leaving...
Staying in bootloader.
PASS address=0x5c000 attempt=2
BEGIN address=0x60000 file=/tmp/sesame-segmented-flash.NVZilx/chunk.bin attempt=1
esptool.py v4.12.0
Serial port /dev/cu.usbmodem101
Connecting...
Chip is ESP32-S3 (QFN56) (revision v0.2)
Features: WiFi, BLE, Embedded PSRAM 8MB (AP_3v3)
Crystal is 40MHz
USB mode: USB-Serial/JTAG
MAC: 28:84:85:a4:ef:1c
Uploading stub...
Running stub...
Stub running...
Configuring flash size...
Flash will be erased from 0x00060000 to 0x00063fff...
Writing at 0x00060000... (100 %)
Wrote 16384 bytes at 0x00060000 in 0.2 seconds (750.8 kbit/s)...
Hash of data verified.

Leaving...
Staying in bootloader.
PASS address=0x60000 attempt=1
BEGIN address=0x64000 file=/tmp/sesame-segmented-flash.NVZilx/chunk.bin attempt=1
esptool.py v4.12.0
Serial port /dev/cu.usbmodem101
Connecting...
Chip is ESP32-S3 (QFN56) (revision v0.2)
Features: WiFi, BLE, Embedded PSRAM 8MB (AP_3v3)
Crystal is 40MHz
USB mode: USB-Serial/JTAG
MAC: 28:84:85:a4:ef:1c
Uploading stub...
Running stub...
Stub running...
Configuring flash size...
Flash will be erased from 0x00064000 to 0x00067fff...
Writing at 0x00064000... (100 %)
Wrote 16384 bytes at 0x00064000 in 0.2 seconds (750.1 kbit/s)...
Hash of data verified.

Leaving...
Staying in bootloader.
PASS address=0x64000 attempt=1
BEGIN address=0x68000 file=/tmp/sesame-segmented-flash.NVZilx/chunk.bin attempt=1
esptool.py v4.12.0
Serial port /dev/cu.usbmodem101
Connecting...
Chip is ESP32-S3 (QFN56) (revision v0.2)
Features: WiFi, BLE, Embedded PSRAM 8MB (AP_3v3)
Crystal is 40MHz
USB mode: USB-Serial/JTAG
MAC: 28:84:85:a4:ef:1c
Uploading stub...
Running stub...
Stub running...
Configuring flash size...
Flash will be erased from 0x00068000 to 0x0006bfff...
Writing at 0x00068000... (100 %)
Wrote 16384 bytes at 0x00068000 in 0.2 seconds (736.9 kbit/s)...
Hash of data verified.

Leaving...
Staying in bootloader.
PASS address=0x68000 attempt=1
BEGIN address=0x6c000 file=/tmp/sesame-segmented-flash.NVZilx/chunk.bin attempt=1
esptool.py v4.12.0
Serial port /dev/cu.usbmodem101
Connecting...
Chip is ESP32-S3 (QFN56) (revision v0.2)
Features: WiFi, BLE, Embedded PSRAM 8MB (AP_3v3)
Crystal is 40MHz
USB mode: USB-Serial/JTAG
MAC: 28:84:85:a4:ef:1c
Uploading stub...
Running stub...
Stub running...
Configuring flash size...
Flash will be erased from 0x0006c000 to 0x0006ffff...
Writing at 0x0006c000... (100 %)
Wrote 16384 bytes at 0x0006c000 in 0.2 seconds (747.7 kbit/s)...
Hash of data verified.

Leaving...
Staying in bootloader.
PASS address=0x6c000 attempt=1
BEGIN address=0x70000 file=/tmp/sesame-segmented-flash.NVZilx/chunk.bin attempt=1
esptool.py v4.12.0
Serial port /dev/cu.usbmodem101
Connecting...
Chip is ESP32-S3 (QFN56) (revision v0.2)
Features: WiFi, BLE, Embedded PSRAM 8MB (AP_3v3)
Crystal is 40MHz
USB mode: USB-Serial/JTAG
MAC: 28:84:85:a4:ef:1c
Uploading stub...
Running stub...
Stub running...
Configuring flash size...
Flash will be erased from 0x00070000 to 0x00073fff...
Writing at 0x00070000... (100 %)
Wrote 16384 bytes at 0x00070000 in 0.2 seconds (742.0 kbit/s)...
Hash of data verified.

Leaving...
Staying in bootloader.
PASS address=0x70000 attempt=1
BEGIN address=0x74000 file=/tmp/sesame-segmented-flash.NVZilx/chunk.bin attempt=1
esptool.py v4.12.0
Serial port /dev/cu.usbmodem101
Connecting...
Chip is ESP32-S3 (QFN56) (revision v0.2)
Features: WiFi, BLE, Embedded PSRAM 8MB (AP_3v3)
Crystal is 40MHz
USB mode: USB-Serial/JTAG
MAC: 28:84:85:a4:ef:1c
Uploading stub...
Running stub...
Stub running...
Configuring flash size...
Flash will be erased from 0x00074000 to 0x00077fff...
Writing at 0x00074000... (100 %)
Wrote 16384 bytes at 0x00074000 in 0.2 seconds (748.7 kbit/s)...
Hash of data verified.

Leaving...
Staying in bootloader.
PASS address=0x74000 attempt=1
BEGIN address=0x78000 file=/tmp/sesame-segmented-flash.NVZilx/chunk.bin attempt=1
esptool.py v4.12.0
Serial port /dev/cu.usbmodem101
Connecting...
Chip is ESP32-S3 (QFN56) (revision v0.2)
Features: WiFi, BLE, Embedded PSRAM 8MB (AP_3v3)
Crystal is 40MHz
USB mode: USB-Serial/JTAG
MAC: 28:84:85:a4:ef:1c
Uploading stub...
Running stub...
Stub running...
Configuring flash size...
Flash will be erased from 0x00078000 to 0x0007bfff...
Writing at 0x00078000... (100 %)
Wrote 16384 bytes at 0x00078000 in 0.2 seconds (736.6 kbit/s)...
Hash of data verified.

Leaving...
Staying in bootloader.
PASS address=0x78000 attempt=1
BEGIN address=0x7c000 file=/tmp/sesame-segmented-flash.NVZilx/chunk.bin attempt=1
esptool.py v4.12.0
Serial port /dev/cu.usbmodem101
Connecting...
Chip is ESP32-S3 (QFN56) (revision v0.2)
Features: WiFi, BLE, Embedded PSRAM 8MB (AP_3v3)
Crystal is 40MHz
USB mode: USB-Serial/JTAG
MAC: 28:84:85:a4:ef:1c
Uploading stub...
Running stub...
Stub running...
Configuring flash size...
Flash will be erased from 0x0007c000 to 0x0007ffff...
Writing at 0x0007c000... (100 %)
Wrote 16384 bytes at 0x0007c000 in 0.2 seconds (752.0 kbit/s)...
Hash of data verified.

Leaving...
Staying in bootloader.
PASS address=0x7c000 attempt=1
BEGIN address=0x80000 file=/tmp/sesame-segmented-flash.NVZilx/chunk.bin attempt=1
esptool.py v4.12.0
Serial port /dev/cu.usbmodem101
Connecting...
Chip is ESP32-S3 (QFN56) (revision v0.2)
Features: WiFi, BLE, Embedded PSRAM 8MB (AP_3v3)
Crystal is 40MHz
USB mode: USB-Serial/JTAG
MAC: 28:84:85:a4:ef:1c
Uploading stub...
Running stub...
Stub running...
Configuring flash size...
Flash will be erased from 0x00080000 to 0x00083fff...
Writing at 0x00080000... (100 %)
Wrote 16384 bytes at 0x00080000 in 0.2 seconds (717.6 kbit/s)...
Hash of data verified.

Leaving...
Staying in bootloader.
PASS address=0x80000 attempt=1
BEGIN address=0x84000 file=/tmp/sesame-segmented-flash.NVZilx/chunk.bin attempt=1
esptool.py v4.12.0
Serial port /dev/cu.usbmodem101
Connecting...
Chip is ESP32-S3 (QFN56) (revision v0.2)
Features: WiFi, BLE, Embedded PSRAM 8MB (AP_3v3)
Crystal is 40MHz
USB mode: USB-Serial/JTAG
MAC: 28:84:85:a4:ef:1c
Uploading stub...
Running stub...
Stub running...
Configuring flash size...
Flash will be erased from 0x00084000 to 0x00087fff...
Writing at 0x00084000... (100 %)
Wrote 16384 bytes at 0x00084000 in 0.2 seconds (743.4 kbit/s)...
Hash of data verified.

Leaving...
Staying in bootloader.
PASS address=0x84000 attempt=1
BEGIN address=0x88000 file=/tmp/sesame-segmented-flash.NVZilx/chunk.bin attempt=1
esptool.py v4.12.0
Serial port /dev/cu.usbmodem101
Connecting...
Chip is ESP32-S3 (QFN56) (revision v0.2)
Features: WiFi, BLE, Embedded PSRAM 8MB (AP_3v3)
Crystal is 40MHz
USB mode: USB-Serial/JTAG
MAC: 28:84:85:a4:ef:1c
Uploading stub...
Running stub...
Stub running...
Configuring flash size...
Flash will be erased from 0x00088000 to 0x0008bfff...
Writing at 0x00088000... (100 %)
Wrote 16384 bytes at 0x00088000 in 0.2 seconds (752.3 kbit/s)...
Hash of data verified.

Leaving...
Staying in bootloader.
PASS address=0x88000 attempt=1
BEGIN address=0x8c000 file=/tmp/sesame-segmented-flash.NVZilx/chunk.bin attempt=1
esptool.py v4.12.0
Serial port /dev/cu.usbmodem101
Connecting...
Chip is ESP32-S3 (QFN56) (revision v0.2)
Features: WiFi, BLE, Embedded PSRAM 8MB (AP_3v3)
Crystal is 40MHz
USB mode: USB-Serial/JTAG
MAC: 28:84:85:a4:ef:1c
Uploading stub...
Running stub...
Stub running...
Configuring flash size...
Flash will be erased from 0x0008c000 to 0x0008ffff...
Writing at 0x0008c000... (100 %)
Wrote 16384 bytes at 0x0008c000 in 0.2 seconds (733.7 kbit/s)...
Hash of data verified.

Leaving...
Staying in bootloader.
PASS address=0x8c000 attempt=1
BEGIN address=0x90000 file=/tmp/sesame-segmented-flash.NVZilx/chunk.bin attempt=1
esptool.py v4.12.0
Serial port /dev/cu.usbmodem101
Connecting...
Chip is ESP32-S3 (QFN56) (revision v0.2)
Features: WiFi, BLE, Embedded PSRAM 8MB (AP_3v3)
Crystal is 40MHz
USB mode: USB-Serial/JTAG
MAC: 28:84:85:a4:ef:1c
Uploading stub...
Running stub...
Stub running...
Configuring flash size...
Flash will be erased from 0x00090000 to 0x00093fff...
Writing at 0x00090000... (100 %)
Wrote 16384 bytes at 0x00090000 in 0.2 seconds (751.3 kbit/s)...
Hash of data verified.

Leaving...
Staying in bootloader.
PASS address=0x90000 attempt=1
BEGIN address=0x94000 file=/tmp/sesame-segmented-flash.NVZilx/chunk.bin attempt=1
esptool.py v4.12.0
Serial port /dev/cu.usbmodem101
Connecting...
Chip is ESP32-S3 (QFN56) (revision v0.2)
Features: WiFi, BLE, Embedded PSRAM 8MB (AP_3v3)
Crystal is 40MHz
USB mode: USB-Serial/JTAG
MAC: 28:84:85:a4:ef:1c
Uploading stub...
Running stub...
Stub running...
Configuring flash size...
Flash will be erased from 0x00094000 to 0x00097fff...
Writing at 0x00094000... (100 %)
Wrote 16384 bytes at 0x00094000 in 0.2 seconds (740.7 kbit/s)...
Hash of data verified.

Leaving...
Staying in bootloader.
PASS address=0x94000 attempt=1
BEGIN address=0x98000 file=/tmp/sesame-segmented-flash.NVZilx/chunk.bin attempt=1
esptool.py v4.12.0
Serial port /dev/cu.usbmodem101
Connecting...
Chip is ESP32-S3 (QFN56) (revision v0.2)
Features: WiFi, BLE, Embedded PSRAM 8MB (AP_3v3)
Crystal is 40MHz
USB mode: USB-Serial/JTAG
MAC: 28:84:85:a4:ef:1c
Uploading stub...
Running stub...
Stub running...
Configuring flash size...
Flash will be erased from 0x00098000 to 0x0009bfff...
Writing at 0x00098000... (100 %)
Wrote 16384 bytes at 0x00098000 in 0.2 seconds (744.4 kbit/s)...
Hash of data verified.

Leaving...
Staying in bootloader.
PASS address=0x98000 attempt=1
BEGIN address=0x9c000 file=/tmp/sesame-segmented-flash.NVZilx/chunk.bin attempt=1
esptool.py v4.12.0
Serial port /dev/cu.usbmodem101
Connecting...

A serial exception error occurred: Could not configure port: (6, 'Device not configured')
Note: This error originates from pySerial. It is likely not a problem with esptool, but with the hardware connection or drivers.
For troubleshooting steps visit: https://docs.espressif.com/projects/esptool/en/latest/troubleshooting.html
RETRY address=0x9c000 attempt=1 rc=1
BEGIN address=0x9c000 file=/tmp/sesame-segmented-flash.NVZilx/chunk.bin attempt=2
esptool.py v4.12.0
Serial port /dev/cu.usbmodem101
Connecting...
Chip is ESP32-S3 (QFN56) (revision v0.2)
Features: WiFi, BLE, Embedded PSRAM 8MB (AP_3v3)
Crystal is 40MHz
USB mode: USB-Serial/JTAG
MAC: 28:84:85:a4:ef:1c
Uploading stub...
Running stub...
Stub running...
Configuring flash size...
Flash will be erased from 0x0009c000 to 0x0009ffff...
Writing at 0x0009c000... (100 %)
Wrote 16384 bytes at 0x0009c000 in 0.2 seconds (737.5 kbit/s)...
Hash of data verified.

Leaving...
Staying in bootloader.
PASS address=0x9c000 attempt=2
BEGIN address=0xa0000 file=/tmp/sesame-segmented-flash.NVZilx/chunk.bin attempt=1
esptool.py v4.12.0
Serial port /dev/cu.usbmodem101
Connecting...
Chip is ESP32-S3 (QFN56) (revision v0.2)
Features: WiFi, BLE, Embedded PSRAM 8MB (AP_3v3)
Crystal is 40MHz
USB mode: USB-Serial/JTAG
MAC: 28:84:85:a4:ef:1c
Uploading stub...
Running stub...
Stub running...
Configuring flash size...
Flash will be erased from 0x000a0000 to 0x000a3fff...
Writing at 0x000a0000... (100 %)
Wrote 16384 bytes at 0x000a0000 in 0.1 seconds (1088.9 kbit/s)...
Hash of data verified.

Leaving...
Staying in bootloader.
PASS address=0xa0000 attempt=1
BEGIN address=0xa4000 file=/tmp/sesame-segmented-flash.NVZilx/chunk.bin attempt=1
esptool.py v4.12.0
Serial port /dev/cu.usbmodem101
Connecting...
Chip is ESP32-S3 (QFN56) (revision v0.2)
Features: WiFi, BLE, Embedded PSRAM 8MB (AP_3v3)
Crystal is 40MHz
USB mode: USB-Serial/JTAG
MAC: 28:84:85:a4:ef:1c
Uploading stub...
Running stub...
Stub running...
Configuring flash size...
Flash will be erased from 0x000a4000 to 0x000a7fff...
Writing at 0x000a4000... (100 %)
Wrote 16384 bytes at 0x000a4000 in 0.1 seconds (1083.4 kbit/s)...
Hash of data verified.

Leaving...
Staying in bootloader.
PASS address=0xa4000 attempt=1
BEGIN address=0xa8000 file=/tmp/sesame-segmented-flash.NVZilx/chunk.bin attempt=1
esptool.py v4.12.0
Serial port /dev/cu.usbmodem101
Connecting...
Chip is ESP32-S3 (QFN56) (revision v0.2)
Features: WiFi, BLE, Embedded PSRAM 8MB (AP_3v3)
Crystal is 40MHz
USB mode: USB-Serial/JTAG
MAC: 28:84:85:a4:ef:1c
Uploading stub...
Running stub...
Stub running...
Configuring flash size...
Flash will be erased from 0x000a8000 to 0x000abfff...
Writing at 0x000a8000... (100 %)
Wrote 16384 bytes at 0x000a8000 in 0.1 seconds (1083.7 kbit/s)...
Hash of data verified.

Leaving...
Staying in bootloader.
PASS address=0xa8000 attempt=1
BEGIN address=0xac000 file=/tmp/sesame-segmented-flash.NVZilx/chunk.bin attempt=1
esptool.py v4.12.0
Serial port /dev/cu.usbmodem101
Connecting...

A serial exception error occurred: Could not configure port: (6, 'Device not configured')
Note: This error originates from pySerial. It is likely not a problem with esptool, but with the hardware connection or drivers.
For troubleshooting steps visit: https://docs.espressif.com/projects/esptool/en/latest/troubleshooting.html
RETRY address=0xac000 attempt=1 rc=1
BEGIN address=0xac000 file=/tmp/sesame-segmented-flash.NVZilx/chunk.bin attempt=2
esptool.py v4.12.0
Serial port /dev/cu.usbmodem101
Connecting...
Chip is ESP32-S3 (QFN56) (revision v0.2)
Features: WiFi, BLE, Embedded PSRAM 8MB (AP_3v3)
Crystal is 40MHz
USB mode: USB-Serial/JTAG
MAC: 28:84:85:a4:ef:1c
Uploading stub...
Running stub...
Stub running...
Configuring flash size...
Flash will be erased from 0x000ac000 to 0x000affff...
Writing at 0x000ac000... (100 %)
Wrote 16384 bytes at 0x000ac000 in 0.1 seconds (1076.9 kbit/s)...
Hash of data verified.

Leaving...
Staying in bootloader.
PASS address=0xac000 attempt=2
BEGIN address=0xb0000 file=/tmp/sesame-segmented-flash.NVZilx/chunk.bin attempt=1
esptool.py v4.12.0
Serial port /dev/cu.usbmodem101
Connecting...
Chip is ESP32-S3 (QFN56) (revision v0.2)
Features: WiFi, BLE, Embedded PSRAM 8MB (AP_3v3)
Crystal is 40MHz
USB mode: USB-Serial/JTAG
MAC: 28:84:85:a4:ef:1c
Uploading stub...
Running stub...
Stub running...
Configuring flash size...
Flash will be erased from 0x000b0000 to 0x000b3fff...
Writing at 0x000b0000... (100 %)
Wrote 16384 bytes at 0x000b0000 in 0.1 seconds (1083.2 kbit/s)...
Hash of data verified.

Leaving...
Staying in bootloader.
PASS address=0xb0000 attempt=1
BEGIN address=0xb4000 file=/tmp/sesame-segmented-flash.NVZilx/chunk.bin attempt=1
esptool.py v4.12.0
Serial port /dev/cu.usbmodem101
Connecting...
Chip is ESP32-S3 (QFN56) (revision v0.2)
Features: WiFi, BLE, Embedded PSRAM 8MB (AP_3v3)
Crystal is 40MHz
USB mode: USB-Serial/JTAG
MAC: 28:84:85:a4:ef:1c
Uploading stub...
Running stub...
Stub running...
Configuring flash size...
Flash will be erased from 0x000b4000 to 0x000b7fff...
Writing at 0x000b4000... (100 %)
Wrote 16384 bytes at 0x000b4000 in 0.1 seconds (1045.9 kbit/s)...
Hash of data verified.

Leaving...
Staying in bootloader.
PASS address=0xb4000 attempt=1
BEGIN address=0xb8000 file=/tmp/sesame-segmented-flash.NVZilx/chunk.bin attempt=1
esptool.py v4.12.0
Serial port /dev/cu.usbmodem101
Connecting...
Chip is ESP32-S3 (QFN56) (revision v0.2)
Features: WiFi, BLE, Embedded PSRAM 8MB (AP_3v3)
Crystal is 40MHz
USB mode: USB-Serial/JTAG
MAC: 28:84:85:a4:ef:1c
Uploading stub...
Running stub...
Stub running...
Configuring flash size...
Flash will be erased from 0x000b8000 to 0x000bbfff...
Writing at 0x000b8000... (100 %)
Wrote 16384 bytes at 0x000b8000 in 0.1 seconds (1053.7 kbit/s)...
Hash of data verified.

Leaving...
Staying in bootloader.
PASS address=0xb8000 attempt=1
BEGIN address=0xbc000 file=/tmp/sesame-segmented-flash.NVZilx/chunk.bin attempt=1
esptool.py v4.12.0
Serial port /dev/cu.usbmodem101
Connecting...
Chip is ESP32-S3 (QFN56) (revision v0.2)
Features: WiFi, BLE, Embedded PSRAM 8MB (AP_3v3)
Crystal is 40MHz
USB mode: USB-Serial/JTAG
MAC: 28:84:85:a4:ef:1c
Uploading stub...
Running stub...
Stub running...
Configuring flash size...
Flash will be erased from 0x000bc000 to 0x000bffff...
Writing at 0x000bc000... (100 %)
Wrote 16384 bytes at 0x000bc000 in 0.1 seconds (1079.9 kbit/s)...
Hash of data verified.

Leaving...
Staying in bootloader.
PASS address=0xbc000 attempt=1
BEGIN address=0xc0000 file=/tmp/sesame-segmented-flash.NVZilx/chunk.bin attempt=1
esptool.py v4.12.0
Serial port /dev/cu.usbmodem101
Connecting...
Chip is ESP32-S3 (QFN56) (revision v0.2)
Features: WiFi, BLE, Embedded PSRAM 8MB (AP_3v3)
Crystal is 40MHz
USB mode: USB-Serial/JTAG
MAC: 28:84:85:a4:ef:1c
Uploading stub...
Running stub...
Stub running...
Configuring flash size...
Flash will be erased from 0x000c0000 to 0x000c3fff...
Writing at 0x000c0000... (100 %)
Wrote 16384 bytes at 0x000c0000 in 0.1 seconds (1078.8 kbit/s)...
Hash of data verified.

Leaving...
Staying in bootloader.
PASS address=0xc0000 attempt=1
BEGIN address=0xc4000 file=/tmp/sesame-segmented-flash.NVZilx/chunk.bin attempt=1
esptool.py v4.12.0
Serial port /dev/cu.usbmodem101
Connecting...
Chip is ESP32-S3 (QFN56) (revision v0.2)
Features: WiFi, BLE, Embedded PSRAM 8MB (AP_3v3)
Crystal is 40MHz
USB mode: USB-Serial/JTAG
MAC: 28:84:85:a4:ef:1c
Uploading stub...
Running stub...
Stub running...
Configuring flash size...
Flash will be erased from 0x000c4000 to 0x000c7fff...
Writing at 0x000c4000... (100 %)
Wrote 16384 bytes at 0x000c4000 in 0.1 seconds (1072.0 kbit/s)...
Hash of data verified.

Leaving...
Staying in bootloader.
PASS address=0xc4000 attempt=1
BEGIN address=0xc8000 file=/tmp/sesame-segmented-flash.NVZilx/chunk.bin attempt=1
esptool.py v4.12.0
Serial port /dev/cu.usbmodem101
Connecting...
Chip is ESP32-S3 (QFN56) (revision v0.2)
Features: WiFi, BLE, Embedded PSRAM 8MB (AP_3v3)
Crystal is 40MHz
USB mode: USB-Serial/JTAG
MAC: 28:84:85:a4:ef:1c
Uploading stub...
Running stub...
Stub running...
Configuring flash size...
Flash will be erased from 0x000c8000 to 0x000cbfff...
Writing at 0x000c8000... (100 %)
Wrote 16384 bytes at 0x000c8000 in 0.1 seconds (1057.7 kbit/s)...
Hash of data verified.

Leaving...
Staying in bootloader.
PASS address=0xc8000 attempt=1
BEGIN address=0xcc000 file=/tmp/sesame-segmented-flash.NVZilx/chunk.bin attempt=1
esptool.py v4.12.0
Serial port /dev/cu.usbmodem101
Connecting...
Chip is ESP32-S3 (QFN56) (revision v0.2)
Features: WiFi, BLE, Embedded PSRAM 8MB (AP_3v3)
Crystal is 40MHz
USB mode: USB-Serial/JTAG
MAC: 28:84:85:a4:ef:1c
Uploading stub...
Running stub...
Stub running...
Configuring flash size...
Flash will be erased from 0x000cc000 to 0x000cffff...
Writing at 0x000cc000... (100 %)
Wrote 16384 bytes at 0x000cc000 in 0.1 seconds (1073.4 kbit/s)...
Hash of data verified.

Leaving...
Staying in bootloader.
PASS address=0xcc000 attempt=1
BEGIN address=0xd0000 file=/tmp/sesame-segmented-flash.NVZilx/chunk.bin attempt=1
esptool.py v4.12.0
Serial port /dev/cu.usbmodem101
Connecting...
Chip is ESP32-S3 (QFN56) (revision v0.2)
Features: WiFi, BLE, Embedded PSRAM 8MB (AP_3v3)
Crystal is 40MHz
USB mode: USB-Serial/JTAG
MAC: 28:84:85:a4:ef:1c
Uploading stub...
Running stub...
Stub running...
Configuring flash size...
Flash will be erased from 0x000d0000 to 0x000d3fff...
Writing at 0x000d0000... (100 %)
Wrote 16384 bytes at 0x000d0000 in 0.1 seconds (1052.2 kbit/s)...
Hash of data verified.

Leaving...
Staying in bootloader.
PASS address=0xd0000 attempt=1
BEGIN address=0xd4000 file=/tmp/sesame-segmented-flash.NVZilx/chunk.bin attempt=1
esptool.py v4.12.0
Serial port /dev/cu.usbmodem101
Connecting...
Chip is ESP32-S3 (QFN56) (revision v0.2)
Features: WiFi, BLE, Embedded PSRAM 8MB (AP_3v3)
Crystal is 40MHz
USB mode: USB-Serial/JTAG
MAC: 28:84:85:a4:ef:1c
Uploading stub...
Running stub...
Stub running...
Configuring flash size...
Flash will be erased from 0x000d4000 to 0x000d7fff...
Writing at 0x000d4000... (100 %)
Wrote 16384 bytes at 0x000d4000 in 0.1 seconds (1037.2 kbit/s)...
Hash of data verified.

Leaving...
Staying in bootloader.
PASS address=0xd4000 attempt=1
BEGIN address=0xd8000 file=/tmp/sesame-segmented-flash.NVZilx/chunk.bin attempt=1
esptool.py v4.12.0
Serial port /dev/cu.usbmodem101
Connecting...
Chip is ESP32-S3 (QFN56) (revision v0.2)
Features: WiFi, BLE, Embedded PSRAM 8MB (AP_3v3)
Crystal is 40MHz
USB mode: USB-Serial/JTAG
MAC: 28:84:85:a4:ef:1c
Uploading stub...
Running stub...
Stub running...
Configuring flash size...
Flash will be erased from 0x000d8000 to 0x000dbfff...
Writing at 0x000d8000... (100 %)
Wrote 16384 bytes at 0x000d8000 in 0.1 seconds (1065.1 kbit/s)...
Hash of data verified.

Leaving...
Staying in bootloader.
PASS address=0xd8000 attempt=1
BEGIN address=0xdc000 file=/tmp/sesame-segmented-flash.NVZilx/chunk.bin attempt=1
esptool.py v4.12.0
Serial port /dev/cu.usbmodem101
Connecting...
Chip is ESP32-S3 (QFN56) (revision v0.2)
Features: WiFi, BLE, Embedded PSRAM 8MB (AP_3v3)
Crystal is 40MHz
USB mode: USB-Serial/JTAG
MAC: 28:84:85:a4:ef:1c
Uploading stub...
Running stub...
Stub running...
Configuring flash size...
Flash will be erased from 0x000dc000 to 0x000dffff...
Writing at 0x000dc000... (100 %)
Wrote 16384 bytes at 0x000dc000 in 0.1 seconds (1080.4 kbit/s)...
Hash of data verified.

Leaving...
Staying in bootloader.
PASS address=0xdc000 attempt=1
BEGIN address=0xe0000 file=/tmp/sesame-segmented-flash.NVZilx/chunk.bin attempt=1
esptool.py v4.12.0
Serial port /dev/cu.usbmodem101
Connecting...
Chip is ESP32-S3 (QFN56) (revision v0.2)
Features: WiFi, BLE, Embedded PSRAM 8MB (AP_3v3)
Crystal is 40MHz
USB mode: USB-Serial/JTAG
MAC: 28:84:85:a4:ef:1c
Uploading stub...
Running stub...
Stub running...
Configuring flash size...
Flash will be erased from 0x000e0000 to 0x000e3fff...
Writing at 0x000e0000... (100 %)
Wrote 16384 bytes at 0x000e0000 in 0.1 seconds (1050.3 kbit/s)...
Hash of data verified.

Leaving...
Staying in bootloader.
PASS address=0xe0000 attempt=1
BEGIN address=0xe4000 file=/tmp/sesame-segmented-flash.NVZilx/chunk.bin attempt=1
esptool.py v4.12.0
Serial port /dev/cu.usbmodem101
Connecting...
Chip is ESP32-S3 (QFN56) (revision v0.2)
Features: WiFi, BLE, Embedded PSRAM 8MB (AP_3v3)
Crystal is 40MHz
USB mode: USB-Serial/JTAG
MAC: 28:84:85:a4:ef:1c
Uploading stub...
Running stub...
Stub running...
Configuring flash size...
Flash will be erased from 0x000e4000 to 0x000e7fff...
Writing at 0x000e4000... (100 %)
Wrote 16384 bytes at 0x000e4000 in 0.1 seconds (1073.5 kbit/s)...
Hash of data verified.

Leaving...
Staying in bootloader.
PASS address=0xe4000 attempt=1
BEGIN address=0xe8000 file=/tmp/sesame-segmented-flash.NVZilx/chunk.bin attempt=1
esptool.py v4.12.0
Serial port /dev/cu.usbmodem101
Connecting...
Chip is ESP32-S3 (QFN56) (revision v0.2)
Features: WiFi, BLE, Embedded PSRAM 8MB (AP_3v3)
Crystal is 40MHz
USB mode: USB-Serial/JTAG
MAC: 28:84:85:a4:ef:1c
Uploading stub...
Running stub...
Stub running...
Configuring flash size...
Flash will be erased from 0x000e8000 to 0x000ebfff...
Writing at 0x000e8000... (100 %)
Wrote 16384 bytes at 0x000e8000 in 0.1 seconds (1057.6 kbit/s)...
Hash of data verified.

Leaving...
Staying in bootloader.
PASS address=0xe8000 attempt=1
BEGIN address=0xec000 file=/tmp/sesame-segmented-flash.NVZilx/chunk.bin attempt=1
esptool.py v4.12.0
Serial port /dev/cu.usbmodem101
Connecting...
Chip is ESP32-S3 (QFN56) (revision v0.2)
Features: WiFi, BLE, Embedded PSRAM 8MB (AP_3v3)
Crystal is 40MHz
USB mode: USB-Serial/JTAG
MAC: 28:84:85:a4:ef:1c
Uploading stub...
Running stub...
Stub running...
Configuring flash size...
Flash will be erased from 0x000ec000 to 0x000effff...
Writing at 0x000ec000... (100 %)
Wrote 16384 bytes at 0x000ec000 in 0.1 seconds (1075.7 kbit/s)...
Hash of data verified.

Leaving...
Staying in bootloader.
PASS address=0xec000 attempt=1
BEGIN address=0xf0000 file=/tmp/sesame-segmented-flash.NVZilx/chunk.bin attempt=1
esptool.py v4.12.0
Serial port /dev/cu.usbmodem101
Connecting...
Chip is ESP32-S3 (QFN56) (revision v0.2)
Features: WiFi, BLE, Embedded PSRAM 8MB (AP_3v3)
Crystal is 40MHz
USB mode: USB-Serial/JTAG
MAC: 28:84:85:a4:ef:1c
Uploading stub...
Running stub...
Stub running...
Configuring flash size...
Flash will be erased from 0x000f0000 to 0x000f3fff...
Writing at 0x000f0000... (100 %)
Wrote 16384 bytes at 0x000f0000 in 0.1 seconds (1018.6 kbit/s)...
Hash of data verified.

Leaving...
Staying in bootloader.
PASS address=0xf0000 attempt=1
BEGIN address=0xf4000 file=/tmp/sesame-segmented-flash.NVZilx/chunk.bin attempt=1
esptool.py v4.12.0
Serial port /dev/cu.usbmodem101
Connecting...
Chip is ESP32-S3 (QFN56) (revision v0.2)
Features: WiFi, BLE, Embedded PSRAM 8MB (AP_3v3)
Crystal is 40MHz
USB mode: USB-Serial/JTAG
MAC: 28:84:85:a4:ef:1c
Uploading stub...
Running stub...
Stub running...
Configuring flash size...
Flash will be erased from 0x000f4000 to 0x000f7fff...
Writing at 0x000f4000... (100 %)
Wrote 16384 bytes at 0x000f4000 in 0.1 seconds (1069.2 kbit/s)...
Hash of data verified.

Leaving...
Staying in bootloader.
PASS address=0xf4000 attempt=1
BEGIN address=0xf8000 file=/tmp/sesame-segmented-flash.NVZilx/chunk.bin attempt=1
esptool.py v4.12.0
Serial port /dev/cu.usbmodem101
Connecting...
Chip is ESP32-S3 (QFN56) (revision v0.2)
Features: WiFi, BLE, Embedded PSRAM 8MB (AP_3v3)
Crystal is 40MHz
USB mode: USB-Serial/JTAG
MAC: 28:84:85:a4:ef:1c
Uploading stub...
Running stub...
Stub running...
Configuring flash size...
Flash will be erased from 0x000f8000 to 0x000fbfff...
Writing at 0x000f8000... (100 %)
Wrote 16384 bytes at 0x000f8000 in 0.1 seconds (1051.2 kbit/s)...
Hash of data verified.

Leaving...
Staying in bootloader.
PASS address=0xf8000 attempt=1
BEGIN address=0xfc000 file=/tmp/sesame-segmented-flash.NVZilx/chunk.bin attempt=1
esptool.py v4.12.0
Serial port /dev/cu.usbmodem101
Connecting...

A serial exception error occurred: Could not configure port: (6, 'Device not configured')
Note: This error originates from pySerial. It is likely not a problem with esptool, but with the hardware connection or drivers.
For troubleshooting steps visit: https://docs.espressif.com/projects/esptool/en/latest/troubleshooting.html
RETRY address=0xfc000 attempt=1 rc=1
BEGIN address=0xfc000 file=/tmp/sesame-segmented-flash.NVZilx/chunk.bin attempt=2
esptool.py v4.12.0
Serial port /dev/cu.usbmodem101
Connecting...
Chip is ESP32-S3 (QFN56) (revision v0.2)
Features: WiFi, BLE, Embedded PSRAM 8MB (AP_3v3)
Crystal is 40MHz
USB mode: USB-Serial/JTAG
MAC: 28:84:85:a4:ef:1c
Uploading stub...
Running stub...
Stub running...
Configuring flash size...
Flash will be erased from 0x000fc000 to 0x000fffff...
Writing at 0x000fc000... (100 %)
Wrote 16384 bytes at 0x000fc000 in 0.1 seconds (1033.7 kbit/s)...
Hash of data verified.

Leaving...
Staying in bootloader.
PASS address=0xfc000 attempt=2
BEGIN address=0x100000 file=/tmp/sesame-segmented-flash.NVZilx/chunk.bin attempt=1
esptool.py v4.12.0
Serial port /dev/cu.usbmodem101
Connecting...
Chip is ESP32-S3 (QFN56) (revision v0.2)
Features: WiFi, BLE, Embedded PSRAM 8MB (AP_3v3)
Crystal is 40MHz
USB mode: USB-Serial/JTAG
MAC: 28:84:85:a4:ef:1c
Uploading stub...
Running stub...
Stub running...
Configuring flash size...
Flash will be erased from 0x00100000 to 0x00103fff...
Writing at 0x00100000... (100 %)
Wrote 16384 bytes at 0x00100000 in 0.1 seconds (1091.2 kbit/s)...
Hash of data verified.

Leaving...
Staying in bootloader.
PASS address=0x100000 attempt=1
BEGIN address=0x104000 file=/tmp/sesame-segmented-flash.NVZilx/chunk.bin attempt=1
esptool.py v4.12.0
Serial port /dev/cu.usbmodem101
Connecting...

A serial exception error occurred: Could not configure port: (6, 'Device not configured')
Note: This error originates from pySerial. It is likely not a problem with esptool, but with the hardware connection or drivers.
For troubleshooting steps visit: https://docs.espressif.com/projects/esptool/en/latest/troubleshooting.html
RETRY address=0x104000 attempt=1 rc=1
BEGIN address=0x104000 file=/tmp/sesame-segmented-flash.NVZilx/chunk.bin attempt=2
esptool.py v4.12.0
Serial port /dev/cu.usbmodem101
Connecting...
Chip is ESP32-S3 (QFN56) (revision v0.2)
Features: WiFi, BLE, Embedded PSRAM 8MB (AP_3v3)
Crystal is 40MHz
USB mode: USB-Serial/JTAG
MAC: 28:84:85:a4:ef:1c
Uploading stub...
Running stub...
Stub running...
Configuring flash size...
Flash will be erased from 0x00104000 to 0x00107fff...
Writing at 0x00104000... (100 %)
Wrote 16384 bytes at 0x00104000 in 0.1 seconds (1101.5 kbit/s)...
Hash of data verified.

Leaving...
Staying in bootloader.
PASS address=0x104000 attempt=2
BEGIN address=0x108000 file=/tmp/sesame-segmented-flash.NVZilx/chunk.bin attempt=1
esptool.py v4.12.0
Serial port /dev/cu.usbmodem101
Connecting...

A serial exception error occurred: Could not configure port: (6, 'Device not configured')
Note: This error originates from pySerial. It is likely not a problem with esptool, but with the hardware connection or drivers.
For troubleshooting steps visit: https://docs.espressif.com/projects/esptool/en/latest/troubleshooting.html
RETRY address=0x108000 attempt=1 rc=1
BEGIN address=0x108000 file=/tmp/sesame-segmented-flash.NVZilx/chunk.bin attempt=2
esptool.py v4.12.0
Serial port /dev/cu.usbmodem101
Connecting...
Chip is ESP32-S3 (QFN56) (revision v0.2)
Features: WiFi, BLE, Embedded PSRAM 8MB (AP_3v3)
Crystal is 40MHz
USB mode: USB-Serial/JTAG
MAC: 28:84:85:a4:ef:1c
Uploading stub...
Running stub...
Stub running...
Configuring flash size...
Flash will be erased from 0x00108000 to 0x0010bfff...
Writing at 0x00108000... (100 %)
Wrote 16384 bytes at 0x00108000 in 0.1 seconds (1079.8 kbit/s)...
Hash of data verified.

Leaving...
Staying in bootloader.
PASS address=0x108000 attempt=2
BEGIN address=0x10c000 file=/tmp/sesame-segmented-flash.NVZilx/chunk.bin attempt=1
esptool.py v4.12.0
Serial port /dev/cu.usbmodem101
Connecting...
Chip is ESP32-S3 (QFN56) (revision v0.2)
Features: WiFi, BLE, Embedded PSRAM 8MB (AP_3v3)
Crystal is 40MHz
USB mode: USB-Serial/JTAG
MAC: 28:84:85:a4:ef:1c
Uploading stub...
Running stub...
Stub running...
Configuring flash size...
Flash will be erased from 0x0010c000 to 0x0010ffff...
Writing at 0x0010c000... (100 %)
Wrote 16384 bytes at 0x0010c000 in 0.1 seconds (1087.3 kbit/s)...
Hash of data verified.

Leaving...
Staying in bootloader.
PASS address=0x10c000 attempt=1
BEGIN address=0x110000 file=/tmp/sesame-segmented-flash.NVZilx/chunk.bin attempt=1
esptool.py v4.12.0
Serial port /dev/cu.usbmodem101
Connecting...
Chip is ESP32-S3 (QFN56) (revision v0.2)
Features: WiFi, BLE, Embedded PSRAM 8MB (AP_3v3)
Crystal is 40MHz
USB mode: USB-Serial/JTAG
MAC: 28:84:85:a4:ef:1c
Uploading stub...
Running stub...
Stub running...
Configuring flash size...
Flash will be erased from 0x00110000 to 0x00113fff...
Writing at 0x00110000... (100 %)
Wrote 16384 bytes at 0x00110000 in 0.1 seconds (1075.1 kbit/s)...
Hash of data verified.

Leaving...
Staying in bootloader.
PASS address=0x110000 attempt=1
BEGIN address=0x114000 file=/tmp/sesame-segmented-flash.NVZilx/chunk.bin attempt=1
esptool.py v4.12.0
Serial port /dev/cu.usbmodem101
Connecting...
Chip is ESP32-S3 (QFN56) (revision v0.2)
Features: WiFi, BLE, Embedded PSRAM 8MB (AP_3v3)
Crystal is 40MHz
USB mode: USB-Serial/JTAG
MAC: 28:84:85:a4:ef:1c
Uploading stub...
Running stub...
Stub running...
Configuring flash size...
Flash will be erased from 0x00114000 to 0x00117fff...
Writing at 0x00114000... (100 %)
Wrote 16384 bytes at 0x00114000 in 0.1 seconds (1097.7 kbit/s)...
Hash of data verified.

Leaving...
Staying in bootloader.
PASS address=0x114000 attempt=1
BEGIN address=0x118000 file=/tmp/sesame-segmented-flash.NVZilx/chunk.bin attempt=1
esptool.py v4.12.0
Serial port /dev/cu.usbmodem101
Connecting...
Chip is ESP32-S3 (QFN56) (revision v0.2)
Features: WiFi, BLE, Embedded PSRAM 8MB (AP_3v3)
Crystal is 40MHz
USB mode: USB-Serial/JTAG
MAC: 28:84:85:a4:ef:1c
Uploading stub...
Running stub...
Stub running...
Configuring flash size...
Flash will be erased from 0x00118000 to 0x0011bfff...
Writing at 0x00118000... (100 %)
Wrote 16384 bytes at 0x00118000 in 0.1 seconds (1046.6 kbit/s)...
Hash of data verified.

Leaving...
Staying in bootloader.
PASS address=0x118000 attempt=1
BEGIN address=0x11c000 file=/tmp/sesame-segmented-flash.NVZilx/chunk.bin attempt=1
esptool.py v4.12.0
Serial port /dev/cu.usbmodem101
Connecting...
Chip is ESP32-S3 (QFN56) (revision v0.2)
Features: WiFi, BLE, Embedded PSRAM 8MB (AP_3v3)
Crystal is 40MHz
USB mode: USB-Serial/JTAG
MAC: 28:84:85:a4:ef:1c
Uploading stub...
Running stub...
Stub running...
Configuring flash size...
Flash will be erased from 0x0011c000 to 0x0011ffff...
Writing at 0x0011c000... (100 %)
Wrote 16384 bytes at 0x0011c000 in 0.1 seconds (1103.1 kbit/s)...
Hash of data verified.

Leaving...
Staying in bootloader.
PASS address=0x11c000 attempt=1
BEGIN address=0x120000 file=/tmp/sesame-segmented-flash.NVZilx/chunk.bin attempt=1
esptool.py v4.12.0
Serial port /dev/cu.usbmodem101
Connecting...

A serial exception error occurred: Could not configure port: (6, 'Device not configured')
Note: This error originates from pySerial. It is likely not a problem with esptool, but with the hardware connection or drivers.
For troubleshooting steps visit: https://docs.espressif.com/projects/esptool/en/latest/troubleshooting.html
RETRY address=0x120000 attempt=1 rc=1
BEGIN address=0x120000 file=/tmp/sesame-segmented-flash.NVZilx/chunk.bin attempt=2
esptool.py v4.12.0
Serial port /dev/cu.usbmodem101
Connecting...
Chip is ESP32-S3 (QFN56) (revision v0.2)
Features: WiFi, BLE, Embedded PSRAM 8MB (AP_3v3)
Crystal is 40MHz
USB mode: USB-Serial/JTAG
MAC: 28:84:85:a4:ef:1c
Uploading stub...
Running stub...
Stub running...
Configuring flash size...
Flash will be erased from 0x00120000 to 0x00123fff...
Writing at 0x00120000... (100 %)
Wrote 16384 bytes at 0x00120000 in 0.1 seconds (1077.9 kbit/s)...
Hash of data verified.

Leaving...
Staying in bootloader.
PASS address=0x120000 attempt=2
BEGIN address=0x124000 file=/tmp/sesame-segmented-flash.NVZilx/chunk.bin attempt=1
esptool.py v4.12.0
Serial port /dev/cu.usbmodem101
Connecting...
Chip is ESP32-S3 (QFN56) (revision v0.2)
Features: WiFi, BLE, Embedded PSRAM 8MB (AP_3v3)
Crystal is 40MHz
USB mode: USB-Serial/JTAG
MAC: 28:84:85:a4:ef:1c
Uploading stub...
Running stub...
Stub running...
Configuring flash size...
Flash will be erased from 0x00124000 to 0x00127fff...
Writing at 0x00124000... (100 %)
Wrote 16384 bytes at 0x00124000 in 0.1 seconds (1102.9 kbit/s)...
Hash of data verified.

Leaving...
Staying in bootloader.
PASS address=0x124000 attempt=1
BEGIN address=0x128000 file=/tmp/sesame-segmented-flash.NVZilx/chunk.bin attempt=1
esptool.py v4.12.0
Serial port /dev/cu.usbmodem101
Connecting...
Chip is ESP32-S3 (QFN56) (revision v0.2)
Features: WiFi, BLE, Embedded PSRAM 8MB (AP_3v3)
Crystal is 40MHz
USB mode: USB-Serial/JTAG
MAC: 28:84:85:a4:ef:1c
Uploading stub...
Running stub...
Stub running...
Configuring flash size...
Flash will be erased from 0x00128000 to 0x0012bfff...
Writing at 0x00128000... (100 %)
Wrote 16384 bytes at 0x00128000 in 0.1 seconds (1078.5 kbit/s)...
Hash of data verified.

Leaving...
Staying in bootloader.
PASS address=0x128000 attempt=1
BEGIN address=0x12c000 file=/tmp/sesame-segmented-flash.NVZilx/chunk.bin attempt=1
esptool.py v4.12.0
Serial port /dev/cu.usbmodem101
Connecting...
Chip is ESP32-S3 (QFN56) (revision v0.2)
Features: WiFi, BLE, Embedded PSRAM 8MB (AP_3v3)
Crystal is 40MHz
USB mode: USB-Serial/JTAG
MAC: 28:84:85:a4:ef:1c
Uploading stub...
Running stub...
Stub running...
Configuring flash size...
Flash will be erased from 0x0012c000 to 0x0012ffff...
Writing at 0x0012c000... (100 %)
Wrote 16384 bytes at 0x0012c000 in 0.1 seconds (1100.8 kbit/s)...
Hash of data verified.

Leaving...
Staying in bootloader.
PASS address=0x12c000 attempt=1
BEGIN address=0x130000 file=/tmp/sesame-segmented-flash.NVZilx/chunk.bin attempt=1
esptool.py v4.12.0
Serial port /dev/cu.usbmodem101
Connecting...
Chip is ESP32-S3 (QFN56) (revision v0.2)
Features: WiFi, BLE, Embedded PSRAM 8MB (AP_3v3)
Crystal is 40MHz
USB mode: USB-Serial/JTAG
MAC: 28:84:85:a4:ef:1c
Uploading stub...
Running stub...
Stub running...
Configuring flash size...
Flash will be erased from 0x00130000 to 0x00133fff...
Writing at 0x00130000... (100 %)
Wrote 16384 bytes at 0x00130000 in 0.1 seconds (1078.3 kbit/s)...
Hash of data verified.

Leaving...
Staying in bootloader.
PASS address=0x130000 attempt=1
BEGIN address=0x134000 file=/tmp/sesame-segmented-flash.NVZilx/chunk.bin attempt=1
esptool.py v4.12.0
Serial port /dev/cu.usbmodem101
Connecting...
Traceback (most recent call last):
  File "/Library/Developer/CommandLineTools/Library/Frameworks/Python3.framework/Versions/3.9/lib/python3.9/runpy.py", line 197, in _run_module_as_main
    return _run_code(code, main_globals, None,
  File "/Library/Developer/CommandLineTools/Library/Frameworks/Python3.framework/Versions/3.9/lib/python3.9/runpy.py", line 87, in _run_code
    exec(code, run_globals)
  File "/Users/mac/.espressif/python_env/idf5.5_py3.9_env/lib/python3.9/site-packages/esptool/__main__.py", line 9, in <module>
    esptool._main()
  File "/Users/mac/.espressif/python_env/idf5.5_py3.9_env/lib/python3.9/site-packages/esptool/__init__.py", line 1382, in _main
    main()
  File "/Users/mac/.espressif/python_env/idf5.5_py3.9_env/lib/python3.9/site-packages/esptool/__init__.py", line 816, in main
    esp = esp or get_default_connected_device(
  File "/Users/mac/.espressif/python_env/idf5.5_py3.9_env/lib/python3.9/site-packages/esptool/__init__.py", line 1263, in get_default_connected_device
    _esp.connect(before, connect_attempts)
  File "/Users/mac/.espressif/python_env/idf5.5_py3.9_env/lib/python3.9/site-packages/esptool/loader.py", line 788, in connect
    last_error = self._connect_attempt(reset_strategy, mode)
  File "/Users/mac/.espressif/python_env/idf5.5_py3.9_env/lib/python3.9/site-packages/esptool/loader.py", line 679, in _connect_attempt
    self.flush_input()
  File "/Users/mac/.espressif/python_env/idf5.5_py3.9_env/lib/python3.9/site-packages/esptool/loader.py", line 588, in flush_input
    self._port.flushInput()
  File "/Users/mac/.espressif/python_env/idf5.5_py3.9_env/lib/python3.9/site-packages/serial/serialutil.py", line 588, in flushInput
    self.reset_input_buffer()
  File "/Users/mac/.espressif/python_env/idf5.5_py3.9_env/lib/python3.9/site-packages/serial/serialposix.py", line 683, in reset_input_buffer
    self._reset_input_buffer()
  File "/Users/mac/.espressif/python_env/idf5.5_py3.9_env/lib/python3.9/site-packages/serial/serialposix.py", line 677, in _reset_input_buffer
    termios.tcflush(self.fd, termios.TCIFLUSH)
termios.error: (6, 'Device not configured')
RETRY address=0x134000 attempt=1 rc=1
BEGIN address=0x134000 file=/tmp/sesame-segmented-flash.NVZilx/chunk.bin attempt=2
esptool.py v4.12.0
Serial port /dev/cu.usbmodem101
Connecting...
Chip is ESP32-S3 (QFN56) (revision v0.2)
Features: WiFi, BLE, Embedded PSRAM 8MB (AP_3v3)
Crystal is 40MHz
USB mode: USB-Serial/JTAG
MAC: 28:84:85:a4:ef:1c
Uploading stub...
Running stub...
Stub running...
Configuring flash size...
Flash will be erased from 0x00134000 to 0x00137fff...
Writing at 0x00134000... (100 %)
Wrote 16384 bytes at 0x00134000 in 0.1 seconds (1092.7 kbit/s)...
Hash of data verified.

Leaving...
Staying in bootloader.
PASS address=0x134000 attempt=2
BEGIN address=0x138000 file=/tmp/sesame-segmented-flash.NVZilx/chunk.bin attempt=1
esptool.py v4.12.0
Serial port /dev/cu.usbmodem101
Connecting...
Chip is ESP32-S3 (QFN56) (revision v0.2)
Features: WiFi, BLE, Embedded PSRAM 8MB (AP_3v3)
Crystal is 40MHz
USB mode: USB-Serial/JTAG
MAC: 28:84:85:a4:ef:1c
Uploading stub...
Running stub...
Stub running...
Configuring flash size...
Flash will be erased from 0x00138000 to 0x0013bfff...
Writing at 0x00138000... (100 %)
Wrote 16384 bytes at 0x00138000 in 0.1 seconds (1062.9 kbit/s)...
Hash of data verified.

Leaving...
Staying in bootloader.
PASS address=0x138000 attempt=1
BEGIN address=0x13c000 file=/tmp/sesame-segmented-flash.NVZilx/chunk.bin attempt=1
esptool.py v4.12.0
Serial port /dev/cu.usbmodem101
Connecting...
Chip is ESP32-S3 (QFN56) (revision v0.2)
Features: WiFi, BLE, Embedded PSRAM 8MB (AP_3v3)
Crystal is 40MHz
USB mode: USB-Serial/JTAG
MAC: 28:84:85:a4:ef:1c
Uploading stub...
Running stub...
Stub running...
Configuring flash size...
Flash will be erased from 0x0013c000 to 0x0013ffff...
Writing at 0x0013c000... (100 %)
Wrote 16384 bytes at 0x0013c000 in 0.1 seconds (1077.4 kbit/s)...
Hash of data verified.

Leaving...
Staying in bootloader.
PASS address=0x13c000 attempt=1
BEGIN address=0x140000 file=/tmp/sesame-segmented-flash.NVZilx/chunk.bin attempt=1
esptool.py v4.12.0
Serial port /dev/cu.usbmodem101
Connecting...
Chip is ESP32-S3 (QFN56) (revision v0.2)
Features: WiFi, BLE, Embedded PSRAM 8MB (AP_3v3)
Crystal is 40MHz
USB mode: USB-Serial/JTAG
MAC: 28:84:85:a4:ef:1c
Uploading stub...
Running stub...
Stub running...
Configuring flash size...
Flash will be erased from 0x00140000 to 0x00143fff...
Writing at 0x00140000... (100 %)
Wrote 16384 bytes at 0x00140000 in 0.1 seconds (1081.3 kbit/s)...
Hash of data verified.

Leaving...
Staying in bootloader.
PASS address=0x140000 attempt=1
BEGIN address=0x144000 file=/tmp/sesame-segmented-flash.NVZilx/chunk.bin attempt=1
esptool.py v4.12.0
Serial port /dev/cu.usbmodem101
Connecting...
Chip is ESP32-S3 (QFN56) (revision v0.2)
Features: WiFi, BLE, Embedded PSRAM 8MB (AP_3v3)
Crystal is 40MHz
USB mode: USB-Serial/JTAG
MAC: 28:84:85:a4:ef:1c
Uploading stub...
Running stub...
Stub running...
Configuring flash size...
Flash will be erased from 0x00144000 to 0x00147fff...
Writing at 0x00144000... (100 %)
Wrote 16384 bytes at 0x00144000 in 0.1 seconds (1089.4 kbit/s)...
Hash of data verified.

Leaving...
Staying in bootloader.
PASS address=0x144000 attempt=1
BEGIN address=0x148000 file=/tmp/sesame-segmented-flash.NVZilx/chunk.bin attempt=1
esptool.py v4.12.0
Serial port /dev/cu.usbmodem101
Connecting...
Chip is ESP32-S3 (QFN56) (revision v0.2)
Features: WiFi, BLE, Embedded PSRAM 8MB (AP_3v3)
Crystal is 40MHz
USB mode: USB-Serial/JTAG
MAC: 28:84:85:a4:ef:1c
Uploading stub...
Running stub...
Stub running...
Configuring flash size...
Flash will be erased from 0x00148000 to 0x0014bfff...
Writing at 0x00148000... (100 %)
Wrote 16384 bytes at 0x00148000 in 0.1 seconds (1076.6 kbit/s)...
Hash of data verified.

Leaving...
Staying in bootloader.
PASS address=0x148000 attempt=1
BEGIN address=0x14c000 file=/tmp/sesame-segmented-flash.NVZilx/chunk.bin attempt=1
esptool.py v4.12.0
Serial port /dev/cu.usbmodem101
Connecting...
Chip is ESP32-S3 (QFN56) (revision v0.2)
Features: WiFi, BLE, Embedded PSRAM 8MB (AP_3v3)
Crystal is 40MHz
USB mode: USB-Serial/JTAG
MAC: 28:84:85:a4:ef:1c
Uploading stub...
Running stub...
Stub running...
Configuring flash size...
Flash will be erased from 0x0014c000 to 0x0014ffff...
Writing at 0x0014c000... (100 %)
Wrote 16384 bytes at 0x0014c000 in 0.1 seconds (1083.7 kbit/s)...
Hash of data verified.

Leaving...
Staying in bootloader.
PASS address=0x14c000 attempt=1
BEGIN address=0x150000 file=/tmp/sesame-segmented-flash.NVZilx/chunk.bin attempt=1
esptool.py v4.12.0
Serial port /dev/cu.usbmodem101
Connecting...

A serial exception error occurred: Could not configure port: (6, 'Device not configured')
Note: This error originates from pySerial. It is likely not a problem with esptool, but with the hardware connection or drivers.
For troubleshooting steps visit: https://docs.espressif.com/projects/esptool/en/latest/troubleshooting.html
RETRY address=0x150000 attempt=1 rc=1
BEGIN address=0x150000 file=/tmp/sesame-segmented-flash.NVZilx/chunk.bin attempt=2
esptool.py v4.12.0
Serial port /dev/cu.usbmodem101
Connecting...
Chip is ESP32-S3 (QFN56) (revision v0.2)
Features: WiFi, BLE, Embedded PSRAM 8MB (AP_3v3)
Crystal is 40MHz
USB mode: USB-Serial/JTAG
MAC: 28:84:85:a4:ef:1c
Uploading stub...
Running stub...
Stub running...
Configuring flash size...
Flash will be erased from 0x00150000 to 0x00153fff...
Writing at 0x00150000... (100 %)
Wrote 16384 bytes at 0x00150000 in 0.1 seconds (1067.6 kbit/s)...
Hash of data verified.

Leaving...
Staying in bootloader.
PASS address=0x150000 attempt=2
BEGIN address=0x154000 file=/tmp/sesame-segmented-flash.NVZilx/chunk.bin attempt=1
esptool.py v4.12.0
Serial port /dev/cu.usbmodem101
Connecting...
Chip is ESP32-S3 (QFN56) (revision v0.2)
Features: WiFi, BLE, Embedded PSRAM 8MB (AP_3v3)
Crystal is 40MHz
USB mode: USB-Serial/JTAG
MAC: 28:84:85:a4:ef:1c
Uploading stub...
Running stub...
Stub running...
Configuring flash size...
Flash will be erased from 0x00154000 to 0x00157fff...
Writing at 0x00154000... (100 %)
Wrote 16384 bytes at 0x00154000 in 0.1 seconds (1067.3 kbit/s)...
Hash of data verified.

Leaving...
Staying in bootloader.
PASS address=0x154000 attempt=1
BEGIN address=0x158000 file=/tmp/sesame-segmented-flash.NVZilx/chunk.bin attempt=1
esptool.py v4.12.0
Serial port /dev/cu.usbmodem101
Connecting...
Chip is ESP32-S3 (QFN56) (revision v0.2)
Features: WiFi, BLE, Embedded PSRAM 8MB (AP_3v3)
Crystal is 40MHz
USB mode: USB-Serial/JTAG
MAC: 28:84:85:a4:ef:1c
Uploading stub...
Running stub...
Stub running...
Configuring flash size...
Flash will be erased from 0x00158000 to 0x0015bfff...
Writing at 0x00158000... (100 %)
Wrote 16384 bytes at 0x00158000 in 0.1 seconds (1081.1 kbit/s)...
Hash of data verified.

Leaving...
Staying in bootloader.
PASS address=0x158000 attempt=1
BEGIN address=0x15c000 file=/tmp/sesame-segmented-flash.NVZilx/chunk.bin attempt=1
esptool.py v4.12.0
Serial port /dev/cu.usbmodem101
Connecting...
Chip is ESP32-S3 (QFN56) (revision v0.2)
Features: WiFi, BLE, Embedded PSRAM 8MB (AP_3v3)
Crystal is 40MHz
USB mode: USB-Serial/JTAG
MAC: 28:84:85:a4:ef:1c
Uploading stub...
Running stub...
Stub running...
Configuring flash size...
Flash will be erased from 0x0015c000 to 0x0015ffff...
Writing at 0x0015c000... (100 %)
Wrote 16384 bytes at 0x0015c000 in 0.1 seconds (1068.8 kbit/s)...
Hash of data verified.

Leaving...
Staying in bootloader.
PASS address=0x15c000 attempt=1
BEGIN address=0x160000 file=/tmp/sesame-segmented-flash.NVZilx/chunk.bin attempt=1
esptool.py v4.12.0
Serial port /dev/cu.usbmodem101
Connecting...
Chip is ESP32-S3 (QFN56) (revision v0.2)
Features: WiFi, BLE, Embedded PSRAM 8MB (AP_3v3)
Crystal is 40MHz
USB mode: USB-Serial/JTAG
MAC: 28:84:85:a4:ef:1c
Uploading stub...
Running stub...
Stub running...
Configuring flash size...
Flash will be erased from 0x00160000 to 0x00163fff...
Writing at 0x00160000... (100 %)
Wrote 16384 bytes at 0x00160000 in 0.1 seconds (1080.3 kbit/s)...
Hash of data verified.

Leaving...
Staying in bootloader.
PASS address=0x160000 attempt=1
BEGIN address=0x164000 file=/tmp/sesame-segmented-flash.NVZilx/chunk.bin attempt=1
esptool.py v4.12.0
Serial port /dev/cu.usbmodem101
Connecting...
Chip is ESP32-S3 (QFN56) (revision v0.2)
Features: WiFi, BLE, Embedded PSRAM 8MB (AP_3v3)
Crystal is 40MHz
USB mode: USB-Serial/JTAG
MAC: 28:84:85:a4:ef:1c
Uploading stub...
Running stub...
Stub running...
Configuring flash size...
Flash will be erased from 0x00164000 to 0x00167fff...
Writing at 0x00164000... (100 %)

A serial exception error occurred: Could not configure port: (6, 'Device not configured')
Note: This error originates from pySerial. It is likely not a problem with esptool, but with the hardware connection or drivers.
For troubleshooting steps visit: https://docs.espressif.com/projects/esptool/en/latest/troubleshooting.html
RETRY address=0x164000 attempt=1 rc=1
BEGIN address=0x164000 file=/tmp/sesame-segmented-flash.NVZilx/chunk.bin attempt=2
esptool.py v4.12.0
Serial port /dev/cu.usbmodem101
Connecting...
Chip is ESP32-S3 (QFN56) (revision v0.2)
Features: WiFi, BLE, Embedded PSRAM 8MB (AP_3v3)
Crystal is 40MHz
USB mode: USB-Serial/JTAG
MAC: 28:84:85:a4:ef:1c
Uploading stub...
Running stub...
Stub running...
Configuring flash size...
Flash will be erased from 0x00164000 to 0x00167fff...
Writing at 0x00164000... (100 %)
Wrote 16384 bytes at 0x00164000 in 0.2 seconds (747.8 kbit/s)...
Hash of data verified.

Leaving...
Staying in bootloader.
PASS address=0x164000 attempt=2
BEGIN address=0x168000 file=/tmp/sesame-segmented-flash.NVZilx/chunk.bin attempt=1
esptool.py v4.12.0
Serial port /dev/cu.usbmodem101
Connecting...
Chip is ESP32-S3 (QFN56) (revision v0.2)
Features: WiFi, BLE, Embedded PSRAM 8MB (AP_3v3)
Crystal is 40MHz
USB mode: USB-Serial/JTAG
MAC: 28:84:85:a4:ef:1c
Uploading stub...
Running stub...
Stub running...
Configuring flash size...
Flash will be erased from 0x00168000 to 0x0016bfff...
Writing at 0x00168000... (100 %)
Wrote 16384 bytes at 0x00168000 in 0.1 seconds (975.7 kbit/s)...
Hash of data verified.

Leaving...
Staying in bootloader.
PASS address=0x168000 attempt=1
BEGIN address=0x16c000 file=/tmp/sesame-segmented-flash.NVZilx/chunk.bin attempt=1
esptool.py v4.12.0
Serial port /dev/cu.usbmodem101
Connecting...
Chip is ESP32-S3 (QFN56) (revision v0.2)
Features: WiFi, BLE, Embedded PSRAM 8MB (AP_3v3)
Crystal is 40MHz
USB mode: USB-Serial/JTAG
MAC: 28:84:85:a4:ef:1c
Uploading stub...
Running stub...
Stub running...
Configuring flash size...
Flash will be erased from 0x0016c000 to 0x0016ffff...
Writing at 0x0016c000... (100 %)
Wrote 16384 bytes at 0x0016c000 in 0.1 seconds (1057.4 kbit/s)...
Hash of data verified.

Leaving...
Staying in bootloader.
PASS address=0x16c000 attempt=1
BEGIN address=0x170000 file=/tmp/sesame-segmented-flash.NVZilx/chunk.bin attempt=1
esptool.py v4.12.0
Serial port /dev/cu.usbmodem101
Connecting...
Chip is ESP32-S3 (QFN56) (revision v0.2)
Features: WiFi, BLE, Embedded PSRAM 8MB (AP_3v3)
Crystal is 40MHz
USB mode: USB-Serial/JTAG
MAC: 28:84:85:a4:ef:1c
Uploading stub...
Running stub...
Stub running...
Configuring flash size...
Flash will be erased from 0x00170000 to 0x00173fff...
Writing at 0x00170000... (100 %)
Wrote 16384 bytes at 0x00170000 in 0.2 seconds (727.5 kbit/s)...

A serial exception error occurred: Could not configure port: (6, 'Device not configured')
Note: This error originates from pySerial. It is likely not a problem with esptool, but with the hardware connection or drivers.
For troubleshooting steps visit: https://docs.espressif.com/projects/esptool/en/latest/troubleshooting.html
RETRY address=0x170000 attempt=1 rc=1
BEGIN address=0x170000 file=/tmp/sesame-segmented-flash.NVZilx/chunk.bin attempt=2
esptool.py v4.12.0
Serial port /dev/cu.usbmodem101
Connecting...
Chip is ESP32-S3 (QFN56) (revision v0.2)
Features: WiFi, BLE, Embedded PSRAM 8MB (AP_3v3)
Crystal is 40MHz
USB mode: USB-Serial/JTAG
MAC: 28:84:85:a4:ef:1c
Uploading stub...
Running stub...
Stub running...
Configuring flash size...
Flash will be erased from 0x00170000 to 0x00173fff...
Writing at 0x00170000... (100 %)
Wrote 16384 bytes at 0x00170000 in 0.2 seconds (738.4 kbit/s)...
Hash of data verified.

Leaving...
Staying in bootloader.
PASS address=0x170000 attempt=2
BEGIN address=0x174000 file=/tmp/sesame-segmented-flash.NVZilx/chunk.bin attempt=1
esptool.py v4.12.0
Serial port /dev/cu.usbmodem101
Connecting...
Chip is ESP32-S3 (QFN56) (revision v0.2)
Features: WiFi, BLE, Embedded PSRAM 8MB (AP_3v3)
Crystal is 40MHz
USB mode: USB-Serial/JTAG
MAC: 28:84:85:a4:ef:1c
Uploading stub...
Running stub...
Stub running...
Configuring flash size...
Flash will be erased from 0x00174000 to 0x00177fff...
Writing at 0x00174000... (100 %)
Wrote 16384 bytes at 0x00174000 in 0.2 seconds (761.9 kbit/s)...
Hash of data verified.

Leaving...
Staying in bootloader.
PASS address=0x174000 attempt=1
BEGIN address=0x178000 file=/tmp/sesame-segmented-flash.NVZilx/chunk.bin attempt=1
esptool.py v4.12.0
Serial port /dev/cu.usbmodem101
Connecting...
Chip is ESP32-S3 (QFN56) (revision v0.2)
Features: WiFi, BLE, Embedded PSRAM 8MB (AP_3v3)
Crystal is 40MHz
USB mode: USB-Serial/JTAG
MAC: 28:84:85:a4:ef:1c
Uploading stub...
Running stub...
Stub running...
Configuring flash size...
Flash will be erased from 0x00178000 to 0x0017bfff...
Writing at 0x00178000... (100 %)
Wrote 16384 bytes at 0x00178000 in 0.2 seconds (735.2 kbit/s)...
Hash of data verified.

Leaving...
Staying in bootloader.
PASS address=0x178000 attempt=1
BEGIN address=0x17c000 file=/tmp/sesame-segmented-flash.NVZilx/chunk.bin attempt=1
esptool.py v4.12.0
Serial port /dev/cu.usbmodem101
Connecting...
Chip is ESP32-S3 (QFN56) (revision v0.2)
Features: WiFi, BLE, Embedded PSRAM 8MB (AP_3v3)
Crystal is 40MHz
USB mode: USB-Serial/JTAG
MAC: 28:84:85:a4:ef:1c
Uploading stub...
Running stub...
Stub running...
Configuring flash size...
Flash will be erased from 0x0017c000 to 0x0017ffff...
Writing at 0x0017c000... (100 %)
Wrote 16384 bytes at 0x0017c000 in 0.2 seconds (721.4 kbit/s)...
Hash of data verified.

Leaving...
Staying in bootloader.
PASS address=0x17c000 attempt=1
BEGIN address=0x180000 file=/tmp/sesame-segmented-flash.NVZilx/chunk.bin attempt=1
esptool.py v4.12.0
Serial port /dev/cu.usbmodem101
Connecting...
Chip is ESP32-S3 (QFN56) (revision v0.2)
Features: WiFi, BLE, Embedded PSRAM 8MB (AP_3v3)
Crystal is 40MHz
USB mode: USB-Serial/JTAG
MAC: 28:84:85:a4:ef:1c
Uploading stub...
Running stub...
Stub running...
Configuring flash size...
Flash will be erased from 0x00180000 to 0x00183fff...
Writing at 0x00180000... (100 %)
Wrote 16384 bytes at 0x00180000 in 0.2 seconds (760.9 kbit/s)...
Hash of data verified.

Leaving...
Staying in bootloader.
PASS address=0x180000 attempt=1
BEGIN address=0x184000 file=/tmp/sesame-segmented-flash.NVZilx/chunk.bin attempt=1
esptool.py v4.12.0
Serial port /dev/cu.usbmodem101
Connecting...
Chip is ESP32-S3 (QFN56) (revision v0.2)
Features: WiFi, BLE, Embedded PSRAM 8MB (AP_3v3)
Crystal is 40MHz
USB mode: USB-Serial/JTAG
MAC: 28:84:85:a4:ef:1c
Uploading stub...
Running stub...
Stub running...
Configuring flash size...
Flash will be erased from 0x00184000 to 0x00184fff...
Writing at 0x00184000... (100 %)
Wrote 16384 bytes at 0x00184000 in 0.1 seconds (1412.4 kbit/s)...
Hash of data verified.

Leaving...
Staying in bootloader.
PASS address=0x184000 attempt=1
BEGIN address=0x410000 file=/Users/mac/Desktop/2/firmware/esp32_voice_idf/build-p1/srmodels/srmodels.bin attempt=1
esptool.py v4.12.0
Serial port /dev/cu.usbmodem101
Connecting...
Chip is ESP32-S3 (QFN56) (revision v0.2)
Features: WiFi, BLE, Embedded PSRAM 8MB (AP_3v3)
Crystal is 40MHz
USB mode: USB-Serial/JTAG
MAC: 28:84:85:a4:ef:1c
Uploading stub...
Running stub...
Stub running...
Configuring flash size...
Flash will be erased from 0x00410000 to 0x00410fff...
Writing at 0x00410000... (100 %)
Wrote 16384 bytes at 0x00410000 in 0.1 seconds (1495.8 kbit/s)...
Hash of data verified.

Leaving...
Hard resetting via RTS pin...
PASS address=0x410000 attempt=1
segmented_flash=PASS
verified_units=97
retries=15
log=/Users/mac/Documents/sesame robot/flash-diagnostics/segmented-flash-proof-20260810-0044.log
temp_dir=/tmp/sesame-segmented-flash.NVZilx
