Sesame Robot ESP32-S3 一键烧录
项目：/Users/mac/Desktop/2/firmware/esp32_voice_idf
暂时停止 Gateway，释放 ESP32 串口...
加载 ESP-IDF 环境...
Activating ESP-IDF 5.5
Setting IDF_PATH to '/Users/mac/.espressif/frameworks/esp-idf-v5.5.4'.
* Checking python version ... 3.9.6
* Checking python dependencies ... OK
* Deactivating the current ESP-IDF environment (if any) ... OK
* Establishing a new ESP-IDF environment ... OK
* Identifying shell ... zsh
* Detecting outdated tools in system ... OK - no outdated tools found
* Shell completion ... Autocompletion code generated
已实时识别 ESP32-S3 串口：/dev/cu.usbmodem101
开始构建并以稳定的 115200 波特率烧录。请不要拔掉 USB，也不要按住 BOOT。
ninja: warning: premature end of file; recovering
Executing action: all (aliases: build)
Running ninja in directory /Users/mac/Desktop/2/firmware/esp32_voice_idf/build-p1
Executing "ninja all"...
[1/28] Performing build step for 'bootloader'
[1/1] cd /Users/mac/Desktop/2/firmware/esp32_voice_idf/build-p1/bootloader/esp-idf/esptool_py && /Users/mac/.espressif/python_env/idf5.5_py3.9_env/bin/python /Users/mac/.espressif/frameworks/esp-idf-v5.5.4/components/partition_table/check_sizes.py --offset 0x8000 bootloader 0x0 /Users/mac/Desktop/2/firmware/esp32_voice_idf/build-p1/bootloader/bootloader.bin
Bootloader binary size 0x5160 bytes. 0x2ea0 bytes (36%) free.
[2/28] No install step for 'bootloader'
[3/28] Completed 'bootloader'
[4/28] Building C object esp-idf/esp_app_format/CMakeFiles/__idf_esp_app_format.dir/esp_app_desc.c.obj
[5/28] Linking C static library esp-idf/esp_app_format/libesp_app_format.a
[6/28] Building CXX object esp-idf/sesame_voice/CMakeFiles/__idf_sesame_voice.dir/zhima_wakeword_model_data.cpp.obj
[7/28] Building CXX object esp-idf/sesame_voice/CMakeFiles/__idf_sesame_voice.dir/wake_ack_audio.cpp.obj
[8/28] Building CXX object esp-idf/sesame_voice/CMakeFiles/__idf_sesame_voice.dir/voice_turn_detector.cpp.obj
[9/28] Building CXX object esp-idf/sesame_protocol/CMakeFiles/__idf_sesame_protocol.dir/control_event.cpp.obj
[10/28] Linking C static library esp-idf/sesame_protocol/libsesame_protocol.a
[11/28] Building CXX object esp-idf/sesame_robot/CMakeFiles/__idf_sesame_robot.dir/motion_plan.cpp.obj
[12/28] Building CXX object esp-idf/sesame_robot/CMakeFiles/__idf_sesame_robot.dir/action_policy.cpp.obj
[13/28] Building CXX object esp-idf/sesame_web/CMakeFiles/__idf_sesame_web.dir/web_command.cpp.obj
[14/28] Building CXX object esp-idf/sesame_robot/CMakeFiles/__idf_sesame_robot.dir/robot_adapter.cpp.obj
[15/28] Building CXX object esp-idf/sesame_robot/CMakeFiles/__idf_sesame_robot.dir/esp32_servo_driver.cpp.obj
[16/28] Linking C static library esp-idf/sesame_robot/libsesame_robot.a
[17/28] Building CXX object esp-idf/sesame_voice/CMakeFiles/__idf_sesame_voice.dir/voice_controller.cpp.obj
[18/28] Building CXX object esp-idf/sesame_web/CMakeFiles/__idf_sesame_web.dir/web_control_server.cpp.obj
[19/28] Building CXX object esp-idf/sesame_web/CMakeFiles/__idf_sesame_web.dir/legacy_motion_runner.cpp.obj
[20/28] Building CXX object esp-idf/main/CMakeFiles/__idf_main.dir/app_main.cpp.obj
[21/28] Linking C static library esp-idf/sesame_web/libsesame_web.a
[22/28] Building CXX object esp-idf/sesame_voice/CMakeFiles/__idf_sesame_voice.dir/wake_vad_engine.cpp.obj
[23/28] Linking C static library esp-idf/sesame_voice/libsesame_voice.a
[24/28] Linking C static library esp-idf/main/libmain.a
[25/28] Generating esp-idf/esp_system/ld/sections.ld
[26/28] Linking CXX executable sesame_robot_v3.elf
[27/28] Generating binary image from built executable
esptool.py v4.12.0
Creating esp32s3 image...
Merged 2 ELF sections
Successfully created esp32s3 image.
Generated /Users/mac/Desktop/2/firmware/esp32_voice_idf/build-p1/sesame_robot_v3.bin
[28/28] cd /Users/mac/Desktop/2/firmware/esp32_voice_idf/build-p1/esp-idf/esptool_py && /Users/mac/.espressif/python_env/idf5.5_py3.9_env/bin/python /Users/mac/.espressif/frameworks/esp-idf-v5.5.4/components/partition_table/check_sizes.py --offset 0x8000 partition --type app /Users/mac/Desktop/2/firmware/esp32_voice_idf/build-p1/partition_table/partition-table.bin /Users/mac/Desktop/2/firmware/esp32_voice_idf/build-p1/sesame_robot_v3.bin
sesame_robot_v3.bin binary size 0x174d70 bytes. Smallest app partition is 0x400000 bytes. 0x28b290 bytes (64%) free.
ninja: warning: premature end of file; recovering
Executing action: flash
Running ninja in directory /Users/mac/Desktop/2/firmware/esp32_voice_idf/build-p1
Executing "ninja flash"...
[1/29] Building C object esp-idf/esp_app_format/CMakeFiles/__idf_esp_app_format.dir/esp_app_desc.c.obj
[2/29] Performing build step for 'bootloader'
[1/1] cd /Users/mac/Desktop/2/firmware/esp32_voice_idf/build-p1/bootloader/esp-idf/esptool_py && /Users/mac/.espressif/python_env/idf5.5_py3.9_env/bin/python /Users/mac/.espressif/frameworks/esp-idf-v5.5.4/components/partition_table/check_sizes.py --offset 0x8000 bootloader 0x0 /Users/mac/Desktop/2/firmware/esp32_voice_idf/build-p1/bootloader/bootloader.bin
Bootloader binary size 0x5160 bytes. 0x2ea0 bytes (36%) free.
[3/29] No install step for 'bootloader'
[4/29] Linking C static library esp-idf/esp_app_format/libesp_app_format.a
[5/29] Completed 'bootloader'
[6/29] Building CXX object esp-idf/sesame_voice/CMakeFiles/__idf_sesame_voice.dir/zhima_wakeword_model_data.cpp.obj
[7/29] Building CXX object esp-idf/sesame_voice/CMakeFiles/__idf_sesame_voice.dir/voice_turn_detector.cpp.obj
[8/29] Building CXX object esp-idf/sesame_protocol/CMakeFiles/__idf_sesame_protocol.dir/control_event.cpp.obj
[9/29] Building CXX object esp-idf/sesame_voice/CMakeFiles/__idf_sesame_voice.dir/wake_ack_audio.cpp.obj
[10/29] Linking C static library esp-idf/sesame_protocol/libsesame_protocol.a
[11/29] Building CXX object esp-idf/sesame_robot/CMakeFiles/__idf_sesame_robot.dir/motion_plan.cpp.obj
[12/29] Building CXX object esp-idf/sesame_robot/CMakeFiles/__idf_sesame_robot.dir/action_policy.cpp.obj
[13/29] Building CXX object esp-idf/sesame_robot/CMakeFiles/__idf_sesame_robot.dir/robot_adapter.cpp.obj
[14/29] Building CXX object esp-idf/sesame_web/CMakeFiles/__idf_sesame_web.dir/web_command.cpp.obj
[15/29] Building CXX object esp-idf/sesame_robot/CMakeFiles/__idf_sesame_robot.dir/esp32_servo_driver.cpp.obj
[16/29] Linking C static library esp-idf/sesame_robot/libsesame_robot.a
[17/29] Building CXX object esp-idf/sesame_voice/CMakeFiles/__idf_sesame_voice.dir/voice_controller.cpp.obj
[18/29] Building CXX object esp-idf/sesame_web/CMakeFiles/__idf_sesame_web.dir/web_control_server.cpp.obj
[19/29] Building CXX object esp-idf/main/CMakeFiles/__idf_main.dir/app_main.cpp.obj
[20/29] Building CXX object esp-idf/sesame_web/CMakeFiles/__idf_sesame_web.dir/legacy_motion_runner.cpp.obj
[21/29] Linking C static library esp-idf/sesame_web/libsesame_web.a
[22/29] Building CXX object esp-idf/sesame_voice/CMakeFiles/__idf_sesame_voice.dir/wake_vad_engine.cpp.obj
[23/29] Linking C static library esp-idf/sesame_voice/libsesame_voice.a
[24/29] Linking C static library esp-idf/main/libmain.a
[25/29] Generating esp-idf/esp_system/ld/sections.ld
[26/29] Linking CXX executable sesame_robot_v3.elf
[27/29] Generating binary image from built executable
esptool.py v4.12.0
Creating esp32s3 image...
Merged 2 ELF sections
Successfully created esp32s3 image.
Generated /Users/mac/Desktop/2/firmware/esp32_voice_idf/build-p1/sesame_robot_v3.bin
[28/29] cd /Users/mac/Desktop/2/firmware/esp32_voice_idf/build-p1/esp-idf/esptool_py && /Users/mac/.espressif/python_env/idf5.5_py3.9_env/bin/python /Users/mac/.espressif/frameworks/esp-idf-v5.5.4/components/partition_table/check_sizes.py --offset 0x8000 partition --type app /Users/mac/Desktop/2/firmware/esp32_voice_idf/build-p1/partition_table/partition-table.bin /Users/mac/Desktop/2/firmware/esp32_voice_idf/build-p1/sesame_robot_v3.bin
sesame_robot_v3.bin binary size 0x174d70 bytes. Smallest app partition is 0x400000 bytes. 0x28b290 bytes (64%) free.
[28/29] cd /Users/mac/.espressif/frameworks/esp-idf-v5.5.4/components/esptool_py && /opt/homebrew/bin/cmake -D IDF_PATH=/Users/mac/.espressif/frameworks/esp-idf-v5.5.4 -D "SERIAL_TOOL=/Users/mac/.espressif/python_env/idf5.5_py3.9_env/bin/python;;/Users/mac/.espressif/frameworks/esp-idf-v5.5.4/components/esptool_py/esptool/esptool.py;--chip;esp32s3" -D "SERIAL_TOOL_ARGS=--before=default_reset;--after=hard_reset;write_flash;@flash_args" -D WORKING_DIRECTORY=/Users/mac/Desktop/2/firmware/esp32_voice_idf/build-p1 -P /Users/mac/.espressif/frameworks/esp-idf-v5.5.4/components/esptool_py/run_serial_tool.cmake
esptool.py --chip esp32s3 -p /dev/cu.usbmodem101 -b 115200 --before=default_reset --after=hard_reset write_flash --flash_mode dio --flash_freq 80m --flash_size 16MB 0x0 bootloader/bootloader.bin 0x10000 sesame_robot_v3.bin 0x8000 partition_table/partition-table.bin 0x410000 srmodels/srmodels.bin
esptool.py v4.12.0
Serial port /dev/cu.usbmodem101
Connecting...
Chip is ESP32-S3 (QFN56) (revision v0.2)
Features: WiFi, BLE, Embedded PSRAM 8MB (AP_3v3)
Crystal is 40MHz
USB mode: USB-Serial/JTAG
MAC: 28:84:85:a4:ef:1c
Uploading stub...
Running stub...
Stub running...
Configuring flash size...
Flash will be erased from 0x00000000 to 0x00005fff...
Flash will be erased from 0x00010000 to 0x00184fff...
Flash will be erased from 0x00008000 to 0x00008fff...
Flash will be erased from 0x00410000 to 0x00410fff...
SHA digest in image updated
Compressed 20832 bytes to 13352...
Writing at 0x00000000... (100 %)
Wrote 20832 bytes (13352 compressed) at 0x00000000 in 0.2 seconds (effective 766.9 kbit/s)...
Hash of data verified.
Compressed 1527152 bytes to 947215...
Writing at 0x00010000... (1 %)
Writing at 0x0001cc8d... (3 %)
Writing at 0x0002a959... (5 %)
Writing at 0x00031c4f... (6 %)
Writing at 0x000368fc... (8 %)
Writing at 0x0003bb41... (10 %)
Writing at 0x00046f0b... (12 %)
Writing at 0x00058e9e... (13 %)
Writing at 0x00064bdb... (15 %)
Writing at 0x0006b646... (17 %)
Writing at 0x000719ac... (18 %)
Writing at 0x00077d77... (20 %)
Writing at 0x0007e256... (22 %)
Writing at 0x00083376... (24 %)
Writing at 0x00088318... (25 %)
Writing at 0x0008d4a4... (27 %)
Writing at 0x00092378... (29 %)
Writing at 0x000978f3... (31 %)
Writing at 0x0009c914... (32 %)

Lost connection, retrying...
Waiting for the chip to reconnect
Connecting...
Uploading stub...
Running stub...
Stub running...
Compressed 1527152 bytes to 947215...
Writing at 0x00010000... (1 %)
Writing at 0x0001cc8d... (3 %)
Writing at 0x0002a959... (5 %)

A serial exception error occurred: Could not configure port: (6, 'Device not configured')
Note: This error originates from pySerial. It is likely not a problem with esptool, but with the hardware connection or drivers.
For troubleshooting steps visit: https://docs.espressif.com/projects/esptool/en/latest/troubleshooting.html
CMake Error at run_serial_tool.cmake:67 (message):
  
  /Users/mac/.espressif/python_env/idf5.5_py3.9_env/bin/python;;/Users/mac/.espressif/frameworks/esp-idf-v5.5.4/components/esptool_py/esptool/esptool.py;--chip;esp32s3
  failed.



FAILED: [code=1] CMakeFiles/flash /Users/mac/Desktop/2/firmware/esp32_voice_idf/build-p1/CMakeFiles/flash 
cd /Users/mac/.espressif/frameworks/esp-idf-v5.5.4/components/esptool_py && /opt/homebrew/bin/cmake -D IDF_PATH=/Users/mac/.espressif/frameworks/esp-idf-v5.5.4 -D "SERIAL_TOOL=/Users/mac/.espressif/python_env/idf5.5_py3.9_env/bin/python;;/Users/mac/.espressif/frameworks/esp-idf-v5.5.4/components/esptool_py/esptool/esptool.py;--chip;esp32s3" -D "SERIAL_TOOL_ARGS=--before=default_reset;--after=hard_reset;write_flash;@flash_args" -D WORKING_DIRECTORY=/Users/mac/Desktop/2/firmware/esp32_voice_idf/build-p1 -P /Users/mac/.espressif/frameworks/esp-idf-v5.5.4/components/esptool_py/run_serial_tool.cmake
ninja: build stopped: subcommand failed.
ninja failed with exit code 1, output of the command is in the /Users/mac/Desktop/2/firmware/esp32_voice_idf/build-p1/log/idf_py_stderr_output_3523 and /Users/mac/Desktop/2/firmware/esp32_voice_idf/build-p1/log/idf_py_stdout_output_3523
恢复电脑 Voice Gateway...
停止遗留 Gateway worker（PID 2909）...
强制停止遗留 Gateway worker（PID 2909）...
Gateway 已重新启动。
