Sesame Robot ESP32-S3 一键烧录
项目：/Users/mac/Desktop/1_副本/SesameV3_语音机器人项目/firmware/esp32_voice_idf
暂时停止 Gateway，释放 ESP32 串口...
加载 ESP-IDF 环境...
Activating ESP-IDF 5.5
Setting IDF_PATH to '/Users/mac/.espressif/frameworks/esp-idf-v5.5.4'.
* Checking python version ... 3.9.6
* Checking python dependencies ... OK
* Deactivating the current ESP-IDF environment (if any) ... OK
* Establishing a new ESP-IDF environment ... OK
* Identifying shell ... zsh
* Detecting outdated tools in system ... OK - no outdated tools found
* Shell completion ... Autocompletion code generated
开始构建并以稳定的 115200 波特率烧录。请不要拔掉 USB，也不要按住 BOOT。
Executing action: all (aliases: build)
Running ninja in directory /Users/mac/Desktop/1_副本/SesameV3_语音机器人项目/firmware/esp32_voice_idf/build-p1
Executing "ninja all"...
[1/9] Performing build step for 'bootloader'
[1/1] cd /Users/mac/Desktop/1_副本/SesameV3_语音机器人项目/firmware/esp32_voice_idf/build-p1/bootloader/esp-idf/esptool_py && /Users/mac/.espressif/python_env/idf5.5_py3.9_env/bin/python /Users/mac/.espressif/frameworks/esp-idf-v5.5.4/components/partition_table/check_sizes.py --offset 0x8000 bootloader 0x0 /Users/mac/Desktop/1_副本/SesameV3_语音机器人项目/firmware/esp32_voice_idf/build-p1/bootloader/bootloader.bin
Bootloader binary size 0x5160 bytes. 0x2ea0 bytes (36%) free.
[2/9] No install step for 'bootloader'
[3/9] Completed 'bootloader'
[4/9] Building CXX object esp-idf/sesame_robot/CMakeFiles/__idf_sesame_robot.dir/esp32_servo_driver.cpp.obj
[5/9] Linking C static library esp-idf/sesame_robot/libsesame_robot.a
[6/9] Generating esp-idf/esp_system/ld/sections.ld
[7/9] Linking CXX executable sesame_robot_v3.elf
[8/9] Generating binary image from built executable
esptool.py v4.12.0
Creating esp32s3 image...
Merged 2 ELF sections
Successfully created esp32s3 image.
Generated /Users/mac/Desktop/1_副本/SesameV3_语音机器人项目/firmware/esp32_voice_idf/build-p1/sesame_robot_v3.bin
[9/9] cd /Users/mac/Desktop/1_副本/SesameV3_语音机器人项目/firmware/esp32_voice_idf/build-p1/esp-idf/esptool_py && /Users/mac/.espressif/python_env/idf5.5_py3.9_env/bin/python /Users/mac/.espressif/frameworks/esp-idf-v5.5.4/components/partition_table/check_sizes.py --offset 0x8000 partition --type app /Users/mac/Desktop/1_副本/SesameV3_语音机器人项目/firmware/esp32_voice_idf/build-p1/partition_table/partition-table.bin /Users/mac/Desktop/1_副本/SesameV3_语音机器人项目/firmware/esp32_voice_idf/build-p1/sesame_robot_v3.bin
sesame_robot_v3.bin binary size 0x1c52b0 bytes. Smallest app partition is 0x400000 bytes. 0x23ad50 bytes (56%) free.
Executing action: flash
Running ninja in directory /Users/mac/Desktop/1_副本/SesameV3_语音机器人项目/firmware/esp32_voice_idf/build-p1
Executing "ninja flash"...
[1/5] cd /Users/mac/Desktop/1_副本/SesameV3_语音机器人项目/firmware/esp32_voice_idf/build-p1/esp-idf/esptool_py && /Users/mac/.espressif/python_env/idf5.5_py3.9_env/bin/python /Users/mac/.espressif/frameworks/esp-idf-v5.5.4/components/partition_table/check_sizes.py --offset 0x8000 partition --type app /Users/mac/Desktop/1_副本/SesameV3_语音机器人项目/firmware/esp32_voice_idf/build-p1/partition_table/partition-table.bin /Users/mac/Desktop/1_副本/SesameV3_语音机器人项目/firmware/esp32_voice_idf/build-p1/sesame_robot_v3.bin
sesame_robot_v3.bin binary size 0x1c52b0 bytes. Smallest app partition is 0x400000 bytes. 0x23ad50 bytes (56%) free.
[2/5] Performing build step for 'bootloader'
[1/1] cd /Users/mac/Desktop/1_副本/SesameV3_语音机器人项目/firmware/esp32_voice_idf/build-p1/bootloader/esp-idf/esptool_py && /Users/mac/.espressif/python_env/idf5.5_py3.9_env/bin/python /Users/mac/.espressif/frameworks/esp-idf-v5.5.4/components/partition_table/check_sizes.py --offset 0x8000 bootloader 0x0 /Users/mac/Desktop/1_副本/SesameV3_语音机器人项目/firmware/esp32_voice_idf/build-p1/bootloader/bootloader.bin
Bootloader binary size 0x5160 bytes. 0x2ea0 bytes (36%) free.
[3/5] No install step for 'bootloader'
[4/5] Completed 'bootloader'
[4/5] cd /Users/mac/.espressif/frameworks/esp-idf-v5.5.4/components/esptool_py && /opt/homebrew/bin/cmake -D IDF_PATH=/Users/mac/.espressif/frameworks/esp-idf-v5.5.4 -D "SERIAL_TOOL=/Users/mac/.espressif/python_env/idf5.5_py3.9_env/bin/python;;/Users/mac/.espressif/frameworks/esp-idf-v5.5.4/components/esptool_py/esptool/esptool.py;--chip;esp32s3" -D "SERIAL_TOOL_ARGS=--before=default_reset;--after=hard_reset;write_flash;@flash_args" -D WORKING_DIRECTORY=/Users/mac/Desktop/1_副本/SesameV3_语音机器人项目/firmware/esp32_voice_idf/build-p1 -P /Users/mac/.espressif/frameworks/esp-idf-v5.5.4/components/esptool_py/run_serial_tool.cmake
esptool.py --chip esp32s3 -p /dev/cu.usbmodem101 -b 115200 --before=default_reset --after=hard_reset write_flash --flash_mode dio --flash_freq 80m --flash_size 16MB 0x0 bootloader/bootloader.bin 0x10000 sesame_robot_v3.bin 0x8000 partition_table/partition-table.bin 0x410000 srmodels/srmodels.bin
esptool.py v4.12.0
Serial port /dev/cu.usbmodem101
Connecting...
Chip is ESP32-S3 (QFN56) (revision v0.2)
Features: WiFi, BLE, Embedded PSRAM 8MB (AP_3v3)
Crystal is 40MHz
USB mode: USB-Serial/JTAG
MAC: 28:84:85:a4:ef:1c
Uploading stub...
Running stub...
Stub running...
Configuring flash size...
Flash will be erased from 0x00000000 to 0x00005fff...
Flash will be erased from 0x00010000 to 0x001d5fff...
Flash will be erased from 0x00008000 to 0x00008fff...
Flash will be erased from 0x00410000 to 0x00457fff...
SHA digest in image updated
Compressed 20832 bytes to 13353...
Writing at 0x00000000... (100 %)
Wrote 20832 bytes (13353 compressed) at 0x00000000 in 0.2 seconds (effective 767.3 kbit/s)...
Hash of data verified.
Compressed 1856176 bytes to 1077507...
Writing at 0x00010000... (1 %)
Writing at 0x0001c779... (3 %)
Writing at 0x00028fc9... (4 %)
Writing at 0x0003361c... (6 %)
Writing at 0x00039289... (7 %)
Writing at 0x0004e442... (9 %)
Writing at 0x000534af... (10 %)
Writing at 0x0005a25c... (12 %)
Writing at 0x00062db7... (13 %)
Writing at 0x0006cf7b... (15 %)
Writing at 0x00073827... (16 %)
Writing at 0x00079b41... (18 %)
Writing at 0x0007fd93... (19 %)
Writing at 0x00084d25... (21 %)
Writing at 0x00089eb0... (22 %)
Writing at 0x0008ee8e... (24 %)
Writing at 0x00093da4... (25 %)
Writing at 0x000992cb... (27 %)
Writing at 0x0009e1ac... (28 %)
Writing at 0x000a34e4... (30 %)
Writing at 0x000a9ca3... (31 %)
Writing at 0x000affac... (33 %)
Writing at 0x000b5bcf... (34 %)
Writing at 0x000bae80... (36 %)
Writing at 0x000c0f2d... (37 %)
Writing at 0x000c677f... (39 %)
Writing at 0x000cc453... (40 %)
Writing at 0x000d37f8... (42 %)
Writing at 0x000d9bea... (43 %)
Writing at 0x000f4ed8... (45 %)
Writing at 0x000ffa50... (46 %)
Writing at 0x0010566c... (48 %)
Writing at 0x0010bbca... (50 %)
Writing at 0x00111da3... (51 %)
Writing at 0x00117868... (53 %)
Writing at 0x0011d766... (54 %)
Writing at 0x00123534... (56 %)
Writing at 0x001295f3... (57 %)
Writing at 0x0012f623... (59 %)
Writing at 0x00135a55... (60 %)
Writing at 0x0013c11a... (62 %)
Writing at 0x00141c99... (63 %)
Writing at 0x00147970... (65 %)
Writing at 0x0014db1b... (66 %)
Writing at 0x00153bf6... (68 %)
Writing at 0x0015943a... (69 %)
Writing at 0x0015e5ca... (71 %)
Writing at 0x001638e9... (72 %)
Writing at 0x001691d7... (74 %)
Writing at 0x0016e786... (75 %)
Writing at 0x00173b4e... (77 %)
Writing at 0x001790b5... (78 %)
Writing at 0x0017f390... (80 %)
Writing at 0x00184bf8... (81 %)
Writing at 0x0018aa05... (83 %)
Writing at 0x0019053d... (84 %)
Writing at 0x00195cc7... (86 %)
Writing at 0x0019b625... (87 %)
Writing at 0x001a18ab... (89 %)
Writing at 0x001a9dd0... (90 %)
Writing at 0x001b222f... (92 %)
Writing at 0x001b8253... (93 %)
Writing at 0x001be976... (95 %)
Writing at 0x001c4d83... (96 %)
Writing at 0x001cb141... (98 %)
Writing at 0x001d08d8... (100 %)
Wrote 1856176 bytes (1077507 compressed) at 0x00010000 in 9.5 seconds (effective 1568.7 kbit/s)...
Hash of data verified.
Compressed 3072 bytes to 133...
Writing at 0x00008000... (100 %)
Wrote 3072 bytes (133 compressed) at 0x00008000 in 0.0 seconds (effective 981.1 kbit/s)...
Hash of data verified.
Compressed 291044 bytes to 229156...
Writing at 0x00410000... (7 %)
Writing at 0x00414d17... (14 %)
Writing at 0x0041a338... (21 %)
Writing at 0x0041f1d6... (28 %)
Writing at 0x004235f0... (35 %)
Writing at 0x004282f4... (42 %)
Writing at 0x0042d9d7... (50 %)
Writing at 0x00432c2a... (57 %)
Writing at 0x004386cb... (64 %)
Writing at 0x0043e216... (71 %)
Writing at 0x00443518... (78 %)
Writing at 0x00447b43... (85 %)
Writing at 0x0044c96e... (92 %)
Writing at 0x0045254c... (100 %)
Wrote 291044 bytes (229156 compressed) at 0x00410000 in 1.7 seconds (effective 1387.0 kbit/s)...
Hash of data verified.

Leaving...
Hard resetting via RTS pin...
Done
烧录完成：ESP32 已自动重启。
等待 Gateway 重连后，按 BOOT 一次开始录音、再按一次结束。
恢复电脑 Voice Gateway...
Gateway 已重新启动。
Sesame Robot ESP32-S3 一键烧录
项目：/Users/mac/Desktop/1_副本/SesameV3_语音机器人项目/firmware/esp32_voice_idf
暂时停止 Gateway，释放 ESP32 串口...
加载 ESP-IDF 环境...
Activating ESP-IDF 5.5
Setting IDF_PATH to '/Users/mac/.espressif/frameworks/esp-idf-v5.5.4'.
* Checking python version ... 3.9.6
* Checking python dependencies ... OK
* Deactivating the current ESP-IDF environment (if any) ... OK
* Establishing a new ESP-IDF environment ... OK
* Identifying shell ... zsh
* Detecting outdated tools in system ... OK - no outdated tools found
* Shell completion ... Autocompletion code generated
开始构建并以稳定的 115200 波特率烧录。请不要拔掉 USB，也不要按住 BOOT。
Executing action: all (aliases: build)
Running ninja in directory /Users/mac/Desktop/1_副本/SesameV3_语音机器人项目/firmware/esp32_voice_idf/build-p1
Executing "ninja all"...
[1/9] Performing build step for 'bootloader'
[1/1] cd /Users/mac/Desktop/1_副本/SesameV3_语音机器人项目/firmware/esp32_voice_idf/build-p1/bootloader/esp-idf/esptool_py && /Users/mac/.espressif/python_env/idf5.5_py3.9_env/bin/python /Users/mac/.espressif/frameworks/esp-idf-v5.5.4/components/partition_table/check_sizes.py --offset 0x8000 bootloader 0x0 /Users/mac/Desktop/1_副本/SesameV3_语音机器人项目/firmware/esp32_voice_idf/build-p1/bootloader/bootloader.bin
Bootloader binary size 0x5160 bytes. 0x2ea0 bytes (36%) free.
[2/9] No install step for 'bootloader'
[3/9] Completed 'bootloader'
[4/9] Building CXX object esp-idf/sesame_web/CMakeFiles/__idf_sesame_web.dir/legacy_motion_runner.cpp.obj
[5/9] Linking C static library esp-idf/sesame_web/libsesame_web.a
[6/9] Generating esp-idf/esp_system/ld/sections.ld
[7/9] Linking CXX executable sesame_robot_v3.elf
[8/9] Generating binary image from built executable
esptool.py v4.12.0
Creating esp32s3 image...
Merged 2 ELF sections
Successfully created esp32s3 image.
Generated /Users/mac/Desktop/1_副本/SesameV3_语音机器人项目/firmware/esp32_voice_idf/build-p1/sesame_robot_v3.bin
[9/9] cd /Users/mac/Desktop/1_副本/SesameV3_语音机器人项目/firmware/esp32_voice_idf/build-p1/esp-idf/esptool_py && /Users/mac/.espressif/python_env/idf5.5_py3.9_env/bin/python /Users/mac/.espressif/frameworks/esp-idf-v5.5.4/components/partition_table/check_sizes.py --offset 0x8000 partition --type app /Users/mac/Desktop/1_副本/SesameV3_语音机器人项目/firmware/esp32_voice_idf/build-p1/partition_table/partition-table.bin /Users/mac/Desktop/1_副本/SesameV3_语音机器人项目/firmware/esp32_voice_idf/build-p1/sesame_robot_v3.bin
sesame_robot_v3.bin binary size 0x1c5480 bytes. Smallest app partition is 0x400000 bytes. 0x23ab80 bytes (56%) free.
Executing action: flash
Running ninja in directory /Users/mac/Desktop/1_副本/SesameV3_语音机器人项目/firmware/esp32_voice_idf/build-p1
Executing "ninja flash"...
[1/5] cd /Users/mac/Desktop/1_副本/SesameV3_语音机器人项目/firmware/esp32_voice_idf/build-p1/esp-idf/esptool_py && /Users/mac/.espressif/python_env/idf5.5_py3.9_env/bin/python /Users/mac/.espressif/frameworks/esp-idf-v5.5.4/components/partition_table/check_sizes.py --offset 0x8000 partition --type app /Users/mac/Desktop/1_副本/SesameV3_语音机器人项目/firmware/esp32_voice_idf/build-p1/partition_table/partition-table.bin /Users/mac/Desktop/1_副本/SesameV3_语音机器人项目/firmware/esp32_voice_idf/build-p1/sesame_robot_v3.bin
sesame_robot_v3.bin binary size 0x1c5480 bytes. Smallest app partition is 0x400000 bytes. 0x23ab80 bytes (56%) free.
[2/5] Performing build step for 'bootloader'
[1/1] cd /Users/mac/Desktop/1_副本/SesameV3_语音机器人项目/firmware/esp32_voice_idf/build-p1/bootloader/esp-idf/esptool_py && /Users/mac/.espressif/python_env/idf5.5_py3.9_env/bin/python /Users/mac/.espressif/frameworks/esp-idf-v5.5.4/components/partition_table/check_sizes.py --offset 0x8000 bootloader 0x0 /Users/mac/Desktop/1_副本/SesameV3_语音机器人项目/firmware/esp32_voice_idf/build-p1/bootloader/bootloader.bin
Bootloader binary size 0x5160 bytes. 0x2ea0 bytes (36%) free.
[3/5] No install step for 'bootloader'
[4/5] Completed 'bootloader'
[4/5] cd /Users/mac/.espressif/frameworks/esp-idf-v5.5.4/components/esptool_py && /opt/homebrew/bin/cmake -D IDF_PATH=/Users/mac/.espressif/frameworks/esp-idf-v5.5.4 -D "SERIAL_TOOL=/Users/mac/.espressif/python_env/idf5.5_py3.9_env/bin/python;;/Users/mac/.espressif/frameworks/esp-idf-v5.5.4/components/esptool_py/esptool/esptool.py;--chip;esp32s3" -D "SERIAL_TOOL_ARGS=--before=default_reset;--after=hard_reset;write_flash;@flash_args" -D WORKING_DIRECTORY=/Users/mac/Desktop/1_副本/SesameV3_语音机器人项目/firmware/esp32_voice_idf/build-p1 -P /Users/mac/.espressif/frameworks/esp-idf-v5.5.4/components/esptool_py/run_serial_tool.cmake
esptool.py --chip esp32s3 -p /dev/cu.usbmodem101 -b 115200 --before=default_reset --after=hard_reset write_flash --flash_mode dio --flash_freq 80m --flash_size 16MB 0x0 bootloader/bootloader.bin 0x10000 sesame_robot_v3.bin 0x8000 partition_table/partition-table.bin 0x410000 srmodels/srmodels.bin
esptool.py v4.12.0
Serial port /dev/cu.usbmodem101
Connecting...
Chip is ESP32-S3 (QFN56) (revision v0.2)
Features: WiFi, BLE, Embedded PSRAM 8MB (AP_3v3)
Crystal is 40MHz
USB mode: USB-Serial/JTAG
MAC: 28:84:85:a4:ef:1c
Uploading stub...
Running stub...
Stub running...
Configuring flash size...
Flash will be erased from 0x00000000 to 0x00005fff...
Flash will be erased from 0x00010000 to 0x001d5fff...
Flash will be erased from 0x00008000 to 0x00008fff...
Flash will be erased from 0x00410000 to 0x00457fff...
SHA digest in image updated
Compressed 20832 bytes to 13353...
Writing at 0x00000000... (100 %)
Wrote 20832 bytes (13353 compressed) at 0x00000000 in 0.2 seconds (effective 764.3 kbit/s)...
Hash of data verified.
Compressed 1856640 bytes to 1077612...
Writing at 0x00010000... (1 %)
Writing at 0x0001c810... (3 %)
Writing at 0x0002904e... (4 %)
Writing at 0x0003371d... (6 %)
Writing at 0x000392bc... (7 %)
Writing at 0x0004e53a... (9 %)
Writing at 0x000535b1... (10 %)
Writing at 0x0005a320... (12 %)
Writing at 0x00062e70... (13 %)
Writing at 0x0006d030... (15 %)
Writing at 0x0007392f... (16 %)
Writing at 0x00079c34... (18 %)
Writing at 0x0007fe5a... (19 %)
Writing at 0x00084de9... (21 %)
Writing at 0x00089f81... (22 %)
Writing at 0x0008ef53... (24 %)
Writing at 0x00093e60... (25 %)
Writing at 0x00099389... (27 %)
Writing at 0x0009e288... (28 %)
Writing at 0x000a35e5... (30 %)
Writing at 0x000a9dbf... (31 %)
Writing at 0x000b00c3... (33 %)
Writing at 0x000b5ce4... (34 %)
Writing at 0x000bafe3... (36 %)
Writing at 0x000c106c... (37 %)
Writing at 0x000c689e... (39 %)
Writing at 0x000cc585... (40 %)
Writing at 0x000d392b... (42 %)
Writing at 0x000da019... (43 %)
Writing at 0x000f5009... (45 %)
Writing at 0x000ffbac... (46 %)
Writing at 0x0010579f... (48 %)
Writing at 0x0010bd10... (50 %)
Writing at 0x00111ed1... (51 %)
Writing at 0x001179a1... (53 %)
Writing at 0x0011d890... (54 %)
Writing at 0x0012366a... (56 %)
Writing at 0x00129751... (57 %)
Writing at 0x0012f74b... (59 %)
Writing at 0x00135b7e... (60 %)
Writing at 0x0013c257... (62 %)
Writing at 0x00141dba... (63 %)
Writing at 0x00147ab8... (65 %)
Writing at 0x0014dc31... (66 %)
Writing at 0x00153de1... (68 %)
Writing at 0x00159574... (69 %)
Writing at 0x0015e706... (71 %)
Writing at 0x00163a20... (72 %)
Writing at 0x00169341... (74 %)
Writing at 0x0016e8b4... (75 %)
Writing at 0x00173c7b... (77 %)
Writing at 0x001791db... (78 %)
Writing at 0x0017f4cc... (80 %)
Writing at 0x00184d2a... (81 %)
Writing at 0x0018ab29... (83 %)
Writing at 0x00190652... (84 %)
Writing at 0x00195df3... (86 %)
Writing at 0x0019b750... (87 %)
Writing at 0x001a19f3... (89 %)
Writing at 0x001a9f1c... (90 %)
Writing at 0x001b23a4... (92 %)
Writing at 0x001b83ab... (93 %)
Writing at 0x001beac9... (95 %)
Writing at 0x001c4eca... (96 %)
Writing at 0x001cb232... (98 %)
Writing at 0x001d0a2f... (100 %)
Wrote 1856640 bytes (1077612 compressed) at 0x00010000 in 9.5 seconds (effective 1569.3 kbit/s)...
Hash of data verified.
Compressed 3072 bytes to 133...
Writing at 0x00008000... (100 %)
Wrote 3072 bytes (133 compressed) at 0x00008000 in 0.0 seconds (effective 1018.6 kbit/s)...
Hash of data verified.
Compressed 291044 bytes to 229156...
Writing at 0x00410000... (7 %)
Writing at 0x00414d17... (14 %)
Writing at 0x0041a338... (21 %)
Writing at 0x0041f1d6... (28 %)
Writing at 0x004235f0... (35 %)
Writing at 0x004282f4... (42 %)
Writing at 0x0042d9d7... (50 %)
Writing at 0x00432c2a... (57 %)
Writing at 0x004386cb... (64 %)
Writing at 0x0043e216... (71 %)
Writing at 0x00443518... (78 %)
Writing at 0x00447b43... (85 %)
Writing at 0x0044c96e... (92 %)
Writing at 0x0045254c... (100 %)
Wrote 291044 bytes (229156 compressed) at 0x00410000 in 1.7 seconds (effective 1385.2 kbit/s)...
Hash of data verified.

Leaving...
Hard resetting via RTS pin...
Done
烧录完成：ESP32 已自动重启。
等待 Gateway 重连后，按 BOOT 一次开始录音、再按一次结束。
恢复电脑 Voice Gateway...
Gateway 已重新启动。
Sesame Robot ESP32-S3 一键烧录
项目：/Users/mac/Desktop/1_副本/SesameV3_语音机器人项目/firmware/esp32_voice_idf
暂时停止 Gateway，释放 ESP32 串口...
加载 ESP-IDF 环境...
Activating ESP-IDF 5.5
Setting IDF_PATH to '/Users/mac/.espressif/frameworks/esp-idf-v5.5.4'.
* Checking python version ... 3.9.6
* Checking python dependencies ... OK
* Deactivating the current ESP-IDF environment (if any) ... OK
* Establishing a new ESP-IDF environment ... OK
* Identifying shell ... zsh
* Detecting outdated tools in system ... OK - no outdated tools found
* Shell completion ... Autocompletion code generated
开始构建并以稳定的 115200 波特率烧录。请不要拔掉 USB，也不要按住 BOOT。
Executing action: all (aliases: build)
Running ninja in directory /Users/mac/Desktop/1_副本/SesameV3_语音机器人项目/firmware/esp32_voice_idf/build-p1
Executing "ninja all"...
[1/9] Performing build step for 'bootloader'
[1/1] cd /Users/mac/Desktop/1_副本/SesameV3_语音机器人项目/firmware/esp32_voice_idf/build-p1/bootloader/esp-idf/esptool_py && /Users/mac/.espressif/python_env/idf5.5_py3.9_env/bin/python /Users/mac/.espressif/frameworks/esp-idf-v5.5.4/components/partition_table/check_sizes.py --offset 0x8000 bootloader 0x0 /Users/mac/Desktop/1_副本/SesameV3_语音机器人项目/firmware/esp32_voice_idf/build-p1/bootloader/bootloader.bin
Bootloader binary size 0x5160 bytes. 0x2ea0 bytes (36%) free.
[2/9] No install step for 'bootloader'
[3/9] Completed 'bootloader'
[4/9] Building CXX object esp-idf/sesame_web/CMakeFiles/__idf_sesame_web.dir/legacy_motion_runner.cpp.obj
[5/9] Linking C static library esp-idf/sesame_web/libsesame_web.a
[6/9] Generating esp-idf/esp_system/ld/sections.ld
[7/9] Linking CXX executable sesame_robot_v3.elf
[8/9] Generating binary image from built executable
esptool.py v4.12.0
Creating esp32s3 image...
Merged 2 ELF sections
Successfully created esp32s3 image.
Generated /Users/mac/Desktop/1_副本/SesameV3_语音机器人项目/firmware/esp32_voice_idf/build-p1/sesame_robot_v3.bin
[9/9] cd /Users/mac/Desktop/1_副本/SesameV3_语音机器人项目/firmware/esp32_voice_idf/build-p1/esp-idf/esptool_py && /Users/mac/.espressif/python_env/idf5.5_py3.9_env/bin/python /Users/mac/.espressif/frameworks/esp-idf-v5.5.4/components/partition_table/check_sizes.py --offset 0x8000 partition --type app /Users/mac/Desktop/1_副本/SesameV3_语音机器人项目/firmware/esp32_voice_idf/build-p1/partition_table/partition-table.bin /Users/mac/Desktop/1_副本/SesameV3_语音机器人项目/firmware/esp32_voice_idf/build-p1/sesame_robot_v3.bin
sesame_robot_v3.bin binary size 0x1c5480 bytes. Smallest app partition is 0x400000 bytes. 0x23ab80 bytes (56%) free.
Executing action: flash
Running ninja in directory /Users/mac/Desktop/1_副本/SesameV3_语音机器人项目/firmware/esp32_voice_idf/build-p1
Executing "ninja flash"...
[1/5] cd /Users/mac/Desktop/1_副本/SesameV3_语音机器人项目/firmware/esp32_voice_idf/build-p1/esp-idf/esptool_py && /Users/mac/.espressif/python_env/idf5.5_py3.9_env/bin/python /Users/mac/.espressif/frameworks/esp-idf-v5.5.4/components/partition_table/check_sizes.py --offset 0x8000 partition --type app /Users/mac/Desktop/1_副本/SesameV3_语音机器人项目/firmware/esp32_voice_idf/build-p1/partition_table/partition-table.bin /Users/mac/Desktop/1_副本/SesameV3_语音机器人项目/firmware/esp32_voice_idf/build-p1/sesame_robot_v3.bin
sesame_robot_v3.bin binary size 0x1c5480 bytes. Smallest app partition is 0x400000 bytes. 0x23ab80 bytes (56%) free.
[2/5] Performing build step for 'bootloader'
[1/1] cd /Users/mac/Desktop/1_副本/SesameV3_语音机器人项目/firmware/esp32_voice_idf/build-p1/bootloader/esp-idf/esptool_py && /Users/mac/.espressif/python_env/idf5.5_py3.9_env/bin/python /Users/mac/.espressif/frameworks/esp-idf-v5.5.4/components/partition_table/check_sizes.py --offset 0x8000 bootloader 0x0 /Users/mac/Desktop/1_副本/SesameV3_语音机器人项目/firmware/esp32_voice_idf/build-p1/bootloader/bootloader.bin
Bootloader binary size 0x5160 bytes. 0x2ea0 bytes (36%) free.
[3/5] No install step for 'bootloader'
[4/5] Completed 'bootloader'
[4/5] cd /Users/mac/.espressif/frameworks/esp-idf-v5.5.4/components/esptool_py && /opt/homebrew/bin/cmake -D IDF_PATH=/Users/mac/.espressif/frameworks/esp-idf-v5.5.4 -D "SERIAL_TOOL=/Users/mac/.espressif/python_env/idf5.5_py3.9_env/bin/python;;/Users/mac/.espressif/frameworks/esp-idf-v5.5.4/components/esptool_py/esptool/esptool.py;--chip;esp32s3" -D "SERIAL_TOOL_ARGS=--before=default_reset;--after=hard_reset;write_flash;@flash_args" -D WORKING_DIRECTORY=/Users/mac/Desktop/1_副本/SesameV3_语音机器人项目/firmware/esp32_voice_idf/build-p1 -P /Users/mac/.espressif/frameworks/esp-idf-v5.5.4/components/esptool_py/run_serial_tool.cmake
esptool.py --chip esp32s3 -p /dev/cu.usbmodem101 -b 115200 --before=default_reset --after=hard_reset write_flash --flash_mode dio --flash_freq 80m --flash_size 16MB 0x0 bootloader/bootloader.bin 0x10000 sesame_robot_v3.bin 0x8000 partition_table/partition-table.bin 0x410000 srmodels/srmodels.bin
esptool.py v4.12.0
Serial port /dev/cu.usbmodem101
Connecting...
Chip is ESP32-S3 (QFN56) (revision v0.2)
Features: WiFi, BLE, Embedded PSRAM 8MB (AP_3v3)
Crystal is 40MHz
USB mode: USB-Serial/JTAG
MAC: 28:84:85:a4:ef:1c
Uploading stub...
Running stub...
Stub running...
Configuring flash size...
Flash will be erased from 0x00000000 to 0x00005fff...
Flash will be erased from 0x00010000 to 0x001d5fff...
Flash will be erased from 0x00008000 to 0x00008fff...
Flash will be erased from 0x00410000 to 0x00457fff...
SHA digest in image updated
Compressed 20832 bytes to 13353...
Writing at 0x00000000... (100 %)
Wrote 20832 bytes (13353 compressed) at 0x00000000 in 0.2 seconds (effective 767.2 kbit/s)...
Hash of data verified.
Compressed 1856640 bytes to 1077602...
Writing at 0x00010000... (1 %)
Writing at 0x0001c81d... (3 %)
Writing at 0x00029063... (4 %)
Writing at 0x00033725... (6 %)
Writing at 0x000392f9... (7 %)
Writing at 0x0004e546... (9 %)
Writing at 0x000535ba... (10 %)
Writing at 0x0005a332... (12 %)
Writing at 0x00062e7a... (13 %)
Writing at 0x0006d046... (15 %)
Writing at 0x0007393b... (16 %)
Writing at 0x00079c40... (18 %)
Writing at 0x0007fe68... (19 %)
Writing at 0x00084df3... (21 %)
Writing at 0x00089f8c... (22 %)
Writing at 0x0008ef5c... (24 %)
Writing at 0x00093e6a... (25 %)
Writing at 0x00099392... (27 %)
Writing at 0x0009e29f... (28 %)
Writing at 0x000a35fd... (30 %)
Writing at 0x000a9dd7... (31 %)
Writing at 0x000b00ce... (33 %)
Writing at 0x000b5cee... (34 %)
Writing at 0x000bb000... (36 %)
Writing at 0x000c1080... (37 %)
Writing at 0x000c68a9... (39 %)
Writing at 0x000cc592... (40 %)
Writing at 0x000d3935... (42 %)
Writing at 0x000da084... (43 %)
Writing at 0x000f5015... (45 %)
Writing at 0x000ffbb8... (46 %)
Writing at 0x001057ac... (48 %)
Writing at 0x0010bd1a... (50 %)
Writing at 0x00111edc... (51 %)
Writing at 0x001179b5... (53 %)
Writing at 0x0011d89c... (54 %)
Writing at 0x00123677... (56 %)
Writing at 0x00129761... (57 %)
Writing at 0x0012f755... (59 %)
Writing at 0x00135b90... (60 %)
Writing at 0x0013c266... (62 %)
Writing at 0x00141dc6... (63 %)
Writing at 0x00147ac2... (65 %)
Writing at 0x0014dc3b... (66 %)
Writing at 0x00153e0c... (68 %)
Writing at 0x0015957f... (69 %)
Writing at 0x0015e712... (71 %)
Writing at 0x00163a2e... (72 %)
Writing at 0x0016934b... (74 %)
Writing at 0x0016e8c3... (75 %)
Writing at 0x00173c86... (77 %)
Writing at 0x001791e9... (78 %)
Writing at 0x0017f4db... (80 %)
Writing at 0x00184d3b... (81 %)
Writing at 0x0018ab38... (83 %)
Writing at 0x0019065d... (84 %)
Writing at 0x00195dfd... (86 %)
Writing at 0x0019b762... (87 %)
Writing at 0x001a19ff... (89 %)
Writing at 0x001a9f2c... (90 %)
Writing at 0x001b23af... (92 %)
Writing at 0x001b83b5... (93 %)
Writing at 0x001bead8... (95 %)
Writing at 0x001c4ed6... (96 %)
Writing at 0x001cb250... (98 %)
Writing at 0x001d0a3e... (100 %)
Wrote 1856640 bytes (1077602 compressed) at 0x00010000 in 9.4 seconds (effective 1577.5 kbit/s)...
Hash of data verified.
Compressed 3072 bytes to 133...
Writing at 0x00008000... (100 %)
Wrote 3072 bytes (133 compressed) at 0x00008000 in 0.0 seconds (effective 981.3 kbit/s)...
Hash of data verified.
Compressed 291044 bytes to 229156...
Writing at 0x00410000... (7 %)
Writing at 0x00414d17... (14 %)
Writing at 0x0041a338... (21 %)
Writing at 0x0041f1d6... (28 %)
Writing at 0x004235f0... (35 %)
Writing at 0x004282f4... (42 %)
Writing at 0x0042d9d7... (50 %)
Writing at 0x00432c2a... (57 %)
Writing at 0x004386cb... (64 %)
Writing at 0x0043e216... (71 %)
Writing at 0x00443518... (78 %)
Writing at 0x00447b43... (85 %)
Writing at 0x0044c96e... (92 %)
Writing at 0x0045254c... (100 %)
Wrote 291044 bytes (229156 compressed) at 0x00410000 in 1.7 seconds (effective 1386.5 kbit/s)...
Hash of data verified.

Leaving...
Hard resetting via RTS pin...
Done
烧录完成：ESP32 已自动重启。
等待 Gateway 重连后，按 BOOT 一次开始录音、再按一次结束。
恢复电脑 Voice Gateway...
Gateway 已重新启动。
