Executing action: all (aliases: build)
Running ninja in directory '/Users/mac/Documents/sesame robot/firmware-work/Sesame_Robot_V3_IDF/build'
Executing "ninja all"...
[1/12] Building CXX object esp-idf/sesame_voice/CMakeFiles/__idf_sesame_voice.dir/voice_turn_detector.cpp.obj
[2/12] Performing build step for 'bootloader'
[1/1] cd "/Users/mac/Documents/sesame robot/firmware-work/Sesame_Robot_V3_IDF/build/bootloader/esp-idf/esptool_py" && /Users/mac/.espressif/python_env/idf5.5_py3.9_env/bin/python /Users/mac/.espressif/frameworks/esp-idf-v5.5.4/components/partition_table/check_sizes.py --offset 0x8000 bootloader 0x0 /Users/mac/Documents/sesame\ robot/firmware-work/Sesame_Robot_V3_IDF/build/bootloader/bootloader.bin
Bootloader binary size 0x5160 bytes. 0x2ea0 bytes (36%) free.
[3/12] No install step for 'bootloader'
[4/12] Completed 'bootloader'
[5/12] Building CXX object esp-idf/sesame_voice/CMakeFiles/__idf_sesame_voice.dir/voice_controller.cpp.obj
[6/12] Linking C static library esp-idf/sesame_voice/libsesame_voice.a
[7/12] Building CXX object esp-idf/main/CMakeFiles/__idf_main.dir/app_main.cpp.obj
[8/12] Linking C static library esp-idf/main/libmain.a
[9/12] Generating esp-idf/esp_system/ld/sections.ld
[10/12] Linking CXX executable sesame_robot_v3.elf
[11/12] Generating binary image from built executable
esptool.py v4.12.0
Creating esp32s3 image...
Merged 2 ELF sections
Successfully created esp32s3 image.
Generated /Users/mac/Documents/sesame robot/firmware-work/Sesame_Robot_V3_IDF/build/sesame_robot_v3.bin
[12/12] cd "/Users/mac/Documents/sesame robot/firmware-work/Sesame_Robot_V3_IDF/build/esp-idf/esptool_py" && /Users/mac/.espressif/python_env/idf5.5_py3.9_env/bin/python /Users/mac/.espressif/frameworks/esp-idf-v5.5.4/components/partition_table/check_sizes.py --offset 0x8000 partition --type app /Users/mac/Documents/sesame\ robot/firmware-work/Sesame_Robot_V3_IDF/build/partition_table/partition-table.bin /Users/mac/Documents/sesame\ robot/firmware-work/Sesame_Robot_V3_IDF/build/sesame_robot_v3.bin
sesame_robot_v3.bin binary size 0x199650 bytes. Smallest app partition is 0x300000 bytes. 0x1669b0 bytes (47%) free.

Project build complete. To flash, run:
 idf.py flash
or
 idf.py -p PORT flash
or
 python -m esptool --chip esp32s3 -b 460800 --before default_reset --after hard_reset write_flash --flash_mode dio --flash_size 4MB --flash_freq 80m 0x0 build/bootloader/bootloader.bin 0x8000 build/partition_table/partition-table.bin 0x10000 build/sesame_robot_v3.bin 0x310000 build/srmodels/srmodels.bin
or from the "/Users/mac/Documents/sesame robot/firmware-work/Sesame_Robot_V3_IDF/build" directory
 python -m esptool --chip esp32s3 -b 460800 --before default_reset --after hard_reset write_flash "@flash_args"
