Open On-Chip Debugger v0.12.0-esp32-20251215 (2025-12-15-18:17)
Licensed under GNU GPL v2
For bug reports, read
	http://openocd.org/doc/doxygen/bugs.html
Info : esp_usb_jtag: VID set to 0x303a and PID to 0x1001
Info : esp_usb_jtag: capabilities descriptor set to 0x2000
** program_esp input args <0x10000 verify reset exit> **
Info : esp_usb_jtag: serial (28:84:85:A4:EF:1C)
Info : esp_usb_jtag: Device found. Base speed 40000KHz, div range 1 to 255
Info : clock speed 40000 kHz
Info : JTAG tap: esp32s3.tap0 tap/device found: 0x120034e5 (mfg: 0x272 (Tensilica), part: 0x2003, ver: 0x1)
Info : JTAG tap: esp32s3.tap1 tap/device found: 0x120034e5 (mfg: 0x272 (Tensilica), part: 0x2003, ver: 0x1)
Info : [esp32s3.cpu0] Examination succeed
Info : [esp32s3.cpu1] Examination succeed
Info : [esp32s3.cpu0] starting gdb server on 3333
Info : Listening on port 3333 for gdb connections
Info : JTAG tap: esp32s3.tap0 tap/device found: 0x120034e5 (mfg: 0x272 (Tensilica), part: 0x2003, ver: 0x1)
Info : JTAG tap: esp32s3.tap1 tap/device found: 0x120034e5 (mfg: 0x272 (Tensilica), part: 0x2003, ver: 0x1)
Info : [esp32s3.cpu0] requesting target halt and executing a soft reset
Info : [esp32s3.cpu0] Target halted, PC=0x4037B0DA, debug_reason=00000000
Info : [esp32s3.cpu0] Reset cause (3) - (Software core reset)
Info : Set GDB target to 'esp32s3.cpu0'
Info : [esp32s3.cpu1] Target halted, PC=0x4037B0DA, debug_reason=00000000
Info : [esp32s3.cpu1] Reset cause (3) - (Software core reset)
Info : [esp32s3.cpu0] Debug controller was reset.
Info : [esp32s3.cpu0] Core was reset.
Info : [esp32s3.cpu0] Target halted, PC=0x500000EF, debug_reason=00000000
Info : [esp32s3.cpu0] Reset cause (3) - (Software core reset)
Info : [esp32s3.cpu0] Core was reset.
Info : [esp32s3.cpu0] Target halted, PC=0x40000400, debug_reason=00000000
Info : [esp32s3.cpu1] Debug controller was reset.
Info : [esp32s3.cpu1] Core was reset.
Info : [esp32s3.cpu1] Target halted, PC=0x40000400, debug_reason=00000000
Info : [esp32s3.cpu1] Reset cause (3) - (Software core reset)
Info : [esp32s3.cpu0] Reset cause (3) - (Software core reset)
** Programming Started **
Info : [esp32s3.cpu0] Target halted, PC=0x4038CCA2, debug_reason=00000001
Info : Flash mapping 0: 0x10020 -> 0x3c140020, 234 KB
Info : Flash mapping 1: 0x50020 -> 0x42000020, 1272 KB
Info : Auto-detected flash bank 'esp32s3.cpu0.flash' size 16384 KB
Info : Using flash bank 'esp32s3.cpu0.flash' size 16384 KB
Info : [esp32s3.cpu0] Target halted, PC=0x4038D3FE, debug_reason=00000001
You can enable `skip_loaded` to increase download speed.
Info : [esp32s3.cpu0] Target halted, PC=0x4038C87E, debug_reason=00000001
Info : PROF: Erased 1679360 bytes in 2404.29 ms
Info : PROF: Data transferred in 16539.9 ms @ 99.1541 KB/s
Info : [esp32s3.cpu0] Target halted, PC=0x4038CD4A, debug_reason=00000001
Info : PROF: Wrote 1679360 bytes in 16766.3 ms (data transfer time included)
** Programming Finished in 19597 ms **
** Verify Started **
Info : [esp32s3.cpu0] Target halted, PC=0x4038CC4E, debug_reason=00000001
Info : PROF: Flash verified in 965.171 ms 
** Verify OK **
** Resetting Target **
Info : JTAG tap: esp32s3.tap0 tap/device found: 0x120034e5 (mfg: 0x272 (Tensilica), part: 0x2003, ver: 0x1)
Info : JTAG tap: esp32s3.tap1 tap/device found: 0x120034e5 (mfg: 0x272 (Tensilica), part: 0x2003, ver: 0x1)
Info : [esp32s3.cpu0] requesting target halt and executing a soft reset
Info : [esp32s3.cpu0] Debug controller was reset.
Info : [esp32s3.cpu0] Core was reset.
Info : [esp32s3.cpu0] Target halted, PC=0x500000EF, debug_reason=00000000
Info : [esp32s3.cpu0] Reset cause (3) - (Software core reset)
Info : [esp32s3.cpu0] Core was reset.
Info : [esp32s3.cpu1] Debug controller was reset.
Info : [esp32s3.cpu1] Core was reset.
shutdown command invoked
