$ esptool.py --chip esp32s3 --port /dev/cu.usbmodem101 --baud 115200 verify_flash ...
esptool.py v4.12.0
Serial port /dev/cu.usbmodem101
Connecting...
Chip is ESP32-S3 (QFN56) (revision v0.2)
Features: WiFi, BLE, Embedded PSRAM 8MB (AP_3v3)
Crystal is 40MHz
USB mode: USB-Serial/JTAG
MAC: 28:84:85:a4:ef:1c
Uploading stub...
Running stub...
Stub running...
Configuring flash size...
Verifying 0x5160 (20832) bytes @ 0x00000000 in flash against /Users/mac/Desktop/2/firmware/esp32_voice_idf/build-dashscope-tts10/bootloader/bootloader.bin...
-- verify OK (digest matched)
Verifying 0xc00 (3072) bytes @ 0x00008000 in flash against /Users/mac/Desktop/2/firmware/esp32_voice_idf/build-dashscope-tts10/partition_table/partition-table.bin...
-- verify OK (digest matched)
Verifying 0x175480 (1528960) bytes @ 0x00010000 in flash against /Users/mac/Desktop/2/firmware/esp32_voice_idf/build-dashscope-tts10/sesame_robot_v3.bin...
-- verify OK (digest matched)
Verifying 0x4 (4) bytes @ 0x00410000 in flash against /Users/mac/Desktop/2/firmware/esp32_voice_idf/build-dashscope-tts10/srmodels/srmodels.bin...
-- verify OK (digest matched)
Hard resetting via RTS pin...
exit_status=0
