$ esptool.py --chip esp32s3 --port /dev/cu.usbmodem101 --baud 115200 chip_id
esptool.py v4.12.0
Serial port /dev/cu.usbmodem101
Connecting...
Chip is ESP32-S3 (QFN56) (revision v0.2)
Features: WiFi, BLE, Embedded PSRAM 8MB (AP_3v3)
Crystal is 40MHz
USB mode: USB-Serial/JTAG
MAC: 28:84:85:a4:ef:1c
Uploading stub...
Running stub...
Stub running...
Warning: ESP32-S3 has no Chip ID. Reading MAC instead.
MAC: 28:84:85:a4:ef:1c
Hard resetting via RTS pin...
$ idf.py -p /dev/cu.usbmodem101 -b 115200 -B build-dashscope-tts10 flash
Executing action: flash
Running ninja in directory /Users/mac/Desktop/2/firmware/esp32_voice_idf/build-dashscope-tts10
Executing "ninja flash"...
[1/5] cd /Users/mac/Desktop/2/firmware/esp32_voice_idf/build-dashscope-tts10/esp-idf/esptool_py && /Users/mac/.espressif/python_env/idf5.5_py3.9_env/bin/python /Users/mac/.espressif/frameworks/esp-idf-v5.5.4/components/partition_table/check_sizes.py --offset 0x8000 partition --type app /Users/mac/Desktop/2/firmware/esp32_voice_idf/build-dashscope-tts10/partition_table/partition-table.bin /Users/mac/Desktop/2/firmware/esp32_voice_idf/build-dashscope-tts10/sesame_robot_v3.bin
sesame_robot_v3.bin binary size 0x175480 bytes. Smallest app partition is 0x400000 bytes. 0x28ab80 bytes (64%) free.
[2/5] Performing build step for 'bootloader'
[1/1] cd /Users/mac/Desktop/2/firmware/esp32_voice_idf/build-dashscope-tts10/bootloader/esp-idf/esptool_py && /Users/mac/.espressif/python_env/idf5.5_py3.9_env/bin/python /Users/mac/.espressif/frameworks/esp-idf-v5.5.4/components/partition_table/check_sizes.py --offset 0x8000 bootloader 0x0 /Users/mac/Desktop/2/firmware/esp32_voice_idf/build-dashscope-tts10/bootloader/bootloader.bin
Bootloader binary size 0x5160 bytes. 0x2ea0 bytes (36%) free.
[3/5] No install step for 'bootloader'
[4/5] Completed 'bootloader'
[4/5] cd /Users/mac/.espressif/frameworks/esp-idf-v5.5.4/components/esptool_py && /opt/homebrew/bin/cmake -D IDF_PATH=/Users/mac/.espressif/frameworks/esp-idf-v5.5.4 -D "SERIAL_TOOL=/Users/mac/.espressif/python_env/idf5.5_py3.9_env/bin/python;;/Users/mac/.espressif/frameworks/esp-idf-v5.5.4/components/esptool_py/esptool/esptool.py;--chip;esp32s3" -D "SERIAL_TOOL_ARGS=--before=default_reset;--after=hard_reset;write_flash;@flash_args" -D WORKING_DIRECTORY=/Users/mac/Desktop/2/firmware/esp32_voice_idf/build-dashscope-tts10 -P /Users/mac/.espressif/frameworks/esp-idf-v5.5.4/components/esptool_py/run_serial_tool.cmake
esptool.py --chip esp32s3 -p /dev/cu.usbmodem101 -b 115200 --before=default_reset --after=hard_reset write_flash --flash_mode dio --flash_freq 80m --flash_size 16MB 0x0 bootloader/bootloader.bin 0x10000 sesame_robot_v3.bin 0x8000 partition_table/partition-table.bin 0x410000 srmodels/srmodels.bin
esptool.py v4.12.0
Serial port /dev/cu.usbmodem101
Connecting...
Chip is ESP32-S3 (QFN56) (revision v0.2)
Features: WiFi, BLE, Embedded PSRAM 8MB (AP_3v3)
Crystal is 40MHz
USB mode: USB-Serial/JTAG
MAC: 28:84:85:a4:ef:1c
Uploading stub...
Running stub...
Stub running...
Configuring flash size...
Flash will be erased from 0x00000000 to 0x00005fff...
Flash will be erased from 0x00010000 to 0x00185fff...
Flash will be erased from 0x00008000 to 0x00008fff...
Flash will be erased from 0x00410000 to 0x00410fff...
SHA digest in image updated
Compressed 20832 bytes to 13354...
Writing at 0x00000000... (100 %)
Wrote 20832 bytes (13354 compressed) at 0x00000000 in 0.2 seconds (effective 746.3 kbit/s)...
Hash of data verified.
Compressed 1528960 bytes to 948467...
Writing at 0x00010000... (1 %)
Writing at 0x0001cc58... (3 %)
Writing at 0x0002a791... (5 %)
Writing at 0x00031cb5... (6 %)
Writing at 0x00036857... (8 %)
Writing at 0x0003ba37... (10 %)
Writing at 0x00046ab5... (12 %)
Writing at 0x00058de7... (13 %)
Writing at 0x000648a7... (15 %)
Writing at 0x0006b4d9... (17 %)
Writing at 0x00071821... (18 %)
Writing at 0x00077c08... (20 %)
Writing at 0x0007e17a... (22 %)
Writing at 0x00083305... (24 %)
Writing at 0x000882c2... (25 %)
Writing at 0x0008d4ab... (27 %)
Writing at 0x00092310... (29 %)
Writing at 0x00097919... (31 %)
Writing at 0x0009c8cb... (32 %)
Writing at 0x000a17a5... (34 %)
Writing at 0x000a6f77... (36 %)
Writing at 0x000ac366... (37 %)
Writing at 0x000b1566... (39 %)
Writing at 0x000b77e7... (41 %)
Writing at 0x000bd641... (43 %)
Writing at 0x000c31f2... (44 %)
Writing at 0x000c9511... (46 %)
Writing at 0x000cf8d3... (48 %)
Writing at 0x000d52f9... (50 %)
Writing at 0x000db168... (51 %)
Writing at 0x000e0fd8... (53 %)
Writing at 0x000e6f07... (55 %)
Writing at 0x000ed12d... (56 %)
Writing at 0x000f3443... (58 %)
Writing at 0x000f9842... (60 %)
Writing at 0x000ff5cd... (62 %)
Writing at 0x00105277... (63 %)
Writing at 0x0010b5fe... (65 %)
Writing at 0x001113ef... (67 %)
Writing at 0x00116fed... (68 %)
Writing at 0x0011c11a... (70 %)
Writing at 0x00121214... (72 %)
Writing at 0x00126d39... (74 %)
Writing at 0x0012c26d... (75 %)
Writing at 0x00131778... (77 %)
Writing at 0x00136c8d... (79 %)
Writing at 0x0013c84d... (81 %)
Writing at 0x001425c2... (82 %)
Writing at 0x0014825c... (84 %)
Writing at 0x0014df6e... (86 %)
Writing at 0x001538c3... (87 %)
Writing at 0x00158d70... (89 %)
Writing at 0x001610ee... (91 %)
Writing at 0x00167322... (93 %)
Writing at 0x0016db67... (94 %)
Writing at 0x00174185... (96 %)
Writing at 0x0017a3c9... (98 %)
Writing at 0x00180078... (100 %)
Wrote 1528960 bytes (948467 compressed) at 0x00010000 in 8.1 seconds (effective 1508.2 kbit/s)...
Hash of data verified.
Compressed 3072 bytes to 133...
Writing at 0x00008000... (100 %)
Wrote 3072 bytes (133 compressed) at 0x00008000 in 0.0 seconds (effective 976.8 kbit/s)...
Hash of data verified.
Compressed 4 bytes to 12...
Writing at 0x00410000... (100 %)
Wrote 4 bytes (12 compressed) at 0x00410000 in 0.0 seconds (effective 1.7 kbit/s)...
Hash of data verified.

Leaving...
Hard resetting via RTS pin...
Done
exit_status=0
