$ /Users/mac/Desktop/2/output/20260809-dashscope-tts10-wakenet/deployment/rollback.sh
Checking "python3" ...
Python 3.9.6
"python3" has been detected
Activating ESP-IDF 5.5
Setting IDF_PATH to '/Users/mac/.espressif/frameworks/esp-idf-v5.5.4'.
* Checking python version ... 3.9.6
* Checking python dependencies ... OK
* Deactivating the current ESP-IDF environment (if any) ... OK
* Establishing a new ESP-IDF environment ... OK
* Identifying shell ... bash
* Detecting outdated tools in system ... OK - no outdated tools found
* Shell completion ... Autocompletion code generated
WARNING: Failed to load shell autocompletion for bash version: 3.2.57(1)-release!

Done! You can now compile ESP-IDF projects.
Go to the project directory and run:

  idf.py build
esptool.py v4.12.0
Serial port /dev/cu.usbmodem101

A fatal error occurred: Could not open /dev/cu.usbmodem101, the port is busy or doesn't exist.
([Errno 2] could not open port /dev/cu.usbmodem101: [Errno 2] No such file or directory: '/dev/cu.usbmodem101')

Hint: Check if the port is correct and ESP connected

