ESP-ROM:esp32s3-20210327
Build:Mar 27 2021
rst:0x15 (USB_UART_CHIP_RESET),boot:0x8 (SPI_FAST_FLASH_BOOT)
Saved PC:0x4037b0da
SPIWP:0xee
mode:DIO, clock div:1
load:0x3fce2820,len:0x14f0
load:0x403c8700,len:0xd24
load:0x403cb700,len:0x2ef0
entry 0x403c8924
I (24) boot: ESP-IDF v5.5.4 2nd stage bootloader
I (24) boot: compile time Jul 29 2026 03:23:18
I (25) boot: Multicore bootloader
I (25) boot: chip revision: v0.2
I (27) boot: efuse block revision: v1.4
I (31) boot.esp32s3: Boot SPI Speed : 80MHz
I (35) boot.esp32s3: SPI Mode       : DIO
I (39) boot.esp32s3: SPI Flash Size : 4MB
I (42) boot: Enabling RNG early entropy source...
I (47) boot: Partition Table:
I (50) boot: ## Label            Usage          Type ST Offset   Length
I (56) boot:  0 nvs              WiFi data        01 02 00009000 00006000
I (62) boot:  1 phy_init         RF data          01 01 0000f000 00001000
I (69) boot:  2 factory          factory app      00 00 00010000 00300000
I (75) boot:  3 model            Unknown data     01 82 00310000 000f0000
I (82) boot: End of partition table
I (85) esp_image: segment 0: paddr=00010020 vaddr=3c140020 size=3a828h (239656) map
I (135) esp_image: segment 1: paddr=0004a850 vaddr=3fc9d500 size=057c8h ( 22472) load
I (140) esp_image: segment 2: paddr=00050020 vaddr=42000020 size=13e04ch (1302604) map
I (370) esp_image: segment 3: paddr=0018e074 vaddr=3fca2cc8 size=0206ch (  8300) load
I (372) esp_image: segment 4: paddr=001900e8 vaddr=40374000 size=19470h (103536) load
I (396) esp_image: segment 5: paddr=001a9560 vaddr=50000000 size=00020h (    32) load
I (407) boot: Loaded app from partition at offset 0x10000
I (407) boot: Disabling RNG early entropy source...
I (417) octal_psram: vendor id    : 0x0d (AP)
I (417) octal_psram: dev id       : 0x02 (generation 3)
I (418) octal_psram: density      : 0x03 (64 Mbit)
I (420) octal_psram: good-die     : 0x01 (Pass)
I (424) octal_psram: Latency      : 0x01 (Fixed)
I (428) octal_psram: VCC          : 0x01 (3V)
I (432) octal_psram: SRF          : 0x01 (Fast Refresh)
I (437) octal_psram: BurstType    : 0x01 (Hybrid Wrap)
I (442) octal_psram: BurstLen     : 0x01 (32 Byte)
I (447) octal_psram: Readlatency  : 0x02 (10 cycles@Fixed)
I (452) octal_psram: DriveStrength: 0x00 (1/1)
I (456) esp_psram: Found 8MB PSRAM device
I (460) esp_psram: Speed: 40MHz
I (463) cpu_start: Multicore app
I (1197) esp_psram: SPI SRAM memory test OK
I (1205) cpu_start: GPIO 44 and 43 are used as console UART I/O pins
I (1206) cpu_start: Pro cpu start user code
I (1206) cpu_start: cpu freq: 160000000 Hz
I (1207) app_init: Application information:
I (1211) app_init: Project name:     sesame_robot_v3
I (1216) app_init: App version:      1
I (1219) app_init: Compile time:     Aug  8 2026 20:29:43
I (1225) app_init: ELF file SHA256:  6b3144d48...
I (1229) app_init: ESP-IDF:          v5.5.4
I (1233) efuse_init: Min chip rev:     v0.0
I (1237) efuse_init: Max chip rev:     v0.99 
I (1241) efuse_init: Chip rev:         v0.2
I (1245) heap_init: Initializing. RAM available for dynamic allocation:
I (1251) heap_init: At 3FCAD0E8 len 0003C628 (241 KiB): RAM
I (1256) heap_init: At 3FCE9710 len 00005724 (21 KiB): RAM
I (1262) heap_init: At 3FCF0000 len 00008000 (32 KiB): DRAM
I (1267) heap_init: At 600FE000 len 00001FE8 (7 KiB): RTCRAM
I (1273) esp_psram: Adding pool of 8192K of PSRAM memory to heap allocator
I (1280) spi_flash: detected chip: generic
I (1283) spi_flash: flash io: dio
W (1286) spi_flash: Detected size(16384k) larger than the size in the binary image header(4096k). Using the size in the binary image header.
I (1299) sleep_gpio: Configure to isolate all GPIO pins in sleep state
I (1305) sleep_gpio: Enable automatic switching of GPIO sleep configuration
I (1312) main_task: Started on CPU0
I (1315) esp_psram: Reserving pool of 32K of internal memory for DMA/internal allocations
I (1323) main_task: Calling app_main()
I (1347) uart: queue free spaces: 20
I (1348) sesame_main: Sesame Robot V3 production firmware starting
I (1349) sesame_main: Initial turn state: idle
I (1351) sesame_audio: I2S ready: 16 kHz, 32-bit stereo bus, mic left slot, 20 ms frame
I (1356) sesame_main: Audio HAL ready
I (1372) wake_vad: custom model ready: zhima_wakeword_tts_v2_int8, 22456 bytes, threshold=0.86, arena=98304 bytes
I (1373) MODEL_LOADER: The storage free size is 23040 KB
I (1377) MODEL_LOADER: The partition size is 960 KB
I (1382) MODEL_LOADER: Successfully load srmodels
I (1386) AFE_CONFIG: Set WakeNet Model: wn9s_nihaoxiaozhi
I (1391) AFE_CONFIG: Set VAD Model: vadnet1_medium
MC Quantized vadnet1:vadnet1_mediumv1_Speech_1_0.5_0.1, min speech:128 ms, min noise:800 ms, mode:0, threshold:0.500, channel:1, tigger:v1 (May 25 2026 15:51:02)
I (1469) AFE: AFE Version: (1MIC_V251128)
I (1472) AFE: Input PCM Config: total 1 channels(1 microphone, 0 playback), sample rate:16000
I (1481) AFE: AFE Pipeline: [input] -> |VAD(vadnet1_medium)| -> [output]
I (1487) AFE: AFE Version: (1MIC_V251128)
I (1491) AFE: Input PCM Config: total 1 channels(1 microphone, 0 playback), sample rate:16000
I (1499) AFE: AFE Pipeline: [input] -> |VAD(vadnet1_medium)| -> [output]
I (1506) wake_vad: custom TFLite wake word + VAD ready; feed frame=512 samples
I (1521) pp: pp rom version: e7ae62f
I (1522) net80211: net80211 rom version: e7ae62f
I (1523) wifi:wifi driver task: 3fccbc3c, prio:23, stack:6656, core=0
I (1537) wifi:wifi firmware version: 0947e8b
I (1538) wifi:wifi certification version: v7.0
I (1538) wifi:config NVS flash: enabled
I (1538) wifi:config nano formatting: disabled
I (1543) wifi:Init data frame dynamic rx buffer num: 32
I (1548) wifi:Init static rx mgmt buffer num: 5
I (1552) wifi:Init management short buffer num: 32
I (1556) wifi:Init dynamic tx buffer num: 32
I (1560) wifi:Init static tx FG buffer num: 2
I (1564) wifi:Init static rx buffer size: 1600
I (1569) wifi:Init static rx buffer num: 10
I (1572) wifi:Init dynamic rx buffer num: 32
I (1577) wifi_init: rx ba win: 6
I (1579) wifi_init: accept mbox: 6
I (1582) wifi_init: tcpip mbox: 32
I (1585) wifi_init: udp mbox: 6
I (1588) wifi_init: tcp mbox: 6
I (1591) wifi_init: tcp tx win: 5760
I (1594) wifi_init: tcp rx win: 5760
I (1598) wifi_init: tcp mss: 1440
I (1601) wifi_init: WiFi IRAM OP enabled
I (1604) wifi_init: WiFi RX IRAM OP enabled
I (1610) phy_init: phy_version 711,97bcf0a2,Aug 25 2025,19:04:10
I (1653) wifi:mode : sta (28:84:85:a4:ef:1c)
I (1653) wifi:enable tsf
I (1663) wifi:new:<6,0>, old:<1,0>, ap:<255,255>, sta:<6,0>, prof:1, snd_ch_cfg:0x0
I (1665) wifi:state: init -> auth (0xb0)
W (1687) AFE: Ringbuffer of AFE is empty, Please use feed() to write data
W (1687) wake_vad: AFE VAD fetch failed
I (1730) wifi:state: auth -> assoc (0x0)
I (1791) wifi:state: assoc -> run (0x10)
I (1838) wifi:connected with YuanGuang, aid = 1, channel 6, BW20, bssid = c0:e0:18:ce:70:10
I (1839) wifi:security: WPA2-PSK, phy: bgn, rssi: -50, cipher(pairwise:0x3, group:0x3), pmf:0
I (1847) wifi:pm start, type: 1

I (1847) wifi:dp: 1, bi: 102400, li: 3, scale listen interval from 307200 us to 307200 us
I (1855) wifi:set rx beacon pti, rx_bcn_pti: 0, bcn_timeout: 25000, mt_pti: 0, mt_time: 10000
I (1864) wifi:AP's beacon interval = 102400 us, DTIM period = 1
I (1870) wifi:<ba-add>idx:0 (ifx:0, c0:e0:18:ce:70:10), tid:6, ssn:2, winSize:64
W (1887) AFE: Ringbuffer of AFE is empty, Please use feed() to write data
W (1887) wake_vad: AFE VAD fetch failed
I (1895) wifi:<ba-add>idx:1 (ifx:0, c0:e0:18:ce:70:10), tid:0, ssn:0, winSize:64
W (2087) AFE: Ringbuffer of AFE is empty, Please use feed() to write data
W (2087) wake_vad: AFE VAD fetch failed
W (2287) AFE: Ringbuffer of AFE is empty, Please use feed() to write data
W (2287) wake_vad: AFE VAD fetch failed
W (2487) AFE: Ringbuffer of AFE is empty, Please use feed() to write data
W (2487) wake_vad: AFE VAD fetch failed
W (2687) AFE: Ringbuffer of AFE is empty, Please use feed() to write data
W (2687) wake_vad: AFE VAD fetch failed
W (2887) AFE: Ringbuffer of AFE is empty, Please use feed() to write data
W (2887) wake_vad: AFE VAD fetch failed
I (2935) esp_netif_handlers: sta ip: 192.168.88.183, mask: 255.255.255.0, gw: 192.168.88.1
I (2936) sesame_transport: Wi-Fi got IP; reconnect backoff reset
I (2940) mdns_mem: mDNS task will be created from internal RAM
W (3087) AFE: Ringbuffer of AFE is empty, Please use feed() to write data
W (3087) wake_vad: AFE VAD fetch failed
W (3287) AFE: Ringbuffer of AFE is empty, Please use feed() to write data
W (3287) wake_vad: AFE VAD fetch failed
W (3487) AFE: Ringbuffer of AFE is empty, Please use feed() to write data
W (3487) wake_vad: AFE VAD fetch failed
W (3687) AFE: Ringbuffer of AFE is empty, Please use feed() to write data
W (3687) wake_vad: AFE VAD fetch failed
W (3887) AFE: Ringbuffer of AFE is empty, Please use feed() to write data
W (3887) wake_vad: AFE VAD fetch failed
W (4087) AFE: Ringbuffer of AFE is empty, Please use feed() to write data
W (4087) wake_vad: AFE VAD fetch failed
W (4287) AFE: Ringbuffer of AFE is empty, Please use feed() to write data
W (4287) wake_vad: AFE VAD fetch failed
W (4487) AFE: Ringbuffer of AFE is empty, Please use feed() to write data
W (4487) wake_vad: AFE VAD fetch failed
W (4687) AFE: Ringbuffer of AFE is empty, Please use feed() to write data
W (4687) wake_vad: AFE VAD fetch failed
W (4887) AFE: Ringbuffer of AFE is empty, Please use feed() to write data
W (4887) wake_vad: AFE VAD fetch failed
W (5087) AFE: Ringbuffer of AFE is empty, Please use feed() to write data
W (5087) wake_vad: AFE VAD fetch failed
W (5287) AFE: Ringbuffer of AFE is empty, Please use feed() to write data
W (5287) wake_vad: AFE VAD fetch failed
W (5487) AFE: Ringbuffer of AFE is empty, Please use feed() to write data
W (5487) wake_vad: AFE VAD fetch failed
W (5687) AFE: Ringbuffer of AFE is empty, Please use feed() to write data
W (5687) wake_vad: AFE VAD fetch failed
W (5887) AFE: Ringbuffer of AFE is empty, Please use feed() to write data
W (5887) wake_vad: AFE VAD fetch failed
W (6087) AFE: Ringbuffer of AFE is empty, Please use feed() to write data
W (6087) wake_vad: AFE VAD fetch failed
W (6287) AFE: Ringbuffer of AFE is empty, Please use feed() to write data
W (6287) wake_vad: AFE VAD fetch failed
W (6487) AFE: Ringbuffer of AFE is empty, Please use feed() to write data
W (6487) wake_vad: AFE VAD fetch failed
W (6687) AFE: Ringbuffer of AFE is empty, Please use feed() to write data
W (6687) wake_vad: AFE VAD fetch failed
W (6887) AFE: Ringbuffer of AFE is empty, Please use feed() to write data
W (6887) wake_vad: AFE VAD fetch failed
W (7087) AFE: Ringbuffer of AFE is empty, Please use feed() to write data
W (7087) wake_vad: AFE VAD fetch failed
W (7287) AFE: Ringbuffer of AFE is empty, Please use feed() to write data
W (7287) wake_vad: AFE VAD fetch failed
