esptool.py v4.12.0
Serial port /dev/tty.usbmodem101
Connecting...
Chip is ESP32-S3 (QFN56) (revision v0.2)
Features: WiFi, BLE, Embedded PSRAM 8MB (AP_3v3)
Crystal is 40MHz
USB mode: USB-Serial/JTAG
MAC: 28:84:85:a4:ef:1c
Enabling default SPI flash mode...
Configuring flash size...
Flash will be erased from 0x00010000 to 0x001a9fff...
Erasing flash...
Took 2.35s to erase flash block
Writing at 0x00010000... (0 %)
Writing at 0x00010400... (0 %)
Writing at 0x00010800... (0 %)
Writing at 0x00010c00... (0 %)
Writing at 0x00011000... (0 %)
Writing at 0x00011400... (0 %)
Writing at 0x00011800... (0 %)
Writing at 0x00011c00... (0 %)
Writing at 0x00012000... (0 %)
Writing at 0x00012400... (0 %)
Writing at 0x00012800... (0 %)
Writing at 0x00012c00... (0 %)
Writing at 0x00013000... (0 %)
Writing at 0x00013400... (0 %)
Writing at 0x00013800... (0 %)
Writing at 0x00013c00... (0 %)
Writing at 0x00014000... (1 %)
Writing at 0x00014400... (1 %)
Writing at 0x00014800... (1 %)
Writing at 0x00014c00... (1 %)
Writing at 0x00015000... (1 %)
Writing at 0x00015400... (1 %)
Writing at 0x00015800... (1 %)
Writing at 0x00015c00... (1 %)
Writing at 0x00016000... (1 %)
Writing at 0x00016400... (1 %)
Writing at 0x00016800... (1 %)
Writing at 0x00016c00... (1 %)
Writing at 0x00017000... (1 %)
Writing at 0x00017400... (1 %)
Writing at 0x00017800... (1 %)
Writing at 0x00017c00... (1 %)
Writing at 0x00018000... (2 %)
Writing at 0x00018400... (2 %)
Writing at 0x00018800... (2 %)
Writing at 0x00018c00... (2 %)
Writing at 0x00019000... (2 %)
Writing at 0x00019400... (2 %)
Writing at 0x00019800... (2 %)
Writing at 0x00019c00... (2 %)
Writing at 0x0001a000... (2 %)
Writing at 0x0001a400... (2 %)
Writing at 0x0001a800... (2 %)
Writing at 0x0001ac00... (2 %)
Writing at 0x0001b000... (2 %)
Writing at 0x0001b400... (2 %)
Writing at 0x0001b800... (2 %)
Writing at 0x0001bc00... (2 %)
Writing at 0x0001c000... (2 %)
Writing at 0x0001c400... (3 %)
Writing at 0x0001c800... (3 %)
Writing at 0x0001cc00... (3 %)
Writing at 0x0001d000... (3 %)
Writing at 0x0001d400... (3 %)
Writing at 0x0001d800... (3 %)
Writing at 0x0001dc00... (3 %)
Writing at 0x0001e000... (3 %)
Writing at 0x0001e400... (3 %)
Writing at 0x0001e800... (3 %)
Writing at 0x0001ec00... (3 %)
Writing at 0x0001f000... (3 %)
Writing at 0x0001f400... (3 %)
Writing at 0x0001f800... (3 %)
Writing at 0x0001fc00... (3 %)
Writing at 0x00020000... (3 %)
Writing at 0x00020400... (4 %)
Writing at 0x00020800... (4 %)
Writing at 0x00020c00... (4 %)
Writing at 0x00021000... (4 %)
Writing at 0x00021400... (4 %)
Writing at 0x00021800... (4 %)
Writing at 0x00021c00... (4 %)
Writing at 0x00022000... (4 %)
Writing at 0x00022400... (4 %)
Writing at 0x00022800... (4 %)
Writing at 0x00022c00... (4 %)
Writing at 0x00023000... (4 %)
Writing at 0x00023400... (4 %)
Writing at 0x00023800... (4 %)
Writing at 0x00023c00... (4 %)
Writing at 0x00024000... (4 %)
Writing at 0x00024400... (5 %)
Writing at 0x00024800... (5 %)
Writing at 0x00024c00... (5 %)
Writing at 0x00025000... (5 %)
Writing at 0x00025400... (5 %)
Writing at 0x00025800... (5 %)
Writing at 0x00025c00... (5 %)
Writing at 0x00026000... (5 %)
Writing at 0x00026400... (5 %)
Writing at 0x00026800... (5 %)
Writing at 0x00026c00... (5 %)
Writing at 0x00027000... (5 %)
Writing at 0x00027400... (5 %)
Writing at 0x00027800... (5 %)
Writing at 0x00027c00... (5 %)
Writing at 0x00028000... (5 %)
Writing at 0x00028400... (5 %)
Writing at 0x00028800... (6 %)
Writing at 0x00028c00... (6 %)
Writing at 0x00029000... (6 %)
Writing at 0x00029400... (6 %)
Writing at 0x00029800... (6 %)
Writing at 0x00029c00... (6 %)
Writing at 0x0002a000... (6 %)
Writing at 0x0002a400... (6 %)
Writing at 0x0002a800... (6 %)
Writing at 0x0002ac00... (6 %)
Writing at 0x0002b000... (6 %)
Writing at 0x0002b400... (6 %)
Writing at 0x0002b800... (6 %)
Writing at 0x0002bc00... (6 %)
Writing at 0x0002c000... (6 %)
Writing at 0x0002c400... (6 %)
Writing at 0x0002c800... (7 %)
Writing at 0x0002cc00... (7 %)
Writing at 0x0002d000... (7 %)
Writing at 0x0002d400... (7 %)
Writing at 0x0002d800... (7 %)
Writing at 0x0002dc00... (7 %)
Writing at 0x0002e000... (7 %)
Writing at 0x0002e400... (7 %)
Writing at 0x0002e800... (7 %)
Writing at 0x0002ec00... (7 %)
Writing at 0x0002f000... (7 %)
Writing at 0x0002f400... (7 %)
Writing at 0x0002f800... (7 %)
Writing at 0x0002fc00... (7 %)
Writing at 0x00030000... (7 %)
Writing at 0x00030400... (7 %)
Writing at 0x00030800... (7 %)
Writing at 0x00030c00... (8 %)
Writing at 0x00031000... (8 %)
Writing at 0x00031400... (8 %)
Writing at 0x00031800... (8 %)
Writing at 0x00031c00... (8 %)
Writing at 0x00032000... (8 %)
Writing at 0x00032400... (8 %)
Writing at 0x00032800... (8 %)
Writing at 0x00032c00... (8 %)
Writing at 0x00033000... (8 %)
Writing at 0x00033400... (8 %)
Writing at 0x00033800... (8 %)
Writing at 0x00033c00... (8 %)
Writing at 0x00034000... (8 %)
Writing at 0x00034400... (8 %)
Writing at 0x00034800... (8 %)
Writing at 0x00034c00... (9 %)
Writing at 0x00035000... (9 %)
Writing at 0x00035400... (9 %)
Writing at 0x00035800... (9 %)
Writing at 0x00035c00... (9 %)
Writing at 0x00036000... (9 %)
Writing at 0x00036400... (9 %)
Writing at 0x00036800... (9 %)
Writing at 0x00036c00... (9 %)
Writing at 0x00037000... (9 %)
Writing at 0x00037400... (9 %)
Writing at 0x00037800... (9 %)
Writing at 0x00037c00... (9 %)
Writing at 0x00038000... (9 %)
Writing at 0x00038400... (9 %)
Writing at 0x00038800... (9 %)
Writing at 0x00038c00... (10 %)
Writing at 0x00039000... (10 %)
Writing at 0x00039400... (10 %)
Writing at 0x00039800... (10 %)
Writing at 0x00039c00... (10 %)
Writing at 0x0003a000... (10 %)
Writing at 0x0003a400... (10 %)
Writing at 0x0003a800... (10 %)
Writing at 0x0003ac00... (10 %)
Writing at 0x0003b000... (10 %)
Writing at 0x0003b400... (10 %)
Writing at 0x0003b800... (10 %)
Writing at 0x0003bc00... (10 %)
Writing at 0x0003c000... (10 %)
Writing at 0x0003c400... (10 %)
Writing at 0x0003c800... (10 %)
Writing at 0x0003cc00... (10 %)
Writing at 0x0003d000... (11 %)
Writing at 0x0003d400... (11 %)
Writing at 0x0003d800... (11 %)
Writing at 0x0003dc00... (11 %)
Writing at 0x0003e000... (11 %)
Writing at 0x0003e400... (11 %)
Writing at 0x0003e800... (11 %)
Writing at 0x0003ec00... (11 %)
Writing at 0x0003f000... (11 %)
Writing at 0x0003f400... (11 %)
Writing at 0x0003f800... (11 %)
Writing at 0x0003fc00... (11 %)
Writing at 0x00040000... (11 %)
Writing at 0x00040400... (11 %)
Writing at 0x00040800... (11 %)
Writing at 0x00040c00... (11 %)
Writing at 0x00041000... (12 %)
Writing at 0x00041400... (12 %)
Writing at 0x00041800... (12 %)
Writing at 0x00041c00... (12 %)
Writing at 0x00042000... (12 %)
Writing at 0x00042400... (12 %)
Writing at 0x00042800... (12 %)
Writing at 0x00042c00... (12 %)
Writing at 0x00043000... (12 %)
Writing at 0x00043400... (12 %)
Writing at 0x00043800... (12 %)
Writing at 0x00043c00... (12 %)
Writing at 0x00044000... (12 %)
Writing at 0x00044400... (12 %)
Writing at 0x00044800... (12 %)
Writing at 0x00044c00... (12 %)
Writing at 0x00045000... (13 %)
Writing at 0x00045400... (13 %)
Writing at 0x00045800... (13 %)
Writing at 0x00045c00... (13 %)
Writing at 0x00046000... (13 %)
Writing at 0x00046400... (13 %)
Writing at 0x00046800... (13 %)
Writing at 0x00046c00... (13 %)
Writing at 0x00047000... (13 %)
Writing at 0x00047400... (13 %)
Writing at 0x00047800... (13 %)
Writing at 0x00047c00... (13 %)
Writing at 0x00048000... (13 %)
Writing at 0x00048400... (13 %)
Writing at 0x00048800... (13 %)
Writing at 0x00048c00... (13 %)
Writing at 0x00049000... (13 %)
Writing at 0x00049400... (14 %)
Writing at 0x00049800... (14 %)
Writing at 0x00049c00... (14 %)
Writing at 0x0004a000... (14 %)
Writing at 0x0004a400... (14 %)
Writing at 0x0004a800... (14 %)
Writing at 0x0004ac00... (14 %)
Writing at 0x0004b000... (14 %)
Writing at 0x0004b400... (14 %)
Writing at 0x0004b800... (14 %)
Writing at 0x0004bc00... (14 %)
Writing at 0x0004c000... (14 %)
Writing at 0x0004c400... (14 %)
Writing at 0x0004c800... (14 %)
Writing at 0x0004cc00... (14 %)
Writing at 0x0004d000... (14 %)
Writing at 0x0004d400... (15 %)
Writing at 0x0004d800... (15 %)
Writing at 0x0004dc00... (15 %)
Writing at 0x0004e000... (15 %)
Writing at 0x0004e400... (15 %)
Writing at 0x0004e800... (15 %)
Writing at 0x0004ec00... (15 %)
Writing at 0x0004f000... (15 %)
Writing at 0x0004f400... (15 %)
Writing at 0x0004f800... (15 %)
Writing at 0x0004fc00... (15 %)
Writing at 0x00050000... (15 %)
Writing at 0x00050400... (15 %)
Writing at 0x00050800... (15 %)
Writing at 0x00050c00... (15 %)
Writing at 0x00051000... (15 %)
Writing at 0x00051400... (15 %)
Writing at 0x00051800... (16 %)
Writing at 0x00051c00... (16 %)
Writing at 0x00052000... (16 %)
Writing at 0x00052400... (16 %)
Writing at 0x00052800... (16 %)
Writing at 0x00052c00... (16 %)
Writing at 0x00053000... (16 %)
Writing at 0x00053400... (16 %)
Writing at 0x00053800... (16 %)
Writing at 0x00053c00... (16 %)
Writing at 0x00054000... (16 %)
Writing at 0x00054400... (16 %)
Writing at 0x00054800... (16 %)
Writing at 0x00054c00... (16 %)
Writing at 0x00055000... (16 %)
Writing at 0x00055400... (16 %)
Writing at 0x00055800... (17 %)
Writing at 0x00055c00... (17 %)
Writing at 0x00056000... (17 %)
Writing at 0x00056400... (17 %)
Writing at 0x00056800... (17 %)
Writing at 0x00056c00... (17 %)
Writing at 0x00057000... (17 %)
Writing at 0x00057400... (17 %)
Writing at 0x00057800... (17 %)
Writing at 0x00057c00... (17 %)
Writing at 0x00058000... (17 %)
Writing at 0x00058400... (17 %)
Writing at 0x00058800... (17 %)
Writing at 0x00058c00... (17 %)
Writing at 0x00059000... (17 %)
Writing at 0x00059400... (17 %)
Writing at 0x00059800... (18 %)
Writing at 0x00059c00... (18 %)
Writing at 0x0005a000... (18 %)
Writing at 0x0005a400... (18 %)
Writing at 0x0005a800... (18 %)
Writing at 0x0005ac00... (18 %)
Writing at 0x0005b000... (18 %)
Writing at 0x0005b400... (18 %)
Writing at 0x0005b800... (18 %)
Writing at 0x0005bc00... (18 %)
Writing at 0x0005c000... (18 %)
Writing at 0x0005c400... (18 %)
Writing at 0x0005c800... (18 %)
Writing at 0x0005cc00... (18 %)
Writing at 0x0005d000... (18 %)
Writing at 0x0005d400... (18 %)
Writing at 0x0005d800... (18 %)
Writing at 0x0005dc00... (19 %)
Writing at 0x0005e000... (19 %)
Writing at 0x0005e400... (19 %)
Writing at 0x0005e800... (19 %)
Writing at 0x0005ec00... (19 %)
Writing at 0x0005f000... (19 %)
Writing at 0x0005f400... (19 %)
Writing at 0x0005f800... (19 %)
Writing at 0x0005fc00... (19 %)
Writing at 0x00060000... (19 %)
Writing at 0x00060400... (19 %)
Writing at 0x00060800... (19 %)
Writing at 0x00060c00... (19 %)
Writing at 0x00061000... (19 %)
Writing at 0x00061400... (19 %)
Writing at 0x00061800... (19 %)
Writing at 0x00061c00... (20 %)
Writing at 0x00062000... (20 %)
Writing at 0x00062400... (20 %)
Writing at 0x00062800... (20 %)
Writing at 0x00062c00... (20 %)
Writing at 0x00063000... (20 %)
Writing at 0x00063400... (20 %)
Writing at 0x00063800... (20 %)
Writing at 0x00063c00... (20 %)
Writing at 0x00064000... (20 %)
Writing at 0x00064400... (20 %)
Writing at 0x00064800... (20 %)
Writing at 0x00064c00... (20 %)
Writing at 0x00065000... (20 %)
Writing at 0x00065400... (20 %)
Writing at 0x00065800... (20 %)
Writing at 0x00065c00... (21 %)
Writing at 0x00066000... (21 %)
Writing at 0x00066400... (21 %)
Writing at 0x00066800... (21 %)
Writing at 0x00066c00... (21 %)
Writing at 0x00067000... (21 %)
Writing at 0x00067400... (21 %)
Writing at 0x00067800... (21 %)
Writing at 0x00067c00... (21 %)
Writing at 0x00068000... (21 %)
Writing at 0x00068400... (21 %)
Writing at 0x00068800... (21 %)
Writing at 0x00068c00... (21 %)
Writing at 0x00069000... (21 %)
Writing at 0x00069400... (21 %)
Writing at 0x00069800... (21 %)
Writing at 0x00069c00... (21 %)
Writing at 0x0006a000... (22 %)
Writing at 0x0006a400... (22 %)
Writing at 0x0006a800... (22 %)
Writing at 0x0006ac00... (22 %)
Writing at 0x0006b000... (22 %)
Writing at 0x0006b400... (22 %)
Writing at 0x0006b800... (22 %)
Writing at 0x0006bc00... (22 %)
Writing at 0x0006c000... (22 %)
Writing at 0x0006c400... (22 %)
Writing at 0x0006c800... (22 %)
Writing at 0x0006cc00... (22 %)
Writing at 0x0006d000... (22 %)
Writing at 0x0006d400... (22 %)
Writing at 0x0006d800... (22 %)
Writing at 0x0006dc00... (22 %)
Writing at 0x0006e000... (23 %)
Writing at 0x0006e400... (23 %)
Writing at 0x0006e800... (23 %)
Writing at 0x0006ec00... (23 %)
Writing at 0x0006f000... (23 %)
Writing at 0x0006f400... (23 %)
Writing at 0x0006f800... (23 %)
Writing at 0x0006fc00... (23 %)
Writing at 0x00070000... (23 %)
Writing at 0x00070400... (23 %)
Writing at 0x00070800... (23 %)
Writing at 0x00070c00... (23 %)
Writing at 0x00071000... (23 %)
Writing at 0x00071400... (23 %)
Writing at 0x00071800... (23 %)
Writing at 0x00071c00... (23 %)
Writing at 0x00072000... (23 %)
Writing at 0x00072400... (24 %)
Writing at 0x00072800... (24 %)
Writing at 0x00072c00... (24 %)
Writing at 0x00073000... (24 %)
Writing at 0x00073400... (24 %)
Writing at 0x00073800... (24 %)
Writing at 0x00073c00... (24 %)
Writing at 0x00074000... (24 %)
Writing at 0x00074400... (24 %)
Writing at 0x00074800... (24 %)
Writing at 0x00074c00... (24 %)
Writing at 0x00075000... (24 %)
Writing at 0x00075400... (24 %)
Writing at 0x00075800... (24 %)
Writing at 0x00075c00... (24 %)
Writing at 0x00076000... (24 %)
Writing at 0x00076400... (25 %)
Writing at 0x00076800... (25 %)
Writing at 0x00076c00... (25 %)
Writing at 0x00077000... (25 %)
Writing at 0x00077400... (25 %)
Writing at 0x00077800... (25 %)
Writing at 0x00077c00... (25 %)
Writing at 0x00078000... (25 %)
Writing at 0x00078400... (25 %)
Writing at 0x00078800... (25 %)
Writing at 0x00078c00... (25 %)
Writing at 0x00079000... (25 %)
Writing at 0x00079400... (25 %)
Writing at 0x00079800... (25 %)
Writing at 0x00079c00... (25 %)
Writing at 0x0007a000... (25 %)
Writing at 0x0007a400... (26 %)
Writing at 0x0007a800... (26 %)
Writing at 0x0007ac00... (26 %)
Writing at 0x0007b000... (26 %)
Writing at 0x0007b400... (26 %)
Writing at 0x0007b800... (26 %)
Writing at 0x0007bc00... (26 %)
Writing at 0x0007c000... (26 %)
Writing at 0x0007c400... (26 %)
Writing at 0x0007c800... (26 %)
Writing at 0x0007cc00... (26 %)
Writing at 0x0007d000... (26 %)
Writing at 0x0007d400... (26 %)
Writing at 0x0007d800... (26 %)
Writing at 0x0007dc00... (26 %)
Writing at 0x0007e000... (26 %)
Writing at 0x0007e400... (26 %)
Writing at 0x0007e800... (27 %)
Writing at 0x0007ec00... (27 %)
Writing at 0x0007f000... (27 %)
Writing at 0x0007f400... (27 %)
Writing at 0x0007f800... (27 %)
Writing at 0x0007fc00... (27 %)
Writing at 0x00080000... (27 %)
Writing at 0x00080400... (27 %)
Writing at 0x00080800... (27 %)
Writing at 0x00080c00... (27 %)
Writing at 0x00081000... (27 %)
Writing at 0x00081400... (27 %)
Writing at 0x00081800... (27 %)
Writing at 0x00081c00... (27 %)
Writing at 0x00082000... (27 %)
Writing at 0x00082400... (27 %)
Writing at 0x00082800... (28 %)
Writing at 0x00082c00... (28 %)
Writing at 0x00083000... (28 %)
Writing at 0x00083400... (28 %)
Writing at 0x00083800... (28 %)
Writing at 0x00083c00... (28 %)
Writing at 0x00084000... (28 %)
Writing at 0x00084400... (28 %)
Writing at 0x00084800... (28 %)
Writing at 0x00084c00... (28 %)
Writing at 0x00085000... (28 %)
Writing at 0x00085400... (28 %)
Writing at 0x00085800... (28 %)
Writing at 0x00085c00... (28 %)
Writing at 0x00086000... (28 %)
Writing at 0x00086400... (28 %)
Writing at 0x00086800... (28 %)
Writing at 0x00086c00... (29 %)
Writing at 0x00087000... (29 %)
Writing at 0x00087400... (29 %)
Writing at 0x00087800... (29 %)
Writing at 0x00087c00... (29 %)
Writing at 0x00088000... (29 %)
Writing at 0x00088400... (29 %)
Writing at 0x00088800... (29 %)
Writing at 0x00088c00... (29 %)
Writing at 0x00089000... (29 %)
Writing at 0x00089400... (29 %)
Writing at 0x00089800... (29 %)
Writing at 0x00089c00... (29 %)
Writing at 0x0008a000... (29 %)
Writing at 0x0008a400... (29 %)
Writing at 0x0008a800... (29 %)
Writing at 0x0008ac00... (30 %)
Writing at 0x0008b000... (30 %)
Writing at 0x0008b400... (30 %)
Writing at 0x0008b800... (30 %)
Writing at 0x0008bc00... (30 %)
Writing at 0x0008c000... (30 %)
Writing at 0x0008c400... (30 %)
Writing at 0x0008c800... (30 %)
Writing at 0x0008cc00... (30 %)
Writing at 0x0008d000... (30 %)
Writing at 0x0008d400... (30 %)
Writing at 0x0008d800... (30 %)
Writing at 0x0008dc00... (30 %)
Writing at 0x0008e000... (30 %)
Writing at 0x0008e400... (30 %)
Writing at 0x0008e800... (30 %)
Writing at 0x0008ec00... (31 %)
Writing at 0x0008f000... (31 %)
Writing at 0x0008f400... (31 %)
Writing at 0x0008f800... (31 %)
Writing at 0x0008fc00... (31 %)
Writing at 0x00090000... (31 %)
Writing at 0x00090400... (31 %)
Writing at 0x00090800... (31 %)
Writing at 0x00090c00... (31 %)
Writing at 0x00091000... (31 %)
Writing at 0x00091400... (31 %)
Writing at 0x00091800... (31 %)
Writing at 0x00091c00... (31 %)
Writing at 0x00092000... (31 %)
Writing at 0x00092400... (31 %)
Writing at 0x00092800... (31 %)
Writing at 0x00092c00... (31 %)
Writing at 0x00093000... (32 %)
Writing at 0x00093400... (32 %)
Writing at 0x00093800... (32 %)
Writing at 0x00093c00... (32 %)
Writing at 0x00094000... (32 %)
Writing at 0x00094400... (32 %)
Writing at 0x00094800... (32 %)
Writing at 0x00094c00... (32 %)
Writing at 0x00095000... (32 %)
Writing at 0x00095400... (32 %)
Writing at 0x00095800... (32 %)
Writing at 0x00095c00... (32 %)
Writing at 0x00096000... (32 %)
Writing at 0x00096400... (32 %)
Writing at 0x00096800... (32 %)
Writing at 0x00096c00... (32 %)
Writing at 0x00097000... (33 %)
Writing at 0x00097400... (33 %)
Writing at 0x00097800... (33 %)
Writing at 0x00097c00... (33 %)
Writing at 0x00098000... (33 %)
Writing at 0x00098400... (33 %)
Writing at 0x00098800... (33 %)
Writing at 0x00098c00... (33 %)
Writing at 0x00099000... (33 %)
Writing at 0x00099400... (33 %)
Writing at 0x00099800... (33 %)
Writing at 0x00099c00... (33 %)
Writing at 0x0009a000... (33 %)
Writing at 0x0009a400... (33 %)
Writing at 0x0009a800... (33 %)
Writing at 0x0009ac00... (33 %)
Writing at 0x0009b000... (34 %)
Writing at 0x0009b400... (34 %)
Writing at 0x0009b800... (34 %)
Writing at 0x0009bc00... (34 %)
Writing at 0x0009c000... (34 %)
Writing at 0x0009c400... (34 %)
Writing at 0x0009c800... (34 %)
Writing at 0x0009cc00... (34 %)
Writing at 0x0009d000... (34 %)
Writing at 0x0009d400... (34 %)
Writing at 0x0009d800... (34 %)
Writing at 0x0009dc00... (34 %)
Writing at 0x0009e000... (34 %)
Writing at 0x0009e400... (34 %)
Writing at 0x0009e800... (34 %)
Writing at 0x0009ec00... (34 %)
Writing at 0x0009f000... (34 %)
Writing at 0x0009f400... (35 %)
Writing at 0x0009f800... (35 %)
Writing at 0x0009fc00... (35 %)
Writing at 0x000a0000... (35 %)
Writing at 0x000a0400... (35 %)
Writing at 0x000a0800... (35 %)
Writing at 0x000a0c00... (35 %)
Writing at 0x000a1000... (35 %)
Writing at 0x000a1400... (35 %)
Writing at 0x000a1800... (35 %)
Writing at 0x000a1c00... (35 %)
Writing at 0x000a2000... (35 %)
Writing at 0x000a2400... (35 %)
Writing at 0x000a2800... (35 %)
Writing at 0x000a2c00... (35 %)
Writing at 0x000a3000... (35 %)
Writing at 0x000a3400... (36 %)
Writing at 0x000a3800... (36 %)
Writing at 0x000a3c00... (36 %)
Writing at 0x000a4000... (36 %)
Writing at 0x000a4400... (36 %)
Writing at 0x000a4800... (36 %)
Writing at 0x000a4c00... (36 %)
Writing at 0x000a5000... (36 %)
Writing at 0x000a5400... (36 %)
Writing at 0x000a5800... (36 %)
Writing at 0x000a5c00... (36 %)
Writing at 0x000a6000... (36 %)
Writing at 0x000a6400... (36 %)
Writing at 0x000a6800... (36 %)
Writing at 0x000a6c00... (36 %)
Writing at 0x000a7000... (36 %)
Writing at 0x000a7400... (36 %)
Writing at 0x000a7800... (37 %)
Writing at 0x000a7c00... (37 %)
Writing at 0x000a8000... (37 %)
Writing at 0x000a8400... (37 %)
Writing at 0x000a8800... (37 %)
Writing at 0x000a8c00... (37 %)
Writing at 0x000a9000... (37 %)
Writing at 0x000a9400... (37 %)
Writing at 0x000a9800... (37 %)
Writing at 0x000a9c00... (37 %)
Writing at 0x000aa000... (37 %)
Writing at 0x000aa400... (37 %)
Writing at 0x000aa800... (37 %)
Writing at 0x000aac00... (37 %)
Writing at 0x000ab000... (37 %)
Writing at 0x000ab400... (37 %)
Writing at 0x000ab800... (38 %)
Writing at 0x000abc00... (38 %)
Writing at 0x000ac000... (38 %)
Writing at 0x000ac400... (38 %)
Writing at 0x000ac800... (38 %)
Writing at 0x000acc00... (38 %)
Writing at 0x000ad000... (38 %)
Writing at 0x000ad400... (38 %)
Writing at 0x000ad800... (38 %)
Writing at 0x000adc00... (38 %)
Writing at 0x000ae000... (38 %)
Writing at 0x000ae400... (38 %)
Writing at 0x000ae800... (38 %)
Writing at 0x000aec00... (38 %)
Writing at 0x000af000... (38 %)
Writing at 0x000af400... (38 %)
Writing at 0x000af800... (39 %)
Writing at 0x000afc00... (39 %)
Writing at 0x000b0000... (39 %)
Writing at 0x000b0400... (39 %)
Writing at 0x000b0800... (39 %)
Writing at 0x000b0c00... (39 %)
Writing at 0x000b1000... (39 %)
Writing at 0x000b1400... (39 %)
Writing at 0x000b1800... (39 %)
Writing at 0x000b1c00... (39 %)
Writing at 0x000b2000... (39 %)
Writing at 0x000b2400... (39 %)
Writing at 0x000b2800... (39 %)
Writing at 0x000b2c00... (39 %)
Writing at 0x000b3000... (39 %)
Writing at 0x000b3400... (39 %)
Writing at 0x000b3800... (39 %)
Writing at 0x000b3c00... (40 %)
Writing at 0x000b4000... (40 %)
Writing at 0x000b4400... (40 %)
Writing at 0x000b4800... (40 %)
Writing at 0x000b4c00... (40 %)
Writing at 0x000b5000... (40 %)
Writing at 0x000b5400... (40 %)
Writing at 0x000b5800... (40 %)
Writing at 0x000b5c00... (40 %)
Writing at 0x000b6000... (40 %)
Writing at 0x000b6400... (40 %)
Writing at 0x000b6800... (40 %)
Writing at 0x000b6c00... (40 %)
Writing at 0x000b7000... (40 %)
Writing at 0x000b7400... (40 %)
Writing at 0x000b7800... (40 %)
Writing at 0x000b7c00... (41 %)
Writing at 0x000b8000... (41 %)
Writing at 0x000b8400... (41 %)
Writing at 0x000b8800... (41 %)
Writing at 0x000b8c00... (41 %)
Writing at 0x000b9000... (41 %)
Writing at 0x000b9400... (41 %)
Writing at 0x000b9800... (41 %)
Writing at 0x000b9c00... (41 %)
Writing at 0x000ba000... (41 %)
Writing at 0x000ba400... (41 %)
Writing at 0x000ba800... (41 %)
Writing at 0x000bac00... (41 %)
Writing at 0x000bb000... (41 %)
Writing at 0x000bb400... (41 %)
Writing at 0x000bb800... (41 %)
Writing at 0x000bbc00... (42 %)
Writing at 0x000bc000... (42 %)
Writing at 0x000bc400... (42 %)
Writing at 0x000bc800... (42 %)
Writing at 0x000bcc00... (42 %)
Writing at 0x000bd000... (42 %)
Writing at 0x000bd400... (42 %)
Writing at 0x000bd800... (42 %)
Writing at 0x000bdc00... (42 %)
Writing at 0x000be000... (42 %)
Writing at 0x000be400... (42 %)
Writing at 0x000be800... (42 %)
Writing at 0x000bec00... (42 %)
Writing at 0x000bf000... (42 %)
Writing at 0x000bf400... (42 %)
Writing at 0x000bf800... (42 %)
Writing at 0x000bfc00... (42 %)
Writing at 0x000c0000... (43 %)
Writing at 0x000c0400... (43 %)
Writing at 0x000c0800... (43 %)
Writing at 0x000c0c00... (43 %)
Writing at 0x000c1000... (43 %)
Writing at 0x000c1400... (43 %)
Writing at 0x000c1800... (43 %)
Writing at 0x000c1c00... (43 %)
Writing at 0x000c2000... (43 %)
Writing at 0x000c2400... (43 %)
Writing at 0x000c2800... (43 %)
Writing at 0x000c2c00... (43 %)
Writing at 0x000c3000... (43 %)
Writing at 0x000c3400... (43 %)
Writing at 0x000c3800... (43 %)
Writing at 0x000c3c00... (43 %)
Writing at 0x000c4000... (44 %)
Writing at 0x000c4400... (44 %)
Writing at 0x000c4800... (44 %)
Writing at 0x000c4c00... (44 %)
Writing at 0x000c5000... (44 %)
Writing at 0x000c5400... (44 %)
Writing at 0x000c5800... (44 %)
Writing at 0x000c5c00... (44 %)
Writing at 0x000c6000... (44 %)
Writing at 0x000c6400... (44 %)
Writing at 0x000c6800... (44 %)
Writing at 0x000c6c00... (44 %)
Writing at 0x000c7000... (44 %)
Writing at 0x000c7400... (44 %)
Writing at 0x000c7800... (44 %)
Writing at 0x000c7c00... (44 %)
Writing at 0x000c8000... (44 %)
Writing at 0x000c8400... (45 %)
Writing at 0x000c8800... (45 %)
Writing at 0x000c8c00... (45 %)
Writing at 0x000c9000... (45 %)
Writing at 0x000c9400... (45 %)
Writing at 0x000c9800... (45 %)
Writing at 0x000c9c00... (45 %)
Writing at 0x000ca000... (45 %)
Writing at 0x000ca400... (45 %)
Writing at 0x000ca800... (45 %)
Writing at 0x000cac00... (45 %)
Writing at 0x000cb000... (45 %)
Writing at 0x000cb400... (45 %)
Writing at 0x000cb800... (45 %)
Writing at 0x000cbc00... (45 %)
Writing at 0x000cc000... (45 %)
Writing at 0x000cc400... (46 %)
Writing at 0x000cc800... (46 %)
Writing at 0x000ccc00... (46 %)
Writing at 0x000cd000... (46 %)
Writing at 0x000cd400... (46 %)
Writing at 0x000cd800... (46 %)
Writing at 0x000cdc00... (46 %)
Writing at 0x000ce000... (46 %)
Writing at 0x000ce400... (46 %)
Writing at 0x000ce800... (46 %)
Writing at 0x000cec00... (46 %)
Writing at 0x000cf000... (46 %)
Writing at 0x000cf400... (46 %)
Writing at 0x000cf800... (46 %)
Writing at 0x000cfc00... (46 %)
Writing at 0x000d0000... (46 %)
Writing at 0x000d0400... (47 %)
Writing at 0x000d0800... (47 %)
Writing at 0x000d0c00... (47 %)
Writing at 0x000d1000... (47 %)
Writing at 0x000d1400... (47 %)
Writing at 0x000d1800... (47 %)
Writing at 0x000d1c00... (47 %)
Writing at 0x000d2000... (47 %)
Writing at 0x000d2400... (47 %)
Writing at 0x000d2800... (47 %)
Writing at 0x000d2c00... (47 %)
Writing at 0x000d3000... (47 %)
Writing at 0x000d3400... (47 %)
Writing at 0x000d3800... (47 %)
Writing at 0x000d3c00... (47 %)
Writing at 0x000d4000... (47 %)
Writing at 0x000d4400... (47 %)
Writing at 0x000d4800... (48 %)
Writing at 0x000d4c00... (48 %)
Writing at 0x000d5000... (48 %)
Writing at 0x000d5400... (48 %)
Writing at 0x000d5800... (48 %)
Writing at 0x000d5c00... (48 %)
Writing at 0x000d6000... (48 %)
Writing at 0x000d6400... (48 %)
Writing at 0x000d6800... (48 %)
Writing at 0x000d6c00... (48 %)
Writing at 0x000d7000... (48 %)
Writing at 0x000d7400... (48 %)
Writing at 0x000d7800... (48 %)
Writing at 0x000d7c00... (48 %)
Writing at 0x000d8000... (48 %)
Writing at 0x000d8400... (48 %)
Writing at 0x000d8800... (49 %)
Writing at 0x000d8c00... (49 %)
Writing at 0x000d9000... (49 %)
Writing at 0x000d9400... (49 %)
Writing at 0x000d9800... (49 %)
Writing at 0x000d9c00... (49 %)
Writing at 0x000da000... (49 %)
Writing at 0x000da400... (49 %)
Writing at 0x000da800... (49 %)
Writing at 0x000dac00... (49 %)
Writing at 0x000db000... (49 %)
Writing at 0x000db400... (49 %)
Writing at 0x000db800... (49 %)
Writing at 0x000dbc00... (49 %)
Writing at 0x000dc000... (49 %)
Writing at 0x000dc400... (49 %)
Writing at 0x000dc800... (50 %)
Writing at 0x000dcc00... (50 %)
Writing at 0x000dd000... (50 %)
Writing at 0x000dd400... (50 %)
Writing at 0x000dd800... (50 %)
Writing at 0x000ddc00... (50 %)
Writing at 0x000de000... (50 %)
Writing at 0x000de400... (50 %)
Writing at 0x000de800... (50 %)
Writing at 0x000dec00... (50 %)
Writing at 0x000df000... (50 %)
Writing at 0x000df400... (50 %)
Writing at 0x000df800... (50 %)
Writing at 0x000dfc00... (50 %)
Writing at 0x000e0000... (50 %)
Writing at 0x000e0400... (50 %)
Writing at 0x000e0800... (50 %)
Writing at 0x000e0c00... (51 %)
Writing at 0x000e1000... (51 %)
Writing at 0x000e1400... (51 %)
Writing at 0x000e1800... (51 %)
Writing at 0x000e1c00... (51 %)
Writing at 0x000e2000... (51 %)
Writing at 0x000e2400... (51 %)
Writing at 0x000e2800... (51 %)
Writing at 0x000e2c00... (51 %)
Writing at 0x000e3000... (51 %)
Writing at 0x000e3400... (51 %)
Writing at 0x000e3800... (51 %)
Writing at 0x000e3c00... (51 %)
Writing at 0x000e4000... (51 %)
Writing at 0x000e4400... (51 %)
Writing at 0x000e4800... (51 %)
Writing at 0x000e4c00... (52 %)
Writing at 0x000e5000... (52 %)
Writing at 0x000e5400... (52 %)
Writing at 0x000e5800... (52 %)
Writing at 0x000e5c00... (52 %)
Writing at 0x000e6000... (52 %)
Writing at 0x000e6400... (52 %)
Writing at 0x000e6800... (52 %)
Writing at 0x000e6c00... (52 %)
Writing at 0x000e7000... (52 %)
Writing at 0x000e7400... (52 %)
Writing at 0x000e7800... (52 %)
Writing at 0x000e7c00... (52 %)
Writing at 0x000e8000... (52 %)
Writing at 0x000e8400... (52 %)
Writing at 0x000e8800... (52 %)
Writing at 0x000e8c00... (52 %)
Writing at 0x000e9000... (53 %)
Writing at 0x000e9400... (53 %)
Writing at 0x000e9800... (53 %)
Writing at 0x000e9c00... (53 %)
Writing at 0x000ea000... (53 %)
Writing at 0x000ea400... (53 %)
Writing at 0x000ea800... (53 %)
Writing at 0x000eac00... (53 %)
Writing at 0x000eb000... (53 %)
Writing at 0x000eb400... (53 %)
Writing at 0x000eb800... (53 %)
Writing at 0x000ebc00... (53 %)
Writing at 0x000ec000... (53 %)
Writing at 0x000ec400... (53 %)
Writing at 0x000ec800... (53 %)
Writing at 0x000ecc00... (53 %)
Writing at 0x000ed000... (54 %)
Writing at 0x000ed400... (54 %)
Writing at 0x000ed800... (54 %)
Writing at 0x000edc00... (54 %)
Writing at 0x000ee000... (54 %)
Writing at 0x000ee400... (54 %)
Writing at 0x000ee800... (54 %)
Writing at 0x000eec00... (54 %)
Writing at 0x000ef000... (54 %)
Writing at 0x000ef400... (54 %)
Writing at 0x000ef800... (54 %)
Writing at 0x000efc00... (54 %)
Writing at 0x000f0000... (54 %)
Writing at 0x000f0400... (54 %)
Writing at 0x000f0800... (54 %)
Writing at 0x000f0c00... (54 %)
Writing at 0x000f1000... (55 %)
Writing at 0x000f1400... (55 %)
Writing at 0x000f1800... (55 %)
Writing at 0x000f1c00... (55 %)
Writing at 0x000f2000... (55 %)
Writing at 0x000f2400... (55 %)
Writing at 0x000f2800... (55 %)
Writing at 0x000f2c00... (55 %)
Writing at 0x000f3000... (55 %)
Writing at 0x000f3400... (55 %)
Writing at 0x000f3800... (55 %)
Writing at 0x000f3c00... (55 %)
Writing at 0x000f4000... (55 %)
Writing at 0x000f4400... (55 %)
Writing at 0x000f4800... (55 %)
Writing at 0x000f4c00... (55 %)
Writing at 0x000f5000... (55 %)
Writing at 0x000f5400... (56 %)
Writing at 0x000f5800... (56 %)
Writing at 0x000f5c00... (56 %)
Writing at 0x000f6000... (56 %)
Writing at 0x000f6400... (56 %)
Writing at 0x000f6800... (56 %)
Writing at 0x000f6c00... (56 %)
Writing at 0x000f7000... (56 %)
Writing at 0x000f7400... (56 %)
Writing at 0x000f7800... (56 %)
Writing at 0x000f7c00... (56 %)
Writing at 0x000f8000... (56 %)
Writing at 0x000f8400... (56 %)
Writing at 0x000f8800... (56 %)
Writing at 0x000f8c00... (56 %)
Writing at 0x000f9000... (56 %)
Writing at 0x000f9400... (57 %)
Writing at 0x000f9800... (57 %)
Writing at 0x000f9c00... (57 %)
Writing at 0x000fa000... (57 %)
Writing at 0x000fa400... (57 %)
Writing at 0x000fa800... (57 %)
Writing at 0x000fac00... (57 %)
Writing at 0x000fb000... (57 %)
Writing at 0x000fb400... (57 %)
Writing at 0x000fb800... (57 %)
Writing at 0x000fbc00... (57 %)
Writing at 0x000fc000... (57 %)
Writing at 0x000fc400... (57 %)
Writing at 0x000fc800... (57 %)
Writing at 0x000fcc00... (57 %)
Writing at 0x000fd000... (57 %)
Writing at 0x000fd400... (57 %)
Writing at 0x000fd800... (58 %)
Writing at 0x000fdc00... (58 %)
Writing at 0x000fe000... (58 %)
Writing at 0x000fe400... (58 %)
Writing at 0x000fe800... (58 %)
Writing at 0x000fec00... (58 %)
Writing at 0x000ff000... (58 %)
Writing at 0x000ff400... (58 %)
Writing at 0x000ff800... (58 %)
Writing at 0x000ffc00... (58 %)
Writing at 0x00100000... (58 %)
Writing at 0x00100400... (58 %)
Writing at 0x00100800... (58 %)
Writing at 0x00100c00... (58 %)
Writing at 0x00101000... (58 %)
Writing at 0x00101400... (58 %)
Writing at 0x00101800... (59 %)
Writing at 0x00101c00... (59 %)
Writing at 0x00102000... (59 %)
Writing at 0x00102400... (59 %)
Writing at 0x00102800... (59 %)
Writing at 0x00102c00... (59 %)
Writing at 0x00103000... (59 %)
Writing at 0x00103400... (59 %)
Writing at 0x00103800... (59 %)
Writing at 0x00103c00... (59 %)
Writing at 0x00104000... (59 %)
Writing at 0x00104400... (59 %)
Writing at 0x00104800... (59 %)
Writing at 0x00104c00... (59 %)
Writing at 0x00105000... (59 %)
Writing at 0x00105400... (59 %)
Writing at 0x00105800... (60 %)
Writing at 0x00105c00... (60 %)
Writing at 0x00106000... (60 %)
Writing at 0x00106400... (60 %)
Writing at 0x00106800... (60 %)
Writing at 0x00106c00... (60 %)
Writing at 0x00107000... (60 %)
Writing at 0x00107400... (60 %)
Writing at 0x00107800... (60 %)
Writing at 0x00107c00... (60 %)
Writing at 0x00108000... (60 %)
Writing at 0x00108400... (60 %)
Writing at 0x00108800... (60 %)
Writing at 0x00108c00... (60 %)
Writing at 0x00109000... (60 %)
Writing at 0x00109400... (60 %)
Writing at 0x00109800... (60 %)
Writing at 0x00109c00... (61 %)
Writing at 0x0010a000... (61 %)
Writing at 0x0010a400... (61 %)
Writing at 0x0010a800... (61 %)
Writing at 0x0010ac00... (61 %)
Writing at 0x0010b000... (61 %)
Writing at 0x0010b400... (61 %)
Writing at 0x0010b800... (61 %)
Writing at 0x0010bc00... (61 %)
Writing at 0x0010c000... (61 %)
Writing at 0x0010c400... (61 %)

Lost connection, retrying...
Waiting for the chip to reconnect....
Connecting...

A serial exception error occurred: Could not configure port: (6, 'Device not configured')
Note: This error originates from pySerial. It is likely not a problem with esptool, but with the hardware connection or drivers.
For troubleshooting steps visit: https://docs.espressif.com/projects/esptool/en/latest/troubleshooting.html
