esptool.py v4.12.0
Serial port /dev/cu.usbmodem101
Connecting...
Chip is ESP32-S3 (QFN56) (revision v0.2)
Features: WiFi, BLE, Embedded PSRAM 8MB (AP_3v3)
Crystal is 40MHz
USB mode: USB-Serial/JTAG
MAC: 28:84:85:a4:ef:1c
Enabling default SPI flash mode...
Configuring flash size...
Flash will be erased from 0x00010000 to 0x001a9fff...
Erasing flash...
Took 1.57s to erase flash block
Writing at 0x00010000... (0 %)
Writing at 0x00010400... (0 %)
Writing at 0x00010800... (0 %)
Writing at 0x00010c00... (0 %)
Writing at 0x00011000... (0 %)
Writing at 0x00011400... (0 %)
Writing at 0x00011800... (0 %)
Writing at 0x00011c00... (0 %)
Writing at 0x00012000... (0 %)
Writing at 0x00012400... (0 %)
Writing at 0x00012800... (0 %)
Writing at 0x00012c00... (0 %)
Writing at 0x00013000... (0 %)
Writing at 0x00013400... (0 %)
Writing at 0x00013800... (0 %)
Writing at 0x00013c00... (0 %)
Writing at 0x00014000... (1 %)
Writing at 0x00014400... (1 %)
Writing at 0x00014800... (1 %)
Writing at 0x00014c00... (1 %)
Writing at 0x00015000... (1 %)
Writing at 0x00015400... (1 %)
Writing at 0x00015800... (1 %)
Writing at 0x00015c00... (1 %)
Writing at 0x00016000... (1 %)
Writing at 0x00016400... (1 %)

Lost connection, retrying...
Waiting for the chip to reconnect....
Connecting....

A serial exception error occurred: Could not configure port: (6, 'Device not configured')
Note: This error originates from pySerial. It is likely not a problem with esptool, but with the hardware connection or drivers.
For troubleshooting steps visit: https://docs.espressif.com/projects/esptool/en/latest/troubleshooting.html
