Sesame Robot ESP32-S3 一键烧录
项目：/Users/mac/Desktop/1_副本/SesameV3_语音机器人项目/firmware/esp32_voice_idf
暂时停止 Gateway，释放 ESP32 串口...
加载 ESP-IDF 环境...
Activating ESP-IDF 5.5
Setting IDF_PATH to '/Users/mac/.espressif/frameworks/esp-idf-v5.5.4'.
* Checking python version ... 3.9.6
* Checking python dependencies ... OK
* Deactivating the current ESP-IDF environment (if any) ... OK
* Establishing a new ESP-IDF environment ... OK
* Identifying shell ... zsh
* Detecting outdated tools in system ... OK - no outdated tools found
* Shell completion ... Autocompletion code generated
开始构建并以稳定的 115200 波特率烧录。请不要拔掉 USB，也不要按住 BOOT。
Executing action: all (aliases: build)
Running ninja in directory /Users/mac/Desktop/1_副本/SesameV3_语音机器人项目/firmware/esp32_voice_idf/build-p1
Executing "ninja all"...
[1/11] Performing build step for 'bootloader'
[1/1] cd /Users/mac/Desktop/1_副本/SesameV3_语音机器人项目/firmware/esp32_voice_idf/build-p1/bootloader/esp-idf/esptool_py && /Users/mac/.espressif/python_env/idf5.5_py3.9_env/bin/python /Users/mac/.espressif/frameworks/esp-idf-v5.5.4/components/partition_table/check_sizes.py --offset 0x8000 bootloader 0x0 /Users/mac/Desktop/1_副本/SesameV3_语音机器人项目/firmware/esp32_voice_idf/build-p1/bootloader/bootloader.bin
Bootloader binary size 0x5160 bytes. 0x2ea0 bytes (36%) free.
[2/11] No install step for 'bootloader'
[3/11] Completed 'bootloader'
[4/11] Building CXX object esp-idf/sesame_robot/CMakeFiles/__idf_sesame_robot.dir/esp32_servo_driver.cpp.obj
[5/11] Linking C static library esp-idf/sesame_robot/libsesame_robot.a
[6/11] Building CXX object esp-idf/sesame_web/CMakeFiles/__idf_sesame_web.dir/legacy_motion_runner.cpp.obj
[7/11] Linking C static library esp-idf/sesame_web/libsesame_web.a
[8/11] Generating esp-idf/esp_system/ld/sections.ld
[9/11] Linking CXX executable sesame_robot_v3.elf
[10/11] Generating binary image from built executable
esptool.py v4.12.0
Creating esp32s3 image...
Merged 2 ELF sections
Successfully created esp32s3 image.
Generated /Users/mac/Desktop/1_副本/SesameV3_语音机器人项目/firmware/esp32_voice_idf/build-p1/sesame_robot_v3.bin
[11/11] cd /Users/mac/Desktop/1_副本/SesameV3_语音机器人项目/firmware/esp32_voice_idf/build-p1/esp-idf/esptool_py && /Users/mac/.espressif/python_env/idf5.5_py3.9_env/bin/python /Users/mac/.espressif/frameworks/esp-idf-v5.5.4/components/partition_table/check_sizes.py --offset 0x8000 partition --type app /Users/mac/Desktop/1_副本/SesameV3_语音机器人项目/firmware/esp32_voice_idf/build-p1/partition_table/partition-table.bin /Users/mac/Desktop/1_副本/SesameV3_语音机器人项目/firmware/esp32_voice_idf/build-p1/sesame_robot_v3.bin
sesame_robot_v3.bin binary size 0x1b0e10 bytes. Smallest app partition is 0x400000 bytes. 0x24f1f0 bytes (58%) free.
Executing action: flash
Running ninja in directory /Users/mac/Desktop/1_副本/SesameV3_语音机器人项目/firmware/esp32_voice_idf/build-p1
Executing "ninja flash"...
[1/5] cd /Users/mac/Desktop/1_副本/SesameV3_语音机器人项目/firmware/esp32_voice_idf/build-p1/esp-idf/esptool_py && /Users/mac/.espressif/python_env/idf5.5_py3.9_env/bin/python /Users/mac/.espressif/frameworks/esp-idf-v5.5.4/components/partition_table/check_sizes.py --offset 0x8000 partition --type app /Users/mac/Desktop/1_副本/SesameV3_语音机器人项目/firmware/esp32_voice_idf/build-p1/partition_table/partition-table.bin /Users/mac/Desktop/1_副本/SesameV3_语音机器人项目/firmware/esp32_voice_idf/build-p1/sesame_robot_v3.bin
sesame_robot_v3.bin binary size 0x1b0e10 bytes. Smallest app partition is 0x400000 bytes. 0x24f1f0 bytes (58%) free.
[2/5] Performing build step for 'bootloader'
[1/1] cd /Users/mac/Desktop/1_副本/SesameV3_语音机器人项目/firmware/esp32_voice_idf/build-p1/bootloader/esp-idf/esptool_py && /Users/mac/.espressif/python_env/idf5.5_py3.9_env/bin/python /Users/mac/.espressif/frameworks/esp-idf-v5.5.4/components/partition_table/check_sizes.py --offset 0x8000 bootloader 0x0 /Users/mac/Desktop/1_副本/SesameV3_语音机器人项目/firmware/esp32_voice_idf/build-p1/bootloader/bootloader.bin
Bootloader binary size 0x5160 bytes. 0x2ea0 bytes (36%) free.
[3/5] No install step for 'bootloader'
[4/5] Completed 'bootloader'
[4/5] cd /Users/mac/.espressif/frameworks/esp-idf-v5.5.4/components/esptool_py && /opt/homebrew/bin/cmake -D IDF_PATH=/Users/mac/.espressif/frameworks/esp-idf-v5.5.4 -D "SERIAL_TOOL=/Users/mac/.espressif/python_env/idf5.5_py3.9_env/bin/python;;/Users/mac/.espressif/frameworks/esp-idf-v5.5.4/components/esptool_py/esptool/esptool.py;--chip;esp32s3" -D "SERIAL_TOOL_ARGS=--before=default_reset;--after=hard_reset;write_flash;@flash_args" -D WORKING_DIRECTORY=/Users/mac/Desktop/1_副本/SesameV3_语音机器人项目/firmware/esp32_voice_idf/build-p1 -P /Users/mac/.espressif/frameworks/esp-idf-v5.5.4/components/esptool_py/run_serial_tool.cmake
esptool.py --chip esp32s3 -p /dev/cu.usbmodem101 -b 115200 --before=default_reset --after=hard_reset write_flash --flash_mode dio --flash_freq 80m --flash_size 16MB 0x0 bootloader/bootloader.bin 0x10000 sesame_robot_v3.bin 0x8000 partition_table/partition-table.bin 0x410000 srmodels/srmodels.bin
esptool.py v4.12.0
Serial port /dev/cu.usbmodem101
Connecting...
Chip is ESP32-S3 (QFN56) (revision v0.2)
Features: WiFi, BLE, Embedded PSRAM 8MB (AP_3v3)
Crystal is 40MHz
USB mode: USB-Serial/JTAG
MAC: 28:84:85:a4:ef:1c
Uploading stub...
Running stub...
Stub running...
Configuring flash size...
Flash will be erased from 0x00000000 to 0x00005fff...
Flash will be erased from 0x00010000 to 0x001c0fff...
Flash will be erased from 0x00008000 to 0x00008fff...
Flash will be erased from 0x00410000 to 0x00457fff...
SHA digest in image updated
Compressed 20832 bytes to 13353...
Writing at 0x00000000... (100 %)
Wrote 20832 bytes (13353 compressed) at 0x00000000 in 0.2 seconds (effective 768.8 kbit/s)...
Hash of data verified.
Compressed 1773072 bytes to 1021754...
Writing at 0x00010000... (1 %)
Writing at 0x0001ccd1... (3 %)
Writing at 0x0002aa0d... (4 %)
Writing at 0x00031a40... (6 %)
Writing at 0x0003b187... (7 %)
Writing at 0x0004cbe6... (9 %)
Writing at 0x00054c3c... (11 %)
Writing at 0x0005e050... (12 %)
Writing at 0x00065867... (14 %)
Writing at 0x0006c408... (15 %)
Writing at 0x0007197c... (17 %)
Writing at 0x0007696c... (19 %)
Writing at 0x0007bc58... (20 %)
Writing at 0x0008097b... (22 %)
Writing at 0x00085e52... (23 %)
Writing at 0x0008aec3... (25 %)
Writing at 0x0008fee9... (26 %)
Writing at 0x00095860... (28 %)
Writing at 0x0009c08c... (30 %)
Writing at 0x000a214c... (31 %)
Writing at 0x000a7bee... (33 %)
Writing at 0x000acf58... (34 %)
Writing at 0x000b2f86... (36 %)
Writing at 0x000ba2c1... (38 %)
Writing at 0x000d0702... (39 %)
Writing at 0x000dd9d1... (41 %)
Writing at 0x000e68c1... (42 %)
Writing at 0x000ec52c... (44 %)
Writing at 0x000f2883... (46 %)
Writing at 0x000f8d00... (47 %)
Writing at 0x000fe715... (49 %)
Writing at 0x001044d1... (50 %)
Writing at 0x0010a3af... (52 %)
Writing at 0x00110650... (53 %)
Writing at 0x0011659e... (55 %)
Writing at 0x0011c9a1... (57 %)
Writing at 0x00122f59... (58 %)
Writing at 0x00128a89... (60 %)
Writing at 0x0012e755... (61 %)
Writing at 0x001349b9... (63 %)
Writing at 0x0013aa06... (65 %)
Writing at 0x00140125... (66 %)
Writing at 0x001452d7... (68 %)
Writing at 0x0014a7a1... (69 %)
Writing at 0x00150061... (71 %)
Writing at 0x0015563e... (73 %)
Writing at 0x0015a986... (74 %)
Writing at 0x0015ff39... (76 %)
Writing at 0x00165d71... (77 %)
Writing at 0x0016b8f8... (79 %)
Writing at 0x001715bb... (80 %)
Writing at 0x0017735f... (82 %)
Writing at 0x0017c97a... (84 %)
Writing at 0x001824d0... (85 %)
Writing at 0x001888a8... (87 %)
Writing at 0x00190bc0... (88 %)
Writing at 0x001993ff... (90 %)
Writing at 0x0019f26e... (92 %)
Writing at 0x001a6790... (93 %)
Writing at 0x001acbc0... (95 %)
Writing at 0x001b2d77... (96 %)
Writing at 0x001b942d... (98 %)
Writing at 0x001be45f... (100 %)
Wrote 1773072 bytes (1021754 compressed) at 0x00010000 in 9.1 seconds (effective 1555.4 kbit/s)...
Hash of data verified.
Compressed 3072 bytes to 133...
Writing at 0x00008000... (100 %)
Wrote 3072 bytes (133 compressed) at 0x00008000 in 0.0 seconds (effective 1008.7 kbit/s)...
Hash of data verified.
Compressed 291044 bytes to 229156...
Writing at 0x00410000... (7 %)
Writing at 0x00414d17... (14 %)
Writing at 0x0041a338... (21 %)
Writing at 0x0041f1d6... (28 %)
Writing at 0x004235f0... (35 %)
Writing at 0x004282f4... (42 %)
Writing at 0x0042d9d7... (50 %)
Writing at 0x00432c2a... (57 %)
Writing at 0x004386cb... (64 %)
Writing at 0x0043e216... (71 %)
Writing at 0x00443518... (78 %)
Writing at 0x00447b43... (85 %)
Writing at 0x0044c96e... (92 %)
Writing at 0x0045254c... (100 %)
Wrote 291044 bytes (229156 compressed) at 0x00410000 in 1.7 seconds (effective 1386.8 kbit/s)...
Hash of data verified.

Leaving...
Hard resetting via RTS pin...
Done
烧录完成：ESP32 已自动重启。
等待 Gateway 重连后，按 BOOT 一次开始录音、再按一次结束。
恢复电脑 Voice Gateway...
Gateway 已重新启动。
Sesame Robot ESP32-S3 一键烧录
项目：/Users/mac/Desktop/1_副本/SesameV3_语音机器人项目/firmware/esp32_voice_idf
暂时停止 Gateway，释放 ESP32 串口...
加载 ESP-IDF 环境...
Activating ESP-IDF 5.5
Setting IDF_PATH to '/Users/mac/.espressif/frameworks/esp-idf-v5.5.4'.
* Checking python version ... 3.9.6
* Checking python dependencies ... OK
* Deactivating the current ESP-IDF environment (if any) ... OK
* Establishing a new ESP-IDF environment ... OK
* Identifying shell ... zsh
* Detecting outdated tools in system ... OK - no outdated tools found
* Shell completion ... Autocompletion code generated
开始构建并以稳定的 115200 波特率烧录。请不要拔掉 USB，也不要按住 BOOT。
Executing action: all (aliases: build)
Running ninja in directory /Users/mac/Desktop/1_副本/SesameV3_语音机器人项目/firmware/esp32_voice_idf/build-p1
Executing "ninja all"...
[1/9] Performing build step for 'bootloader'
[1/1] cd /Users/mac/Desktop/1_副本/SesameV3_语音机器人项目/firmware/esp32_voice_idf/build-p1/bootloader/esp-idf/esptool_py && /Users/mac/.espressif/python_env/idf5.5_py3.9_env/bin/python /Users/mac/.espressif/frameworks/esp-idf-v5.5.4/components/partition_table/check_sizes.py --offset 0x8000 bootloader 0x0 /Users/mac/Desktop/1_副本/SesameV3_语音机器人项目/firmware/esp32_voice_idf/build-p1/bootloader/bootloader.bin
Bootloader binary size 0x5160 bytes. 0x2ea0 bytes (36%) free.
[2/9] No install step for 'bootloader'
[3/9] Completed 'bootloader'
[4/9] Building CXX object esp-idf/sesame_web/CMakeFiles/__idf_sesame_web.dir/legacy_motion_runner.cpp.obj
[5/9] Linking C static library esp-idf/sesame_web/libsesame_web.a
[6/9] Generating esp-idf/esp_system/ld/sections.ld
[7/9] Linking CXX executable sesame_robot_v3.elf
[8/9] Generating binary image from built executable
esptool.py v4.12.0
Creating esp32s3 image...
Merged 2 ELF sections
Successfully created esp32s3 image.
Generated /Users/mac/Desktop/1_副本/SesameV3_语音机器人项目/firmware/esp32_voice_idf/build-p1/sesame_robot_v3.bin
[9/9] cd /Users/mac/Desktop/1_副本/SesameV3_语音机器人项目/firmware/esp32_voice_idf/build-p1/esp-idf/esptool_py && /Users/mac/.espressif/python_env/idf5.5_py3.9_env/bin/python /Users/mac/.espressif/frameworks/esp-idf-v5.5.4/components/partition_table/check_sizes.py --offset 0x8000 partition --type app /Users/mac/Desktop/1_副本/SesameV3_语音机器人项目/firmware/esp32_voice_idf/build-p1/partition_table/partition-table.bin /Users/mac/Desktop/1_副本/SesameV3_语音机器人项目/firmware/esp32_voice_idf/build-p1/sesame_robot_v3.bin
sesame_robot_v3.bin binary size 0x1b0e10 bytes. Smallest app partition is 0x400000 bytes. 0x24f1f0 bytes (58%) free.
Executing action: flash
Running ninja in directory /Users/mac/Desktop/1_副本/SesameV3_语音机器人项目/firmware/esp32_voice_idf/build-p1
Executing "ninja flash"...
[1/5] cd /Users/mac/Desktop/1_副本/SesameV3_语音机器人项目/firmware/esp32_voice_idf/build-p1/esp-idf/esptool_py && /Users/mac/.espressif/python_env/idf5.5_py3.9_env/bin/python /Users/mac/.espressif/frameworks/esp-idf-v5.5.4/components/partition_table/check_sizes.py --offset 0x8000 partition --type app /Users/mac/Desktop/1_副本/SesameV3_语音机器人项目/firmware/esp32_voice_idf/build-p1/partition_table/partition-table.bin /Users/mac/Desktop/1_副本/SesameV3_语音机器人项目/firmware/esp32_voice_idf/build-p1/sesame_robot_v3.bin
sesame_robot_v3.bin binary size 0x1b0e10 bytes. Smallest app partition is 0x400000 bytes. 0x24f1f0 bytes (58%) free.
[2/5] Performing build step for 'bootloader'
[1/1] cd /Users/mac/Desktop/1_副本/SesameV3_语音机器人项目/firmware/esp32_voice_idf/build-p1/bootloader/esp-idf/esptool_py && /Users/mac/.espressif/python_env/idf5.5_py3.9_env/bin/python /Users/mac/.espressif/frameworks/esp-idf-v5.5.4/components/partition_table/check_sizes.py --offset 0x8000 bootloader 0x0 /Users/mac/Desktop/1_副本/SesameV3_语音机器人项目/firmware/esp32_voice_idf/build-p1/bootloader/bootloader.bin
Bootloader binary size 0x5160 bytes. 0x2ea0 bytes (36%) free.
[3/5] No install step for 'bootloader'
[4/5] Completed 'bootloader'
[4/5] cd /Users/mac/.espressif/frameworks/esp-idf-v5.5.4/components/esptool_py && /opt/homebrew/bin/cmake -D IDF_PATH=/Users/mac/.espressif/frameworks/esp-idf-v5.5.4 -D "SERIAL_TOOL=/Users/mac/.espressif/python_env/idf5.5_py3.9_env/bin/python;;/Users/mac/.espressif/frameworks/esp-idf-v5.5.4/components/esptool_py/esptool/esptool.py;--chip;esp32s3" -D "SERIAL_TOOL_ARGS=--before=default_reset;--after=hard_reset;write_flash;@flash_args" -D WORKING_DIRECTORY=/Users/mac/Desktop/1_副本/SesameV3_语音机器人项目/firmware/esp32_voice_idf/build-p1 -P /Users/mac/.espressif/frameworks/esp-idf-v5.5.4/components/esptool_py/run_serial_tool.cmake
esptool.py --chip esp32s3 -p /dev/cu.usbmodem101 -b 115200 --before=default_reset --after=hard_reset write_flash --flash_mode dio --flash_freq 80m --flash_size 16MB 0x0 bootloader/bootloader.bin 0x10000 sesame_robot_v3.bin 0x8000 partition_table/partition-table.bin 0x410000 srmodels/srmodels.bin
esptool.py v4.12.0
Serial port /dev/cu.usbmodem101
Connecting...
Chip is ESP32-S3 (QFN56) (revision v0.2)
Features: WiFi, BLE, Embedded PSRAM 8MB (AP_3v3)
Crystal is 40MHz
USB mode: USB-Serial/JTAG
MAC: 28:84:85:a4:ef:1c
Uploading stub...
Running stub...
Stub running...
Configuring flash size...
Flash will be erased from 0x00000000 to 0x00005fff...
Flash will be erased from 0x00010000 to 0x001c0fff...
Flash will be erased from 0x00008000 to 0x00008fff...
Flash will be erased from 0x00410000 to 0x00457fff...
SHA digest in image updated
Compressed 20832 bytes to 13353...
Writing at 0x00000000... (100 %)
Wrote 20832 bytes (13353 compressed) at 0x00000000 in 0.2 seconds (effective 762.2 kbit/s)...
Hash of data verified.
Compressed 1773072 bytes to 1021754...
Writing at 0x00010000... (1 %)
Writing at 0x0001ccd1... (3 %)
Writing at 0x0002aa0d... (4 %)
Writing at 0x00031a40... (6 %)
Writing at 0x0003b187... (7 %)
Writing at 0x0004cbe6... (9 %)
Writing at 0x00054c3c... (11 %)
Writing at 0x0005e050... (12 %)
Writing at 0x00065867... (14 %)
Writing at 0x0006c408... (15 %)
Writing at 0x0007197c... (17 %)
Writing at 0x0007696c... (19 %)
Writing at 0x0007bc58... (20 %)
Writing at 0x0008097b... (22 %)
Writing at 0x00085e52... (23 %)
Writing at 0x0008aec3... (25 %)
Writing at 0x0008fee9... (26 %)
Writing at 0x00095860... (28 %)
Writing at 0x0009c08c... (30 %)
Writing at 0x000a214c... (31 %)
Writing at 0x000a7bee... (33 %)
Writing at 0x000acf58... (34 %)
Writing at 0x000b2f86... (36 %)
Writing at 0x000ba2c1... (38 %)
Writing at 0x000d0702... (39 %)
Writing at 0x000dd9d1... (41 %)
Writing at 0x000e68c1... (42 %)
Writing at 0x000ec52c... (44 %)
Writing at 0x000f2883... (46 %)
Writing at 0x000f8d00... (47 %)
Writing at 0x000fe715... (49 %)
Writing at 0x001044d1... (50 %)
Writing at 0x0010a3af... (52 %)
Writing at 0x00110650... (53 %)
Writing at 0x0011659e... (55 %)
Writing at 0x0011c9a1... (57 %)
Writing at 0x00122f59... (58 %)
Writing at 0x00128a89... (60 %)
Writing at 0x0012e755... (61 %)
Writing at 0x001349b9... (63 %)
Writing at 0x0013aa06... (65 %)
Writing at 0x00140125... (66 %)
Writing at 0x001452d7... (68 %)
Writing at 0x0014a7a1... (69 %)
Writing at 0x00150061... (71 %)
Writing at 0x0015563e... (73 %)
Writing at 0x0015a986... (74 %)
Writing at 0x0015ff39... (76 %)
Writing at 0x00165d71... (77 %)
Writing at 0x0016b8f8... (79 %)
Writing at 0x001715bb... (80 %)
Writing at 0x0017735f... (82 %)
Writing at 0x0017c97a... (84 %)
Writing at 0x001824d0... (85 %)
Writing at 0x001888a8... (87 %)
Writing at 0x00190bc0... (88 %)
Writing at 0x001993ff... (90 %)
Writing at 0x0019f26e... (92 %)
Writing at 0x001a6790... (93 %)
Writing at 0x001acbc0... (95 %)
Writing at 0x001b2d77... (96 %)
Writing at 0x001b942d... (98 %)
Writing at 0x001be45f... (100 %)
Wrote 1773072 bytes (1021754 compressed) at 0x00010000 in 9.1 seconds (effective 1555.8 kbit/s)...
Hash of data verified.
Compressed 3072 bytes to 133...
Writing at 0x00008000... (100 %)
Wrote 3072 bytes (133 compressed) at 0x00008000 in 0.0 seconds (effective 1009.2 kbit/s)...
Hash of data verified.
Compressed 291044 bytes to 229156...
Writing at 0x00410000... (7 %)
Writing at 0x00414d17... (14 %)
Writing at 0x0041a338... (21 %)
Writing at 0x0041f1d6... (28 %)
Writing at 0x004235f0... (35 %)
Writing at 0x004282f4... (42 %)
Writing at 0x0042d9d7... (50 %)
Writing at 0x00432c2a... (57 %)
Writing at 0x004386cb... (64 %)
Writing at 0x0043e216... (71 %)
Writing at 0x00443518... (78 %)
Writing at 0x00447b43... (85 %)
Writing at 0x0044c96e... (92 %)
Writing at 0x0045254c... (100 %)
Wrote 291044 bytes (229156 compressed) at 0x00410000 in 1.7 seconds (effective 1384.1 kbit/s)...
Hash of data verified.

Leaving...
Hard resetting via RTS pin...
Done
烧录完成：ESP32 已自动重启。
等待 Gateway 重连后，按 BOOT 一次开始录音、再按一次结束。
恢复电脑 Voice Gateway...
Gateway 已重新启动。
